config.json 3311 0.03
model-00001-of-00048.safetensors 970533624 0.45
model-00002-of-00048.safetensors 1323858272 1.01
model-00003-of-00048.safetensors 7389759032 4.63
model-00004-of-00048.safetensors 7389759032 7.81
model-00005-of-00048.safetensors 7405953784 11.01
model-00006-of-00048.safetensors 7389759032 14.18
model-00007-of-00048.safetensors 7389759032 17.37
model-00008-of-00048.safetensors 7389759032 20.56
model-00009-of-00048.safetensors 7389759032 23.75
model-00010-of-00048.safetensors 7389759032 26.96
model-00011-of-00048.safetensors 7405953784 30.14
model-00012-of-00048.safetensors 7389759032 33.32
model-00013-of-00048.safetensors 7389761368 36.5
model-00014-of-00048.safetensors 7389761368 39.69
model-00015-of-00048.safetensors 7389761368 42.87
model-00016-of-00048.safetensors 7389761368 46.07
model-00017-of-00048.safetensors 7405956128 49.25
model-00018-of-00048.safetensors 7389761368 52.78
model-00019-of-00048.safetensors 7389761368 55.98
model-00020-of-00048.safetensors 7389761368 59.16
model-00021-of-00048.safetensors 7389761368 62.35
model-00022-of-00048.safetensors 7389761368 65.53
model-00023-of-00048.safetensors 7400713088 68.71
model-00024-of-00048.safetensors 7389761368 71.91
model-00025-of-00048.safetensors 7389761368 75.09
model-00026-of-00048.safetensors 7389761368 78.88
model-00027-of-00048.safetensors 7395337384 82.07
model-00028-of-00048.safetensors 7389761368 85.25
model-00029-of-00048.safetensors 7389761368 88.44
model-00030-of-00048.safetensors 7389761368 91.61
model-00031-of-00048.safetensors 7395337384 94.8
model-00032-of-00048.safetensors 7389761368 97.99
model-00033-of-00048.safetensors 7389761368 101.18
model-00034-of-00048.safetensors 7389761368 104.96
model-00035-of-00048.safetensors 7395337384 108.14
model-00036-of-00048.safetensors 7389761368 111.33
model-00037-of-00048.safetensors 7389761368 114.52
model-00038-of-00048.safetensors 7389761368 117.69
model-00039-of-00048.safetensors 7395337384 120.87
model-00040-of-00048.safetensors 7389761368 124.07
model-00041-of-00048.safetensors 7389761368 127.25
model-00042-of-00048.safetensors 7389761368 131.07
model-00043-of-00048.safetensors 1323837624 131.63
model-00044-of-00048.safetensors 2652728736 133.01
model-00045-of-00048.safetensors 2573998176 134.35
model-00046-of-00048.safetensors 2706402896 135.77
model-00047-of-00048.safetensors 101535150936 187.97
model-00048-of-00048.safetensors 101537926640 240.39
model.safetensors.index.json 7470294 240.4
tokenizer.json 6367257 240.4
tokenizer_config.json 801 240.4
