{
  "status": "PASS",
  "structural_only": true,
  "cache_frontiers": [
    2048,
    2048,
    2048,
    2048,
    2048,
    2048,
    2048,
    2048,
    2048,
    2048,
    2048,
    2048,
    2048,
    2048,
    2048,
    2048,
    2048,
    2048,
    2048,
    2048,
    2048,
    2048,
    2048,
    2048,
    2048,
    2048,
    2048,
    2048,
    2048,
    2048,
    2048,
    2048,
    2048,
    2048,
    2048,
    2048,
    2048,
    2048,
    2048,
    2048
  ],
  "layer20_cache2": {
    "shape": [
      1,
      2048,
      288
    ],
    "dtype": "mlx.core.uint8"
  },
  "layer20_cache3": {
    "shape": [
      1,
      2048,
      68
    ],
    "dtype": "mlx.core.uint8"
  },
  "layer20_compressor_pending": [
    {
      "shape": [
        1,
        0,
        512
      ],
      "dtype": "mlx.core.bfloat16"
    },
    {
      "shape": [
        1,
        0,
        512
      ],
      "dtype": "mlx.core.bfloat16"
    }
  ],
  "window_cache_geometry": [
    {
      "shape": [
        1,
        128,
        528
      ],
      "dtype": "mlx.core.uint8"
    },
    {
      "shape": [
        1,
        128,
        528
      ],
      "dtype": "mlx.core.uint8"
    },
    {
      "shape": [
        1,
        128,
        528
      ],
      "dtype": "mlx.core.uint8"
    },
    {
      "shape": [
        1,
        128,
        528
      ],
      "dtype": "mlx.core.uint8"
    },
    {
      "shape": [
        1,
        128,
        528
      ],
      "dtype": "mlx.core.uint8"
    },
    {
      "shape": [
        1,
        128,
        528
      ],
      "dtype": "mlx.core.uint8"
    },
    {
      "shape": [
        1,
        128,
        528
      ],
      "dtype": "mlx.core.uint8"
    },
    {
      "shape": [
        1,
        128,
        528
      ],
      "dtype": "mlx.core.uint8"
    },
    {
      "shape": [
        1,
        128,
        528
      ],
      "dtype": "mlx.core.uint8"
    },
    {
      "shape": [
        1,
        128,
        528
      ],
      "dtype": "mlx.core.uint8"
    },
    {
      "shape": [
        1,
        128,
        528
      ],
      "dtype": "mlx.core.uint8"
    },
    {
      "shape": [
        1,
        128,
        528
      ],
      "dtype": "mlx.core.uint8"
    },
    {
      "shape": [
        1,
        128,
        528
      ],
      "dtype": "mlx.core.uint8"
    },
    {
      "shape": [
        1,
        128,
        528
      ],
      "dtype": "mlx.core.uint8"
    },
    {
      "shape": [
        1,
        128,
        528
      ],
      "dtype": "mlx.core.uint8"
    },
    {
      "shape": [
        1,
        128,
        528
      ],
      "dtype": "mlx.core.uint8"
    },
    {
      "shape": [
        1,
        128,
        528
      ],
      "dtype": "mlx.core.uint8"
    },
    {
      "shape": [
        1,
        128,
        528
      ],
      "dtype": "mlx.core.uint8"
    },
    {
      "shape": [
        1,
        128,
        528
      ],
      "dtype": "mlx.core.uint8"
    },
    {
      "shape": [
        1,
        128,
        528
      ],
      "dtype": "mlx.core.uint8"
    },
    {
      "shape": [
        1,
        128,
        528
      ],
      "dtype": "mlx.core.uint8"
    },
    {
      "shape": [
        1,
        128,
        528
      ],
      "dtype": "mlx.core.uint8"
    },
    {
      "shape": [
        1,
        128,
        528
      ],
      "dtype": "mlx.core.uint8"
    },
    {
      "shape": [
        1,
        128,
        528
      ],
      "dtype": "mlx.core.uint8"
    },
    {
      "shape": [
        1,
        128,
        528
      ],
      "dtype": "mlx.core.uint8"
    },
    {
      "shape": [
        1,
        128,
        528
      ],
      "dtype": "mlx.core.uint8"
    },
    {
      "shape": [
        1,
        128,
        528
      ],
      "dtype": "mlx.core.uint8"
    },
    {
      "shape": [
        1,
        128,
        528
      ],
      "dtype": "mlx.core.uint8"
    },
    {
      "shape": [
        1,
        128,
        528
      ],
      "dtype": "mlx.core.uint8"
    },
    {
      "shape": [
        1,
        128,
        528
      ],
      "dtype": "mlx.core.uint8"
    },
    {
      "shape": [
        1,
        128,
        528
      ],
      "dtype": "mlx.core.uint8"
    },
    {
      "shape": [
        1,
        128,
        528
      ],
      "dtype": "mlx.core.uint8"
    },
    {
      "shape": [
        1,
        128,
        528
      ],
      "dtype": "mlx.core.uint8"
    },
    {
      "shape": [
        1,
        128,
        528
      ],
      "dtype": "mlx.core.uint8"
    },
    {
      "shape": [
        1,
        128,
        528
      ],
      "dtype": "mlx.core.uint8"
    },
    {
      "shape": [
        1,
        128,
        528
      ],
      "dtype": "mlx.core.uint8"
    },
    {
      "shape": [
        1,
        128,
        528
      ],
      "dtype": "mlx.core.uint8"
    },
    {
      "shape": [
        1,
        128,
        528
      ],
      "dtype": "mlx.core.uint8"
    },
    {
      "shape": [
        1,
        128,
        528
      ],
      "dtype": "mlx.core.uint8"
    },
    {
      "shape": [
        1,
        128,
        528
      ],
      "dtype": "mlx.core.uint8"
    }
  ],
  "full_source_generation_count": 0,
  "PrefillContinuationState_export_count": 0,
  "full_cache_repack_count": 0
}
