0.0s loading admitted checkpoint
314.4s independent OFF oracles complete
315.5s cycle 0 accepted 8 PASS
315.8s cycle 1 accepted 4 PASS
316.1s cycle 2 accepted 1 PASS
316.4s cycle 3 accepted 0 PASS
316.7s cycle 4 accepted 6 PASS
317.8s arbitrary prefix 1 PASS
318.8s arbitrary prefix 2 PASS
319.8s arbitrary prefix 3 PASS
320.8s arbitrary prefix 4 PASS
321.8s arbitrary prefix 5 PASS
322.8s arbitrary prefix 6 PASS
323.8s arbitrary prefix 7 PASS
324.8s cancel after materialization=False PASS
325.8s cancel after materialization=True PASS
326.8s fault materialize-before/-1/-1 PASS
327.8s fault materialize-after/-1/-1 PASS
328.8s fault materialize-state/19/-1 PASS
329.8s fault prepare/19/-1 PASS
330.8s fault publish/0/0 PASS
331.8s fault publish/0/1 PASS
332.8s fault publish/2/2 PASS
333.8s fault publish/2/3 PASS
334.8s fault publish/2/4 PASS
335.8s fault publish/2/5 PASS
336.8s fault publish/0/6 PASS
337.8s fault publish/39/lengths PASS
338.8s fault publish/39/left_padding PASS
339.8s fault publication-boundary/-1/-1 PASS
340.8s fault owner-publication/-1/-1 PASS
345.5s matched M50 OFF state/performance regression PASS
347.9s width 2 every prefix PASS
351.3s width 3 every prefix PASS
355.7s width 4 every prefix PASS
361.2s width 5 every prefix PASS
367.9s width 6 every prefix PASS
375.7s width 7 every prefix PASS
375.7s checkpoint qualification PASS; see separate physical prefix/storage audit
