0.0s loading admitted checkpoint
320.1s independent OFF oracles complete
321.1s cycle 0 accepted 6 PASS
321.3s cycle 1 accepted 3 PASS
321.6s cycle 2 accepted 1 PASS
321.8s cycle 3 accepted 0 PASS
322.1s cycle 4 accepted 6 PASS
323.1s arbitrary prefix 1 PASS
324.0s arbitrary prefix 2 PASS
324.9s arbitrary prefix 3 PASS
325.9s arbitrary prefix 4 PASS
326.8s arbitrary prefix 5 PASS
327.8s cancel after materialization=False PASS
328.7s cancel after materialization=True PASS
329.6s fault materialize-before/-1/-1 PASS
330.6s fault materialize-after/-1/-1 PASS
331.5s fault materialize-state/19/-1 PASS
332.4s fault prepare/19/-1 PASS
333.3s fault publish/0/0 PASS
334.3s fault publish/0/1 PASS
335.2s fault publish/2/2 PASS
336.1s fault publish/2/3 PASS
337.1s fault publish/2/4 PASS
338.0s fault publish/2/5 PASS
338.9s fault publish/0/6 PASS
339.9s fault publish/39/lengths PASS
340.8s fault publish/39/left_padding PASS
341.7s fault publication-boundary/-1/-1 PASS
342.7s fault owner-publication/-1/-1 PASS
Traceback (most recent call last):
  File "<frozen runpy>", line 203, in _run_module_as_main
  File "<frozen runpy>", line 88, in _run_code
  File "/Volumes/SDXC-512/ds41f-mlx/tools/probe_m51_accepted_prefix.py", line 408, in <module>
    main()
    ~~~~^^
  File "/Volumes/SDXC-512/ds41f-mlx/tools/probe_m51_accepted_prefix.py", line 363, in main
    tx.execute(mx.array([tokens[j % 8]], mx.int32), cache, len(ids) + j,
                         ~~~~~~^^^^^^^
IndexError: list index out of range
