0.0s loading admitted checkpoint
330.8s independent OFF oracles complete
339.2s cycle 0 accepted 8 PASS
339.5s cycle 1 accepted 4 PASS
339.8s cycle 2 accepted 1 PASS
340.1s cycle 3 accepted 0 PASS
340.4s cycle 4 accepted 6 PASS
348.8s arbitrary prefix 1 PASS
357.2s arbitrary prefix 2 PASS
365.5s arbitrary prefix 3 PASS
373.9s arbitrary prefix 4 PASS
382.2s arbitrary prefix 5 PASS
390.6s arbitrary prefix 6 PASS
398.9s arbitrary prefix 7 PASS
407.3s cancel after materialization=False PASS
415.7s cancel after materialization=True PASS
424.0s fault materialize-before/-1/-1 PASS
432.3s fault materialize-after/-1/-1 PASS
440.7s fault materialize-state/19/-1 PASS
449.0s fault prepare/19/-1 PASS
457.4s fault publish/0/0 PASS
465.7s fault publish/0/1 PASS
474.1s fault publish/2/2 PASS
482.4s fault publish/2/3 PASS
490.8s fault publish/2/4 PASS
499.1s fault publish/2/5 PASS
507.5s fault publish/0/6 PASS
515.8s fault publish/39/lengths PASS
524.2s fault publish/39/left_padding PASS
532.5s fault publication-boundary/-1/-1 PASS
540.9s fault owner-publication/-1/-1 PASS
560.3s matched M50 OFF state/performance regression PASS
560.3s checkpoint qualification PASS; see separate physical prefix/storage audit
