0.0s loading admitted checkpoint
328.9s independent OFF oracles complete
337.4s cycle 0 accepted 8 PASS
337.7s cycle 1 accepted 4 PASS
338.0s cycle 2 accepted 1 PASS
338.3s cycle 3 accepted 0 PASS
338.6s cycle 4 accepted 6 PASS
347.0s arbitrary prefix 1 PASS
355.4s arbitrary prefix 2 PASS
363.7s arbitrary prefix 3 PASS
372.1s arbitrary prefix 4 PASS
380.4s arbitrary prefix 5 PASS
388.8s arbitrary prefix 6 PASS
397.1s arbitrary prefix 7 PASS
405.5s cancel after materialization=False PASS
413.8s cancel after materialization=True PASS
422.1s fault materialize-before/-1/-1 PASS
430.5s fault materialize-after/-1/-1 PASS
438.8s fault materialize-state/19/-1 PASS
447.2s fault prepare/19/-1 PASS
455.5s fault publish/0/0 PASS
463.8s fault publish/0/1 PASS
472.2s fault publish/2/2 PASS
480.5s fault publish/2/3 PASS
488.9s fault publish/2/4 PASS
497.2s fault publish/2/5 PASS
505.6s fault publish/0/6 PASS
513.9s fault publish/39/lengths PASS
522.3s fault publish/39/left_padding PASS
530.6s fault publication-boundary/-1/-1 PASS
538.9s fault owner-publication/-1/-1 PASS
558.4s matched M50 OFF state/performance regression PASS
558.4s checkpoint qualification PASS; see separate physical prefix/storage audit
