0.0s loading admitted checkpoint
314.8s independent OFF oracles complete
315.9s cycle 0 accepted 6 FAIL
316.1s cycle 1 accepted 3 FAIL
316.4s cycle 2 accepted 1 FAIL
316.6s cycle 3 accepted 0 FAIL
316.9s cycle 4 accepted 6 FAIL
317.9s arbitrary prefix 1 FAIL
318.8s arbitrary prefix 2 FAIL
319.8s arbitrary prefix 3 FAIL
320.7s arbitrary prefix 4 FAIL
321.6s arbitrary prefix 5 FAIL
322.6s cancel after materialization=False PASS
323.5s cancel after materialization=True PASS
324.4s fault materialize-before/-1/-1 PASS
325.4s fault materialize-after/-1/-1 PASS
326.3s fault materialize-state/19/-1 PASS
327.2s fault prepare/19/-1 PASS
328.1s fault publish/0/0 PASS
329.1s fault publish/0/1 PASS
330.0s fault publish/2/2 PASS
330.9s fault publish/2/3 PASS
331.9s fault publish/2/4 PASS
332.8s fault publish/2/5 PASS
333.7s fault publish/0/6 PASS
334.7s fault publish/39/lengths PASS
335.6s fault publish/39/left_padding PASS
336.5s fault publication-boundary/-1/-1 PASS
337.5s fault owner-publication/-1/-1 PASS
Traceback (most recent call last):
  File "<frozen runpy>", line 203, in _run_module_as_main
  File "<frozen runpy>", line 88, in _run_code
  File "/Volumes/SDXC-512/ds41f-mlx/tools/probe_m51_accepted_prefix.py", line 408, in <module>
    main()
    ~~~~^^
  File "/Volumes/SDXC-512/ds41f-mlx/tools/probe_m51_accepted_prefix.py", line 363, in main
    tx.execute(mx.array([tokens[j % 8]], mx.int32), cache, len(ids) + j,
                         ~~~~~~^^^^^^^
IndexError: list index out of range
