0.0s loading admitted checkpoint
323.9s independent OFF oracles complete
332.1s cycle 0 accepted 8 FAIL
332.2s cycle 1 accepted 4 FAIL
332.4s cycle 2 accepted 1 FAIL
332.5s cycle 3 accepted 0 FAIL
332.7s cycle 4 accepted 6 FAIL
341.0s arbitrary prefix 1 FAIL
349.1s arbitrary prefix 2 FAIL
357.3s arbitrary prefix 3 FAIL
365.5s arbitrary prefix 4 FAIL
373.7s arbitrary prefix 5 FAIL
381.9s arbitrary prefix 6 FAIL
390.0s arbitrary prefix 7 FAIL
398.2s cancel after materialization=False PASS
406.4s cancel after materialization=True PASS
414.6s fault materialize-before/-1/-1 PASS
422.7s fault materialize-after/-1/-1 PASS
430.9s fault materialize-state/19/-1 PASS
439.1s fault prepare/19/-1 PASS
447.3s fault publish/0/0 PASS
455.4s fault publish/0/1 PASS
463.6s fault publish/2/2 PASS
471.8s fault publish/2/3 PASS
480.0s fault publish/2/4 PASS
488.1s fault publish/2/5 PASS
496.3s fault publish/0/6 PASS
504.5s fault publish/39/lengths PASS
512.7s fault publish/39/left_padding PASS
520.8s fault publication-boundary/-1/-1 PASS
529.0s fault owner-publication/-1/-1 PASS
548.4s matched M50 OFF state/performance regression PASS
Traceback (most recent call last):
  File "<frozen runpy>", line 203, in _run_module_as_main
  File "<frozen runpy>", line 88, in _run_code
  File "/Volumes/SDXC-512/ds41f-mlx/tools/probe_m51_accepted_prefix.py", line 373, in <module>
    main()
    ~~~~^^
  File "/Volumes/SDXC-512/ds41f-mlx/tools/probe_m51_accepted_prefix.py", line 357, in main
    assert not result.get('state_mismatch_cases'), 'independent OFF state oracle mismatch'
           ^^^^^^^^^^^^^^^^^^^^^^^^^^^^^^^^^^^^^^
AssertionError: independent OFF state oracle mismatch
