0.00015020801220089197 load
313.11371612500807 tool JSON
315.6159822500049 response completed
315.6178871660086 tool completion / effect authorization
315.634965958001 effect result
315.6389214160008 tool result continuation
316.6589383750106 response completed
316.6631725410116 repeated assistant generation
317.0260011660139 response completed
317.03171762501006 tool SSE
319.37615266600915 response completed
319.37663029100804 tool completion / effect authorization
319.3823372080078 effect result
319.3868997080135 tool result continuation
320.394227583005 response completed
320.39846387501166 repeated assistant generation
320.7587692080124 response completed
320.7629766660102 tool SSE
323.10422358301 response completed
323.104827416013 tool completion / effect authorization
323.11208312500094 effect result
323.1158504160121 tool result continuation
324.12131870801386 response completed
324.12473995800246 repeated assistant generation
324.48689025000203 response completed
324.4886765830015 second tool cycle
326.57468687501387 response completed
326.58014112501405 second tool result continuation
327.6038352500036 response completed
327.6085403330071 tool SSE
329.9752738750103 response completed
329.9778262910113 tool completion / effect authorization
329.98266700000386 effect result
330.0085842910048 tool result continuation
331.02604329099995 response completed
331.02865200000815 repeated assistant generation
331.3942975830141 response completed
331.4005790830124 tool pre-completion partial SSE disconnect
333.5279057910084 response completed
333.53489595800056 ordinary disconnect
334.8905175000109 response completed
334.8930571660021 ordinary re-entry / new generation
335.7650361660053 response completed
336.10520979099965 complete
