Traceback (most recent call last):
  File "/Volumes/SDXC-512/ds41f-mlx/tools/qualify_multimodal.py", line 140, in <module>
    if __name__ == '__main__': main()
                               ~~~~^^
  File "/Volumes/SDXC-512/ds41f-mlx/tools/qualify_multimodal.py", line 130, in main
    asyncio.run(run())
    ~~~~~~~~~~~^^^^^^^
  File "/opt/homebrew/Cellar/python@3.13/3.13.15/Frameworks/Python.framework/Versions/3.13/lib/python3.13/asyncio/runners.py", line 196, in run
    return runner.run(main)
           ~~~~~~~~~~^^^^^^
  File "/opt/homebrew/Cellar/python@3.13/3.13.15/Frameworks/Python.framework/Versions/3.13/lib/python3.13/asyncio/runners.py", line 119, in run
    return self._loop.run_until_complete(task)
           ~~~~~~~~~~~~~~~~~~~~~~~~~~~~~^^^^^^
  File "/opt/homebrew/Cellar/python@3.13/3.13.15/Frameworks/Python.framework/Versions/3.13/lib/python3.13/asyncio/base_events.py", line 726, in run_until_complete
    return future.result()
           ~~~~~~~~~~~~~^^
  File "/Volumes/SDXC-512/ds41f-mlx/tools/qualify_multimodal.py", line 78, in run
    turn = await backend.run_stateful_chat_turn(rec.session_id, request, tokenizer=tokenizer)
           ^^^^^^^^^^^^^^^^^^^^^^^^^^^^^^^^^^^^^^^^^^^^^^^^^^^^^^^^^^^^^^^^^^^^^^^^^^^^^^^^^^
  File "/Volumes/SDXC-512/ds41f-mlx/ds41f_mlx/serving/deepseek_recipe_backend.py", line 356, in run_stateful_chat_turn
    turn = await self._call(lambda: self._start_and_run_m11(tokenizer, request, sampler, max_tokens))
           ^^^^^^^^^^^^^^^^^^^^^^^^^^^^^^^^^^^^^^^^^^^^^^^^^^^^^^^^^^^^^^^^^^^^^^^^^^^^^^^^^^^^^^^^^^
  File "/Volumes/SDXC-512/ds41f-mlx/ds41f_mlx/serving/deepseek_recipe_backend.py", line 209, in _call
    return await loop.run_in_executor(self._executor, lambda: fn(*args))
           ^^^^^^^^^^^^^^^^^^^^^^^^^^^^^^^^^^^^^^^^^^^^^^^^^^^^^^^^^^^^^
  File "/opt/homebrew/Cellar/python@3.13/3.13.15/Frameworks/Python.framework/Versions/3.13/lib/python3.13/concurrent/futures/thread.py", line 59, in run
    result = self.fn(*self.args, **self.kwargs)
  File "/Volumes/SDXC-512/ds41f-mlx/ds41f_mlx/serving/deepseek_recipe_backend.py", line 209, in <lambda>
    return await loop.run_in_executor(self._executor, lambda: fn(*args))
                                                              ~~^^^^^^^
  File "/Volumes/SDXC-512/ds41f-mlx/ds41f_mlx/serving/deepseek_recipe_backend.py", line 356, in <lambda>
    turn = await self._call(lambda: self._start_and_run_m11(tokenizer, request, sampler, max_tokens))
                                    ~~~~~~~~~~~~~~~~~~~~~~~^^^^^^^^^^^^^^^^^^^^^^^^^^^^^^^^^^^^^^^^^
  File "/Volumes/SDXC-512/ds41f-mlx/ds41f_mlx/serving/deepseek_recipe_backend.py", line 409, in _start_and_run_m11
    sess = M11RecipeToolSession.start_from_prepared(model=self._model, tokenizer=tokenizer, checkpoint=self.checkpoint, omlx_path=self.omlx_path, recipe_path=self.recipe_path, prepared=request, sampler=sampler, max_tokens=max_tokens)
  File "/Volumes/SDXC-512/ds41f-mlx/ds41f_mlx/runtime/tool_boundary_session.py", line 108, in start_from_prepared
    embeddings = prepared.multimodal.encode_new(model)
  File "/Volumes/SDXC-512/ds41f-mlx/ds41f_mlx/runtime/multimodal.py", line 68, in encode_new
    mx.eval(value)
    ~~~~~~~^^^^^^^
RuntimeError: There is no Stream(gpu, 1) in current thread.
