Traceback (most recent call last):
  File "/Volumes/SDXC-512/ds41f-mlx/tools/qualify_multimodal.py", line 140, in <module>
    if __name__ == '__main__': main()
                               ~~~~^^
  File "/Volumes/SDXC-512/ds41f-mlx/tools/qualify_multimodal.py", line 130, in main
    asyncio.run(run())
    ~~~~~~~~~~~^^^^^^^
  File "/opt/homebrew/Cellar/python@3.13/3.13.15/Frameworks/Python.framework/Versions/3.13/lib/python3.13/asyncio/runners.py", line 196, in run
    return runner.run(main)
           ~~~~~~~~~~^^^^^^
  File "/opt/homebrew/Cellar/python@3.13/3.13.15/Frameworks/Python.framework/Versions/3.13/lib/python3.13/asyncio/runners.py", line 119, in run
    return self._loop.run_until_complete(task)
           ~~~~~~~~~~~~~~~~~~~~~~~~~~~~~^^^^^^
  File "/opt/homebrew/Cellar/python@3.13/3.13.15/Frameworks/Python.framework/Versions/3.13/lib/python3.13/asyncio/base_events.py", line 726, in run_until_complete
    return future.result()
           ~~~~~~~~~~~~~^^
  File "/Volumes/SDXC-512/ds41f-mlx/tools/qualify_multimodal.py", line 109, in run
    cancelled_tokens = [m8.next_token().token for _ in range(3)]
                        ^^^^^^^^^^^^^^^^^^^^^
AttributeError: 'NoneType' object has no attribute 'token'
