{"event": "heartbeat", "stage": "load", "elapsed_s": 0.004069707996677607}
{"event": "heartbeat", "stage": "resource-sample", "elapsed_s": 10.018843416997697}
{"event": "heartbeat", "stage": "resource-sample", "elapsed_s": 20.033069792028982}
{"event": "heartbeat", "stage": "resource-sample", "elapsed_s": 30.04756533302134}
{"event": "heartbeat", "stage": "resource-sample", "elapsed_s": 40.061891500023194}
{"event": "heartbeat", "stage": "resource-sample", "elapsed_s": 50.07629812503001}
{"event": "heartbeat", "stage": "resource-sample", "elapsed_s": 60.09060270804912}
{"event": "heartbeat", "stage": "resource-sample", "elapsed_s": 70.10495579201961}
{"event": "heartbeat", "stage": "resource-sample", "elapsed_s": 80.11944445804693}
{"event": "heartbeat", "stage": "resource-sample", "elapsed_s": 90.13363229203969}
{"event": "heartbeat", "stage": "resource-sample", "elapsed_s": 100.14793533302145}
{"event": "heartbeat", "stage": "resource-sample", "elapsed_s": 110.16248812503181}
{"event": "heartbeat", "stage": "resource-sample", "elapsed_s": 120.17654933303129}
{"event": "heartbeat", "stage": "resource-sample", "elapsed_s": 130.19090383301955}
{"event": "heartbeat", "stage": "resource-sample", "elapsed_s": 140.20505604200298}
{"event": "heartbeat", "stage": "resource-sample", "elapsed_s": 150.21893291705055}
{"event": "heartbeat", "stage": "resource-sample", "elapsed_s": 160.23299012501957}
{"event": "heartbeat", "stage": "resource-sample", "elapsed_s": 170.25222487503197}
{"event": "heartbeat", "stage": "resource-sample", "elapsed_s": 180.2709706670139}
{"event": "heartbeat", "stage": "resource-sample", "elapsed_s": 190.29003287502564}
{"event": "heartbeat", "stage": "resource-sample", "elapsed_s": 200.30910508299712}
{"event": "heartbeat", "stage": "resource-sample", "elapsed_s": 210.32802479201928}
{"event": "heartbeat", "stage": "resource-sample", "elapsed_s": 220.3468752920162}
{"event": "heartbeat", "stage": "resource-sample", "elapsed_s": 230.36576741700992}
{"event": "heartbeat", "stage": "resource-sample", "elapsed_s": 240.38448720803717}
{"event": "heartbeat", "stage": "resource-sample", "elapsed_s": 250.4123652499984}
{"event": "heartbeat", "stage": "resource-sample", "elapsed_s": 260.44142570800614}
{"event": "heartbeat", "stage": "resource-sample", "elapsed_s": 270.47260654199636}
{"event": "heartbeat", "stage": "resource-sample", "elapsed_s": 280.4941483330331}
{"event": "heartbeat", "stage": "resource-sample", "elapsed_s": 290.51533966703573}
{"event": "heartbeat", "stage": "resource-sample", "elapsed_s": 300.5412593749934}
{"event": "heartbeat", "stage": "resource-sample", "elapsed_s": 310.5666920830263}
[transformers] Token indices sequence length is longer than the specified maximum sequence length for this model (1062479 > 1048576). Running this sequence through the model will result in indexing errors
{"event": "heartbeat", "stage": "prefill", "elapsed_s": 315.3411593750352}
{"event": "heartbeat", "stage": "resource-sample", "elapsed_s": 320.5942972500343}
{"event": "heartbeat", "stage": "resource-sample", "elapsed_s": 330.62196887499886}
{"event": "heartbeat", "stage": "resource-sample", "elapsed_s": 340.6511503329966}
{"event": "heartbeat", "stage": "resource-sample", "elapsed_s": 350.6770332920132}
{"event": "heartbeat", "stage": "resource-sample", "elapsed_s": 360.70308012503665}
{"event": "heartbeat", "stage": "resource-sample", "elapsed_s": 370.72922504204325}
{"event": "heartbeat", "stage": "resource-sample", "elapsed_s": 380.7552692920435}
{"event": "heartbeat", "stage": "resource-sample", "elapsed_s": 390.7814671249944}
{"event": "heartbeat", "stage": "resource-sample", "elapsed_s": 400.81058829202084}
{"event": "heartbeat", "stage": "resource-sample", "elapsed_s": 410.83854812500067}
{"event": "heartbeat", "stage": "resource-sample", "elapsed_s": 420.86704083299264}
{"event": "heartbeat", "stage": "resource-sample", "elapsed_s": 430.8948142500012}
{"event": "heartbeat", "stage": "resource-sample", "elapsed_s": 440.9219171250006}
{"event": "heartbeat", "stage": "resource-sample", "elapsed_s": 450.9493215419934}
{"event": "heartbeat", "stage": "resource-sample", "elapsed_s": 460.97654391702963}
{"event": "heartbeat", "stage": "resource-sample", "elapsed_s": 471.0042024170398}
{"event": "heartbeat", "stage": "resource-sample", "elapsed_s": 481.03013904200634}
{"event": "heartbeat", "stage": "resource-sample", "elapsed_s": 491.057765250036}
{"event": "heartbeat", "stage": "resource-sample", "elapsed_s": 501.0836022919975}
{"event": "heartbeat", "stage": "resource-sample", "elapsed_s": 511.10284608299844}
{"event": "heartbeat", "stage": "resource-sample", "elapsed_s": 521.1295717080357}
{"event": "heartbeat", "stage": "resource-sample", "elapsed_s": 531.1557096250472}
{"event": "heartbeat", "stage": "resource-sample", "elapsed_s": 541.1820814580424}
{"event": "heartbeat", "stage": "resource-sample", "elapsed_s": 551.2087284580339}
{"event": "heartbeat", "stage": "resource-sample", "elapsed_s": 561.2347255829955}
{"event": "heartbeat", "stage": "resource-sample", "elapsed_s": 571.2617448330275}
{"event": "heartbeat", "stage": "resource-sample", "elapsed_s": 581.2881361670443}
{"event": "heartbeat", "stage": "resource-sample", "elapsed_s": 591.3158891250496}
{"event": "heartbeat", "stage": "resource-sample", "elapsed_s": 601.3432003750349}
{"event": "heartbeat", "stage": "resource-sample", "elapsed_s": 611.3710869170027}
{"event": "heartbeat", "stage": "resource-sample", "elapsed_s": 621.3981358750025}
{"event": "heartbeat", "stage": "resource-sample", "elapsed_s": 631.424809832999}
{"event": "heartbeat", "stage": "resource-sample", "elapsed_s": 641.4514650420169}
{"event": "heartbeat", "stage": "resource-sample", "elapsed_s": 651.4708446669974}
{"event": "heartbeat", "stage": "resource-sample", "elapsed_s": 661.4978226670064}
{"event": "heartbeat", "stage": "resource-sample", "elapsed_s": 671.5263072079979}
{"event": "heartbeat", "stage": "resource-sample", "elapsed_s": 681.5546816670103}
{"event": "heartbeat", "stage": "resource-sample", "elapsed_s": 691.5810803750064}
{"event": "heartbeat", "stage": "resource-sample", "elapsed_s": 701.6073032080312}
{"event": "heartbeat", "stage": "resource-sample", "elapsed_s": 711.634330083034}
{"event": "heartbeat", "stage": "resource-sample", "elapsed_s": 721.6614241250209}
{"event": "heartbeat", "stage": "resource-sample", "elapsed_s": 731.6884341670084}
{"event": "heartbeat", "stage": "resource-sample", "elapsed_s": 741.7202475420199}
{"event": "heartbeat", "stage": "resource-sample", "elapsed_s": 751.7476152500021}
{"event": "heartbeat", "stage": "resource-sample", "elapsed_s": 761.7745593750151}
{"event": "heartbeat", "stage": "resource-sample", "elapsed_s": 771.8018813750241}
{"event": "heartbeat", "stage": "resource-sample", "elapsed_s": 781.8299883330474}
{"event": "heartbeat", "stage": "resource-sample", "elapsed_s": 791.8574763330398}
{"event": "heartbeat", "stage": "resource-sample", "elapsed_s": 801.8849906250252}
{"event": "heartbeat", "stage": "resource-sample", "elapsed_s": 811.9117029170156}
{"event": "heartbeat", "stage": "resource-sample", "elapsed_s": 821.9378739170497}
{"event": "heartbeat", "stage": "resource-sample", "elapsed_s": 831.9639001250034}
{"event": "heartbeat", "stage": "resource-sample", "elapsed_s": 841.9909049580456}
{"event": "heartbeat", "stage": "resource-sample", "elapsed_s": 852.0178352080402}
{"event": "heartbeat", "stage": "resource-sample", "elapsed_s": 862.0441791250487}
{"event": "heartbeat", "stage": "resource-sample", "elapsed_s": 872.062590208021}
{"event": "heartbeat", "stage": "resource-sample", "elapsed_s": 882.0896323750494}
{"event": "heartbeat", "stage": "resource-sample", "elapsed_s": 892.1163136250107}
{"event": "heartbeat", "stage": "resource-sample", "elapsed_s": 902.1446907080244}
{"event": "heartbeat", "stage": "resource-sample", "elapsed_s": 912.17089162505}
{"event": "heartbeat", "stage": "resource-sample", "elapsed_s": 922.19747904205}
{"event": "heartbeat", "stage": "resource-sample", "elapsed_s": 932.2238554580254}
{"event": "heartbeat", "stage": "resource-sample", "elapsed_s": 942.2497305830475}
{"event": "heartbeat", "stage": "resource-sample", "elapsed_s": 952.2757821250125}
{"event": "heartbeat", "stage": "resource-sample", "elapsed_s": 962.3023177080322}
{"event": "heartbeat", "stage": "resource-sample", "elapsed_s": 972.3288153750473}
{"event": "heartbeat", "stage": "resource-sample", "elapsed_s": 982.3557857080013}
{"event": "heartbeat", "stage": "resource-sample", "elapsed_s": 992.3819171670475}
{"event": "heartbeat", "stage": "resource-sample", "elapsed_s": 1002.4083897920209}
{"event": "heartbeat", "stage": "resource-sample", "elapsed_s": 1012.4354800000438}
{"event": "heartbeat", "stage": "resource-sample", "elapsed_s": 1022.4627762080054}
{"event": "heartbeat", "stage": "resource-sample", "elapsed_s": 1032.4895862500416}
{"event": "heartbeat", "stage": "resource-sample", "elapsed_s": 1042.5170529170427}
{"event": "heartbeat", "stage": "resource-sample", "elapsed_s": 1052.5441787920427}
{"event": "heartbeat", "stage": "resource-sample", "elapsed_s": 1062.5703124169959}
{"event": "heartbeat", "stage": "resource-sample", "elapsed_s": 1072.5968261670205}
{"event": "heartbeat", "stage": "resource-sample", "elapsed_s": 1082.6255123330047}
{"event": "heartbeat", "stage": "resource-sample", "elapsed_s": 1092.6519597920123}
{"event": "heartbeat", "stage": "resource-sample", "elapsed_s": 1102.679377417022}
{"event": "heartbeat", "stage": "resource-sample", "elapsed_s": 1112.7061786249978}
{"event": "heartbeat", "stage": "resource-sample", "elapsed_s": 1122.7320444170036}
{"event": "heartbeat", "stage": "resource-sample", "elapsed_s": 1132.758549708}
{"event": "heartbeat", "stage": "resource-sample", "elapsed_s": 1142.7849895420368}
{"event": "heartbeat", "stage": "resource-sample", "elapsed_s": 1152.8123355419957}
{"event": "heartbeat", "stage": "resource-sample", "elapsed_s": 1162.8390022920212}
{"event": "heartbeat", "stage": "resource-sample", "elapsed_s": 1172.8652845000033}
{"event": "heartbeat", "stage": "resource-sample", "elapsed_s": 1182.891927083023}
{"event": "heartbeat", "stage": "resource-sample", "elapsed_s": 1192.9180940420483}
{"event": "heartbeat", "stage": "resource-sample", "elapsed_s": 1202.9494332500035}
{"event": "heartbeat", "stage": "resource-sample", "elapsed_s": 1212.9760974170058}
{"event": "heartbeat", "stage": "resource-sample", "elapsed_s": 1223.0026691670064}
{"event": "heartbeat", "stage": "resource-sample", "elapsed_s": 1233.0295338330325}
{"event": "heartbeat", "stage": "resource-sample", "elapsed_s": 1243.0567985000089}
{"event": "heartbeat", "stage": "resource-sample", "elapsed_s": 1253.0828073750017}
{"event": "heartbeat", "stage": "resource-sample", "elapsed_s": 1263.1087659170153}
{"event": "heartbeat", "stage": "resource-sample", "elapsed_s": 1273.1353070000187}
{"event": "heartbeat", "stage": "resource-sample", "elapsed_s": 1283.1567308329977}
{"event": "heartbeat", "stage": "resource-sample", "elapsed_s": 1293.1833761670277}
{"event": "heartbeat", "stage": "resource-sample", "elapsed_s": 1303.2113224579953}
{"event": "heartbeat", "stage": "resource-sample", "elapsed_s": 1313.2395584170008}
{"event": "heartbeat", "stage": "resource-sample", "elapsed_s": 1323.258852625033}
{"event": "heartbeat", "stage": "resource-sample", "elapsed_s": 1333.2852440419956}
{"event": "heartbeat", "stage": "resource-sample", "elapsed_s": 1343.3122637920314}
{"event": "heartbeat", "stage": "resource-sample", "elapsed_s": 1353.338366333046}
{"event": "heartbeat", "stage": "resource-sample", "elapsed_s": 1363.3647584170103}
{"event": "heartbeat", "stage": "resource-sample", "elapsed_s": 1373.3913625419955}
{"event": "heartbeat", "stage": "resource-sample", "elapsed_s": 1383.4177276249975}
{"event": "heartbeat", "stage": "resource-sample", "elapsed_s": 1393.44468241703}
{"event": "heartbeat", "stage": "resource-sample", "elapsed_s": 1403.4715562080382}
{"event": "heartbeat", "stage": "resource-sample", "elapsed_s": 1413.4983877080376}
{"event": "heartbeat", "stage": "resource-sample", "elapsed_s": 1423.5241749580018}
{"event": "heartbeat", "stage": "resource-sample", "elapsed_s": 1433.55032608303}
{"event": "heartbeat", "stage": "resource-sample", "elapsed_s": 1443.5766380000277}
{"event": "heartbeat", "stage": "resource-sample", "elapsed_s": 1453.60243995802}
{"event": "heartbeat", "stage": "resource-sample", "elapsed_s": 1463.6300180830294}
{"event": "heartbeat", "stage": "resource-sample", "elapsed_s": 1473.6565934170503}
{"event": "heartbeat", "stage": "resource-sample", "elapsed_s": 1483.6764811670291}
{"event": "heartbeat", "stage": "resource-sample", "elapsed_s": 1493.702601958008}
{"event": "heartbeat", "stage": "resource-sample", "elapsed_s": 1503.728990625008}
{"event": "heartbeat", "stage": "resource-sample", "elapsed_s": 1513.7552759170067}
{"event": "heartbeat", "stage": "resource-sample", "elapsed_s": 1523.7813243750134}
{"event": "heartbeat", "stage": "resource-sample", "elapsed_s": 1533.8078028750024}
{"event": "heartbeat", "stage": "resource-sample", "elapsed_s": 1543.8347531670006}
{"event": "heartbeat", "stage": "resource-sample", "elapsed_s": 1553.858551333018}
{"event": "heartbeat", "stage": "resource-sample", "elapsed_s": 1563.8844984170282}
{"event": "heartbeat", "stage": "resource-sample", "elapsed_s": 1573.9114171669935}
{"event": "heartbeat", "stage": "resource-sample", "elapsed_s": 1583.939010583039}
{"event": "heartbeat", "stage": "resource-sample", "elapsed_s": 1593.9663183750235}
{"event": "heartbeat", "stage": "resource-sample", "elapsed_s": 1603.9936990000424}
{"event": "heartbeat", "stage": "resource-sample", "elapsed_s": 1614.01990975003}
{"event": "heartbeat", "stage": "resource-sample", "elapsed_s": 1624.0463447920047}
{"event": "heartbeat", "stage": "resource-sample", "elapsed_s": 1634.0727326670312}
{"event": "heartbeat", "stage": "resource-sample", "elapsed_s": 1644.0993770420318}
{"event": "heartbeat", "stage": "resource-sample", "elapsed_s": 1654.1262325420394}
{"event": "heartbeat", "stage": "resource-sample", "elapsed_s": 1664.1553522920003}
{"event": "heartbeat", "stage": "resource-sample", "elapsed_s": 1674.1841343330452}
{"event": "heartbeat", "stage": "resource-sample", "elapsed_s": 1684.211492041999}
{"event": "heartbeat", "stage": "resource-sample", "elapsed_s": 1694.238211167045}
{"event": "heartbeat", "stage": "resource-sample", "elapsed_s": 1704.2644595830352}
{"event": "heartbeat", "stage": "resource-sample", "elapsed_s": 1714.2907999580493}
{"event": "heartbeat", "stage": "resource-sample", "elapsed_s": 1724.315662042005}
{"event": "heartbeat", "stage": "resource-sample", "elapsed_s": 1734.3431360000395}
{"event": "heartbeat", "stage": "resource-sample", "elapsed_s": 1744.3697827500291}
{"event": "heartbeat", "stage": "resource-sample", "elapsed_s": 1754.391401333036}
{"event": "heartbeat", "stage": "resource-sample", "elapsed_s": 1764.4126294170273}
{"event": "heartbeat", "stage": "resource-sample", "elapsed_s": 1774.4409688330488}
{"event": "heartbeat", "stage": "resource-sample", "elapsed_s": 1784.4659208329977}
{"event": "heartbeat", "stage": "resource-sample", "elapsed_s": 1794.4873444170225}
{"event": "heartbeat", "stage": "resource-sample", "elapsed_s": 1804.509181417001}
{"event": "heartbeat", "stage": "resource-sample", "elapsed_s": 1814.535907625046}
{"event": "heartbeat", "stage": "resource-sample", "elapsed_s": 1824.5608216670225}
{"event": "heartbeat", "stage": "resource-sample", "elapsed_s": 1834.5817094170488}
{"event": "heartbeat", "stage": "resource-sample", "elapsed_s": 1844.6030906250235}
{"event": "heartbeat", "stage": "resource-sample", "elapsed_s": 1854.6276882080128}
{"event": "heartbeat", "stage": "resource-sample", "elapsed_s": 1864.6493111250456}
{"event": "heartbeat", "stage": "resource-sample", "elapsed_s": 1874.6688063330366}
{"event": "heartbeat", "stage": "resource-sample", "elapsed_s": 1884.6880807920243}
{"event": "heartbeat", "stage": "resource-sample", "elapsed_s": 1894.7096425830387}
{"event": "heartbeat", "stage": "resource-sample", "elapsed_s": 1904.729739750037}
{"event": "heartbeat", "stage": "resource-sample", "elapsed_s": 1914.7471472500474}
{"event": "heartbeat", "stage": "resource-sample", "elapsed_s": 1924.7645024580415}
{"event": "heartbeat", "stage": "resource-sample", "elapsed_s": 1934.783818792028}
{"event": "heartbeat", "stage": "resource-sample", "elapsed_s": 1944.8043798330473}
{"event": "heartbeat", "stage": "resource-sample", "elapsed_s": 1954.8211752500501}
{"event": "heartbeat", "stage": "resource-sample", "elapsed_s": 1964.8381605829927}
{"event": "heartbeat", "stage": "resource-sample", "elapsed_s": 1974.8557755830116}
{"event": "heartbeat", "stage": "resource-sample", "elapsed_s": 1984.8779564580182}
{"event": "heartbeat", "stage": "resource-sample", "elapsed_s": 1994.8967736250488}
{"event": "heartbeat", "stage": "resource-sample", "elapsed_s": 2004.9133202499943}
{"event": "heartbeat", "stage": "resource-sample", "elapsed_s": 2014.930809417041}
{"event": "heartbeat", "stage": "resource-sample", "elapsed_s": 2024.9519289580057}
{"event": "heartbeat", "stage": "resource-sample", "elapsed_s": 2034.9686442920356}
{"event": "heartbeat", "stage": "resource-sample", "elapsed_s": 2044.9863689170452}
{"event": "heartbeat", "stage": "resource-sample", "elapsed_s": 2055.0040648750146}
{"event": "heartbeat", "stage": "resource-sample", "elapsed_s": 2065.023762291996}
{"event": "heartbeat", "stage": "resource-sample", "elapsed_s": 2075.0422166670323}
{"event": "heartbeat", "stage": "resource-sample", "elapsed_s": 2085.0597197920433}
{"event": "heartbeat", "stage": "resource-sample", "elapsed_s": 2095.0742884580395}
{"event": "heartbeat", "stage": "resource-sample", "elapsed_s": 2105.094746250019}
{"event": "heartbeat", "stage": "resource-sample", "elapsed_s": 2115.1136410420295}
{"event": "heartbeat", "stage": "resource-sample", "elapsed_s": 2125.1300914169988}
{"event": "heartbeat", "stage": "resource-sample", "elapsed_s": 2135.146855875035}
{"event": "heartbeat", "stage": "resource-sample", "elapsed_s": 2145.1675074170344}
{"event": "heartbeat", "stage": "resource-sample", "elapsed_s": 2155.1885922499932}
{"event": "heartbeat", "stage": "resource-sample", "elapsed_s": 2165.2050140420324}
{"event": "heartbeat", "stage": "resource-sample", "elapsed_s": 2175.2222413330455}
{"event": "heartbeat", "stage": "resource-sample", "elapsed_s": 2185.2397029999993}
{"event": "heartbeat", "stage": "resource-sample", "elapsed_s": 2195.2591971670045}
{"event": "heartbeat", "stage": "resource-sample", "elapsed_s": 2205.277399250015}
{"event": "heartbeat", "stage": "resource-sample", "elapsed_s": 2215.2959558750154}
{"event": "heartbeat", "stage": "resource-sample", "elapsed_s": 2225.319428583025}
{"event": "heartbeat", "stage": "resource-sample", "elapsed_s": 2235.344831583032}
{"event": "heartbeat", "stage": "resource-sample", "elapsed_s": 2245.3696629580227}
{"event": "heartbeat", "stage": "resource-sample", "elapsed_s": 2255.392435292015}
{"event": "heartbeat", "stage": "prefill-complete", "elapsed_s": 2262.779721583007}
{"event": "heartbeat", "stage": "resource-sample", "elapsed_s": 2265.414673375024}
{"event": "heartbeat", "stage": "resource-sample", "elapsed_s": 2275.440233625006}
{"event": "heartbeat", "stage": "resource-sample", "elapsed_s": 2285.465764500026}
{"event": "heartbeat", "stage": "turn-complete", "elapsed_s": 2290.2551879580133}
{"event": "heartbeat", "stage": "resource-sample", "elapsed_s": 2295.4906764170155}
{"event": "heartbeat", "stage": "turn-complete", "elapsed_s": 2298.818926708016}
{"event": "heartbeat", "stage": "resource-sample", "elapsed_s": 2305.5162129170494}
{"event": "heartbeat", "stage": "turn-complete", "elapsed_s": 2308.6554537500488}
{"event": "heartbeat", "stage": "resource-sample", "elapsed_s": 2315.5396299170097}
{"event": "heartbeat", "stage": "turn-complete", "elapsed_s": 2319.6768391249934}
{"event": "heartbeat", "stage": "resource-sample", "elapsed_s": 2325.564659124997}
{"event": "heartbeat", "stage": "turn-complete", "elapsed_s": 2327.891112417041}
{"event": "heartbeat", "stage": "resource-sample", "elapsed_s": 2335.588523042039}
{"event": "heartbeat", "stage": "turn-complete", "elapsed_s": 2336.465922000003}
{"event": "heartbeat", "stage": "resource-sample", "elapsed_s": 2345.614738583041}
{"event": "heartbeat", "stage": "turn-complete", "elapsed_s": 2346.3225824580295}
{"event": "heartbeat", "stage": "resource-sample", "elapsed_s": 2355.640606250032}
{"event": "heartbeat", "stage": "turn-complete", "elapsed_s": 2364.845499832998}
{"event": "heartbeat", "stage": "resource-sample", "elapsed_s": 2365.6642923750333}
{"event": "heartbeat", "stage": "turn-complete", "elapsed_s": 2369.402666083013}
