{"event": "heartbeat", "stage": "load", "elapsed_s": 0.003919457958545536}
{"event": "heartbeat", "stage": "resource-sample", "elapsed_s": 10.024123792012688}
{"event": "heartbeat", "stage": "resource-sample", "elapsed_s": 20.043266833003145}
{"event": "heartbeat", "stage": "resource-sample", "elapsed_s": 30.06207354197977}
{"event": "heartbeat", "stage": "resource-sample", "elapsed_s": 40.08133583300514}
{"event": "heartbeat", "stage": "resource-sample", "elapsed_s": 50.100853999960236}
{"event": "heartbeat", "stage": "resource-sample", "elapsed_s": 60.120501666970085}
{"event": "heartbeat", "stage": "resource-sample", "elapsed_s": 70.13961441698484}
{"event": "heartbeat", "stage": "resource-sample", "elapsed_s": 80.15859562496189}
{"event": "heartbeat", "stage": "resource-sample", "elapsed_s": 90.17839179199655}
{"event": "heartbeat", "stage": "resource-sample", "elapsed_s": 100.19841716700466}
{"event": "heartbeat", "stage": "resource-sample", "elapsed_s": 110.21786137501476}
{"event": "heartbeat", "stage": "resource-sample", "elapsed_s": 120.23757487500552}
{"event": "heartbeat", "stage": "resource-sample", "elapsed_s": 130.25772433297243}
{"event": "heartbeat", "stage": "resource-sample", "elapsed_s": 140.27680333296303}
{"event": "heartbeat", "stage": "resource-sample", "elapsed_s": 150.29645270796027}
{"event": "heartbeat", "stage": "resource-sample", "elapsed_s": 160.31602095800918}
{"event": "heartbeat", "stage": "resource-sample", "elapsed_s": 170.33477870799834}
{"event": "heartbeat", "stage": "resource-sample", "elapsed_s": 180.35377287497977}
{"event": "heartbeat", "stage": "resource-sample", "elapsed_s": 190.37327120796544}
{"event": "heartbeat", "stage": "resource-sample", "elapsed_s": 200.39199774997542}
{"event": "heartbeat", "stage": "resource-sample", "elapsed_s": 210.41063766699517}
{"event": "heartbeat", "stage": "resource-sample", "elapsed_s": 220.42972366698086}
{"event": "heartbeat", "stage": "resource-sample", "elapsed_s": 230.44850441697054}
{"event": "heartbeat", "stage": "resource-sample", "elapsed_s": 240.46742462500697}
{"event": "heartbeat", "stage": "resource-sample", "elapsed_s": 250.4971779169864}
{"event": "heartbeat", "stage": "resource-sample", "elapsed_s": 260.52458899997873}
{"event": "heartbeat", "stage": "resource-sample", "elapsed_s": 270.55451133300085}
{"event": "heartbeat", "stage": "resource-sample", "elapsed_s": 280.57536108297063}
{"event": "heartbeat", "stage": "resource-sample", "elapsed_s": 290.5995595830027}
{"event": "heartbeat", "stage": "resource-sample", "elapsed_s": 300.6260381669854}
{"event": "heartbeat", "stage": "resource-sample", "elapsed_s": 310.6954029169865}
{"event": "heartbeat", "stage": "prefill", "elapsed_s": 312.8206600829726}
{"event": "heartbeat", "stage": "resource-sample", "elapsed_s": 320.7280524999951}
{"event": "heartbeat", "stage": "resource-sample", "elapsed_s": 330.7560182919842}
{"event": "heartbeat", "stage": "resource-sample", "elapsed_s": 340.7818568329676}
{"event": "heartbeat", "stage": "resource-sample", "elapsed_s": 350.8060096669942}
{"event": "heartbeat", "stage": "resource-sample", "elapsed_s": 360.8312426249613}
{"event": "heartbeat", "stage": "resource-sample", "elapsed_s": 370.85604808299104}
{"event": "heartbeat", "stage": "resource-sample", "elapsed_s": 380.87464220798574}
{"event": "heartbeat", "stage": "resource-sample", "elapsed_s": 390.9000937080127}
{"event": "heartbeat", "stage": "resource-sample", "elapsed_s": 400.92638820799766}
{"event": "heartbeat", "stage": "resource-sample", "elapsed_s": 410.9513702080003}
{"event": "heartbeat", "stage": "resource-sample", "elapsed_s": 420.97807395795826}
{"event": "heartbeat", "stage": "resource-sample", "elapsed_s": 431.00367391697364}
{"event": "heartbeat", "stage": "resource-sample", "elapsed_s": 441.02872120798565}
{"event": "heartbeat", "stage": "resource-sample", "elapsed_s": 451.0542696249904}
{"event": "heartbeat", "stage": "resource-sample", "elapsed_s": 461.06990662496537}
{"event": "heartbeat", "stage": "resource-sample", "elapsed_s": 471.0958121669828}
{"event": "heartbeat", "stage": "resource-sample", "elapsed_s": 481.12225258297985}
{"event": "heartbeat", "stage": "resource-sample", "elapsed_s": 491.147722291993}
{"event": "heartbeat", "stage": "resource-sample", "elapsed_s": 501.1637563330005}
{"event": "heartbeat", "stage": "resource-sample", "elapsed_s": 511.1897603329853}
{"event": "heartbeat", "stage": "resource-sample", "elapsed_s": 521.2169485829654}
{"event": "heartbeat", "stage": "resource-sample", "elapsed_s": 531.2443900000071}
{"event": "heartbeat", "stage": "resource-sample", "elapsed_s": 541.2697982079699}
{"event": "heartbeat", "stage": "resource-sample", "elapsed_s": 551.2974206249928}
{"event": "heartbeat", "stage": "resource-sample", "elapsed_s": 561.3225056249648}
{"event": "heartbeat", "stage": "resource-sample", "elapsed_s": 571.3481851670076}
{"event": "heartbeat", "stage": "resource-sample", "elapsed_s": 581.3748807499651}
{"event": "heartbeat", "stage": "resource-sample", "elapsed_s": 591.3977462080074}
{"event": "heartbeat", "stage": "resource-sample", "elapsed_s": 601.4238942079828}
{"event": "heartbeat", "stage": "resource-sample", "elapsed_s": 611.4493623329909}
{"event": "heartbeat", "stage": "resource-sample", "elapsed_s": 621.4749746249872}
{"event": "heartbeat", "stage": "resource-sample", "elapsed_s": 631.4998113749898}
{"event": "heartbeat", "stage": "resource-sample", "elapsed_s": 641.5267219580128}
{"event": "heartbeat", "stage": "resource-sample", "elapsed_s": 651.5525997079676}
{"event": "heartbeat", "stage": "resource-sample", "elapsed_s": 661.5785202920088}
{"event": "heartbeat", "stage": "resource-sample", "elapsed_s": 671.6055620419793}
{"event": "heartbeat", "stage": "resource-sample", "elapsed_s": 681.6314660829958}
{"event": "heartbeat", "stage": "resource-sample", "elapsed_s": 691.6598818749771}
{"event": "heartbeat", "stage": "resource-sample", "elapsed_s": 701.6862723749946}
{"event": "heartbeat", "stage": "resource-sample", "elapsed_s": 711.7115137079963}
{"event": "heartbeat", "stage": "resource-sample", "elapsed_s": 721.7371893330128}
{"event": "heartbeat", "stage": "resource-sample", "elapsed_s": 731.7627628750051}
{"event": "heartbeat", "stage": "resource-sample", "elapsed_s": 741.789951667015}
{"event": "heartbeat", "stage": "resource-sample", "elapsed_s": 751.8153159999638}
{"event": "heartbeat", "stage": "resource-sample", "elapsed_s": 761.8426595419878}
{"event": "heartbeat", "stage": "resource-sample", "elapsed_s": 771.86823391699}
{"event": "heartbeat", "stage": "resource-sample", "elapsed_s": 781.8934325829614}
{"event": "heartbeat", "stage": "resource-sample", "elapsed_s": 791.9189165419666}
{"event": "heartbeat", "stage": "resource-sample", "elapsed_s": 801.934025124996}
{"event": "heartbeat", "stage": "resource-sample", "elapsed_s": 811.9594804999651}
{"event": "heartbeat", "stage": "resource-sample", "elapsed_s": 821.9861731249839}
{"event": "heartbeat", "stage": "resource-sample", "elapsed_s": 832.0114758329582}
{"event": "heartbeat", "stage": "resource-sample", "elapsed_s": 842.0370154170087}
{"event": "heartbeat", "stage": "resource-sample", "elapsed_s": 852.0633932079654}
{"event": "heartbeat", "stage": "resource-sample", "elapsed_s": 862.0852840829757}
{"event": "heartbeat", "stage": "resource-sample", "elapsed_s": 872.1105810829904}
{"event": "heartbeat", "stage": "resource-sample", "elapsed_s": 882.1333732079947}
{"event": "heartbeat", "stage": "resource-sample", "elapsed_s": 892.1540709579713}
{"event": "heartbeat", "stage": "resource-sample", "elapsed_s": 902.179968499986}
{"event": "heartbeat", "stage": "resource-sample", "elapsed_s": 912.2066262500011}
{"event": "heartbeat", "stage": "resource-sample", "elapsed_s": 922.232113874983}
{"event": "heartbeat", "stage": "resource-sample", "elapsed_s": 932.2571736669634}
{"event": "heartbeat", "stage": "resource-sample", "elapsed_s": 942.2837032499956}
{"event": "heartbeat", "stage": "resource-sample", "elapsed_s": 952.3097972919932}
{"event": "heartbeat", "stage": "resource-sample", "elapsed_s": 962.3348883329891}
{"event": "heartbeat", "stage": "resource-sample", "elapsed_s": 972.3610239169793}
{"event": "heartbeat", "stage": "resource-sample", "elapsed_s": 982.3866861250135}
{"event": "heartbeat", "stage": "resource-sample", "elapsed_s": 992.4123127079802}
{"event": "heartbeat", "stage": "resource-sample", "elapsed_s": 1002.4386125829769}
{"event": "heartbeat", "stage": "resource-sample", "elapsed_s": 1012.4559130420093}
{"event": "heartbeat", "stage": "resource-sample", "elapsed_s": 1022.4818045420107}
{"event": "heartbeat", "stage": "resource-sample", "elapsed_s": 1032.50802066701}
{"event": "heartbeat", "stage": "resource-sample", "elapsed_s": 1042.5330165419728}
{"event": "heartbeat", "stage": "resource-sample", "elapsed_s": 1052.5615599169978}
{"event": "heartbeat", "stage": "resource-sample", "elapsed_s": 1062.5976454999764}
{"event": "heartbeat", "stage": "resource-sample", "elapsed_s": 1072.6259870830108}
{"event": "heartbeat", "stage": "prefill-complete", "elapsed_s": 1075.7664698329754}
{"event": "heartbeat", "stage": "resource-sample", "elapsed_s": 1082.6526013750117}
{"event": "heartbeat", "stage": "resource-sample", "elapsed_s": 1092.6795017920085}
{"event": "heartbeat", "stage": "turn-complete", "elapsed_s": 1096.4455778750125}
{"event": "heartbeat", "stage": "resource-sample", "elapsed_s": 1102.7072092079907}
{"event": "heartbeat", "stage": "turn-complete", "elapsed_s": 1104.374358207977}
{"event": "heartbeat", "stage": "resource-sample", "elapsed_s": 1112.7333882499952}
{"event": "heartbeat", "stage": "turn-complete", "elapsed_s": 1113.1559549999656}
{"event": "heartbeat", "stage": "turn-complete", "elapsed_s": 1121.265058332996}
{"event": "heartbeat", "stage": "resource-sample", "elapsed_s": 1122.7590892919688}
{"event": "heartbeat", "stage": "turn-complete", "elapsed_s": 1128.8447732499917}
{"event": "heartbeat", "stage": "resource-sample", "elapsed_s": 1132.7809248329722}
{"event": "heartbeat", "stage": "turn-complete", "elapsed_s": 1136.673009332968}
{"event": "heartbeat", "stage": "resource-sample", "elapsed_s": 1142.8030891249655}
{"event": "heartbeat", "stage": "turn-complete", "elapsed_s": 1145.4255024169688}
{"event": "heartbeat", "stage": "resource-sample", "elapsed_s": 1152.8236065829988}
{"event": "heartbeat", "stage": "turn-complete", "elapsed_s": 1160.522250042006}
{"event": "heartbeat", "stage": "resource-sample", "elapsed_s": 1162.8441751669743}
{"event": "heartbeat", "stage": "turn-complete", "elapsed_s": 1163.840127583011}
