{"event": "heartbeat", "stage": "load", "elapsed_s": 0.004443540994543582}
{"event": "heartbeat", "stage": "resource-sample", "elapsed_s": 10.02469645801466}
{"event": "heartbeat", "stage": "resource-sample", "elapsed_s": 20.043655540968757}
{"event": "heartbeat", "stage": "resource-sample", "elapsed_s": 30.062588791013695}
{"event": "heartbeat", "stage": "resource-sample", "elapsed_s": 40.08185858296929}
{"event": "heartbeat", "stage": "resource-sample", "elapsed_s": 50.100947791012004}
{"event": "heartbeat", "stage": "resource-sample", "elapsed_s": 60.120621540991124}
{"event": "heartbeat", "stage": "resource-sample", "elapsed_s": 70.13973541598534}
{"event": "heartbeat", "stage": "resource-sample", "elapsed_s": 80.15856395801529}
{"event": "heartbeat", "stage": "resource-sample", "elapsed_s": 90.17733512498671}
{"event": "heartbeat", "stage": "resource-sample", "elapsed_s": 100.19668820797233}
{"event": "heartbeat", "stage": "resource-sample", "elapsed_s": 110.21592595800757}
{"event": "heartbeat", "stage": "resource-sample", "elapsed_s": 120.23497779096942}
{"event": "heartbeat", "stage": "resource-sample", "elapsed_s": 130.24959466600558}
{"event": "heartbeat", "stage": "resource-sample", "elapsed_s": 140.263478207984}
{"event": "heartbeat", "stage": "resource-sample", "elapsed_s": 150.27770708297612}
{"event": "heartbeat", "stage": "resource-sample", "elapsed_s": 160.2929329579929}
{"event": "heartbeat", "stage": "resource-sample", "elapsed_s": 170.3068070000154}
{"event": "heartbeat", "stage": "resource-sample", "elapsed_s": 180.32076370797586}
{"event": "heartbeat", "stage": "resource-sample", "elapsed_s": 190.33514312497573}
{"event": "heartbeat", "stage": "resource-sample", "elapsed_s": 200.34908579097828}
{"event": "heartbeat", "stage": "resource-sample", "elapsed_s": 210.36342054099077}
{"event": "heartbeat", "stage": "resource-sample", "elapsed_s": 220.3778612909955}
{"event": "heartbeat", "stage": "resource-sample", "elapsed_s": 230.39170087501407}
{"event": "heartbeat", "stage": "resource-sample", "elapsed_s": 240.4053649160196}
{"event": "heartbeat", "stage": "resource-sample", "elapsed_s": 250.430502541014}
{"event": "heartbeat", "stage": "resource-sample", "elapsed_s": 260.4471137080109}
{"event": "heartbeat", "stage": "resource-sample", "elapsed_s": 270.4750089159934}
{"event": "heartbeat", "stage": "resource-sample", "elapsed_s": 280.49100787501084}
{"event": "heartbeat", "stage": "resource-sample", "elapsed_s": 290.50698220799677}
{"event": "heartbeat", "stage": "resource-sample", "elapsed_s": 300.5280175830121}
{"event": "heartbeat", "stage": "resource-sample", "elapsed_s": 310.54817812499823}
{"event": "heartbeat", "stage": "prefill", "elapsed_s": 314.09282104100566}
{"event": "heartbeat", "stage": "resource-sample", "elapsed_s": 320.5696638749796}
{"event": "heartbeat", "stage": "resource-sample", "elapsed_s": 330.58914379100315}
{"event": "heartbeat", "stage": "resource-sample", "elapsed_s": 340.6132447079872}
{"event": "heartbeat", "stage": "resource-sample", "elapsed_s": 350.63523570797406}
{"event": "heartbeat", "stage": "resource-sample", "elapsed_s": 360.65565254096873}
{"event": "heartbeat", "stage": "resource-sample", "elapsed_s": 370.6759789159987}
{"event": "heartbeat", "stage": "resource-sample", "elapsed_s": 380.6960068329936}
{"event": "heartbeat", "stage": "resource-sample", "elapsed_s": 390.7167838329915}
{"event": "heartbeat", "stage": "resource-sample", "elapsed_s": 400.73346912499983}
{"event": "heartbeat", "stage": "resource-sample", "elapsed_s": 410.7549258329673}
{"event": "heartbeat", "stage": "resource-sample", "elapsed_s": 420.7762059579836}
{"event": "heartbeat", "stage": "resource-sample", "elapsed_s": 430.80142683297163}
{"event": "heartbeat", "stage": "resource-sample", "elapsed_s": 440.8274347910192}
{"event": "heartbeat", "stage": "resource-sample", "elapsed_s": 450.84863833297277}
{"event": "heartbeat", "stage": "resource-sample", "elapsed_s": 460.8748322079773}
{"event": "heartbeat", "stage": "resource-sample", "elapsed_s": 470.90056395798456}
{"event": "heartbeat", "stage": "resource-sample", "elapsed_s": 480.91576741600875}
{"event": "heartbeat", "stage": "resource-sample", "elapsed_s": 490.94138095801463}
{"event": "heartbeat", "stage": "resource-sample", "elapsed_s": 500.9665117500117}
{"event": "heartbeat", "stage": "resource-sample", "elapsed_s": 510.9837644160143}
{"event": "heartbeat", "stage": "resource-sample", "elapsed_s": 521.0093110830057}
{"event": "heartbeat", "stage": "resource-sample", "elapsed_s": 531.0346192499856}
{"event": "heartbeat", "stage": "resource-sample", "elapsed_s": 541.0602062079706}
{"event": "heartbeat", "stage": "resource-sample", "elapsed_s": 551.0854660409968}
{"event": "heartbeat", "stage": "resource-sample", "elapsed_s": 561.1110482499935}
{"event": "heartbeat", "stage": "resource-sample", "elapsed_s": 571.1372158749728}
{"event": "heartbeat", "stage": "resource-sample", "elapsed_s": 581.1622890409781}
{"event": "heartbeat", "stage": "resource-sample", "elapsed_s": 591.1876110410085}
{"event": "heartbeat", "stage": "resource-sample", "elapsed_s": 601.2135130409733}
{"event": "heartbeat", "stage": "resource-sample", "elapsed_s": 611.238557707984}
{"event": "heartbeat", "stage": "resource-sample", "elapsed_s": 621.2645940409857}
{"event": "heartbeat", "stage": "resource-sample", "elapsed_s": 631.2901304999832}
{"event": "heartbeat", "stage": "resource-sample", "elapsed_s": 641.3153448749799}
{"event": "heartbeat", "stage": "resource-sample", "elapsed_s": 651.3403467909666}
{"event": "heartbeat", "stage": "resource-sample", "elapsed_s": 661.3655939999735}
{"event": "heartbeat", "stage": "resource-sample", "elapsed_s": 671.39302941598}
{"event": "heartbeat", "stage": "resource-sample", "elapsed_s": 681.4181345410179}
{"event": "heartbeat", "stage": "resource-sample", "elapsed_s": 691.44386845798}
{"event": "heartbeat", "stage": "resource-sample", "elapsed_s": 701.469673375017}
{"event": "heartbeat", "stage": "resource-sample", "elapsed_s": 711.4956357909832}
{"event": "heartbeat", "stage": "resource-sample", "elapsed_s": 721.5206957079936}
{"event": "heartbeat", "stage": "resource-sample", "elapsed_s": 731.5468137909775}
{"event": "heartbeat", "stage": "resource-sample", "elapsed_s": 741.5719667910016}
{"event": "heartbeat", "stage": "resource-sample", "elapsed_s": 751.5876963330084}
{"event": "heartbeat", "stage": "resource-sample", "elapsed_s": 761.6130044999882}
{"event": "heartbeat", "stage": "resource-sample", "elapsed_s": 771.6398735829862}
{"event": "heartbeat", "stage": "resource-sample", "elapsed_s": 781.6667400000151}
{"event": "heartbeat", "stage": "resource-sample", "elapsed_s": 791.687289124995}
{"event": "heartbeat", "stage": "resource-sample", "elapsed_s": 801.7126805000007}
{"event": "heartbeat", "stage": "resource-sample", "elapsed_s": 811.7384590409929}
{"event": "heartbeat", "stage": "resource-sample", "elapsed_s": 821.7537111659767}
{"event": "heartbeat", "stage": "resource-sample", "elapsed_s": 831.7730895829736}
{"event": "heartbeat", "stage": "resource-sample", "elapsed_s": 841.7986957079847}
{"event": "heartbeat", "stage": "resource-sample", "elapsed_s": 851.8251744579757}
{"event": "heartbeat", "stage": "resource-sample", "elapsed_s": 861.851235500013}
{"event": "heartbeat", "stage": "resource-sample", "elapsed_s": 871.8777569999802}
{"event": "heartbeat", "stage": "resource-sample", "elapsed_s": 881.9040179160074}
{"event": "heartbeat", "stage": "resource-sample", "elapsed_s": 891.9296062909998}
{"event": "heartbeat", "stage": "resource-sample", "elapsed_s": 901.9549630829715}
{"event": "heartbeat", "stage": "resource-sample", "elapsed_s": 911.9799672079971}
{"event": "heartbeat", "stage": "resource-sample", "elapsed_s": 922.0072584999725}
{"event": "heartbeat", "stage": "resource-sample", "elapsed_s": 932.032187749981}
{"event": "heartbeat", "stage": "resource-sample", "elapsed_s": 942.0568969160086}
{"event": "heartbeat", "stage": "resource-sample", "elapsed_s": 952.0823814999894}
{"event": "heartbeat", "stage": "resource-sample", "elapsed_s": 962.1078983750194}
{"event": "heartbeat", "stage": "resource-sample", "elapsed_s": 972.1330218749936}
{"event": "heartbeat", "stage": "resource-sample", "elapsed_s": 982.1602470409707}
{"event": "heartbeat", "stage": "resource-sample", "elapsed_s": 992.1858074999764}
{"event": "heartbeat", "stage": "resource-sample", "elapsed_s": 1002.2132297079661}
{"event": "heartbeat", "stage": "resource-sample", "elapsed_s": 1012.2391056659981}
{"event": "heartbeat", "stage": "resource-sample", "elapsed_s": 1022.2652372500161}
{"event": "heartbeat", "stage": "resource-sample", "elapsed_s": 1032.2908681249828}
{"event": "heartbeat", "stage": "resource-sample", "elapsed_s": 1042.3171364580048}
{"event": "heartbeat", "stage": "resource-sample", "elapsed_s": 1052.3444410410011}
{"event": "heartbeat", "stage": "resource-sample", "elapsed_s": 1062.3703532500076}
{"event": "heartbeat", "stage": "resource-sample", "elapsed_s": 1072.38765387499}
{"event": "heartbeat", "stage": "resource-sample", "elapsed_s": 1082.4136286660214}
{"event": "heartbeat", "stage": "resource-sample", "elapsed_s": 1092.4404946659924}
{"event": "heartbeat", "stage": "resource-sample", "elapsed_s": 1102.466508499987}
{"event": "heartbeat", "stage": "resource-sample", "elapsed_s": 1112.4920603329665}
{"event": "heartbeat", "stage": "resource-sample", "elapsed_s": 1122.516761708015}
{"event": "heartbeat", "stage": "resource-sample", "elapsed_s": 1132.542140415986}
{"event": "heartbeat", "stage": "resource-sample", "elapsed_s": 1142.5675417910097}
{"event": "heartbeat", "stage": "resource-sample", "elapsed_s": 1152.592250916001}
{"event": "heartbeat", "stage": "resource-sample", "elapsed_s": 1162.6112130829715}
{"event": "heartbeat", "stage": "resource-sample", "elapsed_s": 1172.6370222499827}
{"event": "heartbeat", "stage": "resource-sample", "elapsed_s": 1182.6624364579911}
{"event": "heartbeat", "stage": "resource-sample", "elapsed_s": 1192.6882984159747}
{"event": "heartbeat", "stage": "resource-sample", "elapsed_s": 1202.7136509160046}
{"event": "heartbeat", "stage": "resource-sample", "elapsed_s": 1212.7392631249968}
{"event": "heartbeat", "stage": "resource-sample", "elapsed_s": 1222.7647141659982}
{"event": "heartbeat", "stage": "resource-sample", "elapsed_s": 1232.7903578329715}
{"event": "heartbeat", "stage": "resource-sample", "elapsed_s": 1242.8189986249781}
{"event": "heartbeat", "stage": "resource-sample", "elapsed_s": 1252.844133000006}
{"event": "heartbeat", "stage": "resource-sample", "elapsed_s": 1262.8700274159783}
{"event": "heartbeat", "stage": "resource-sample", "elapsed_s": 1272.8966747500235}
{"event": "heartbeat", "stage": "resource-sample", "elapsed_s": 1282.9219493750134}
{"event": "heartbeat", "stage": "resource-sample", "elapsed_s": 1292.9478314580047}
{"event": "heartbeat", "stage": "resource-sample", "elapsed_s": 1302.9758254159824}
{"event": "heartbeat", "stage": "resource-sample", "elapsed_s": 1313.0017268750235}
{"event": "heartbeat", "stage": "resource-sample", "elapsed_s": 1323.0253329160041}
{"event": "heartbeat", "stage": "resource-sample", "elapsed_s": 1333.0506838749861}
{"event": "heartbeat", "stage": "resource-sample", "elapsed_s": 1343.0760499580065}
{"event": "heartbeat", "stage": "resource-sample", "elapsed_s": 1353.1013916250085}
{"event": "heartbeat", "stage": "resource-sample", "elapsed_s": 1363.124595207977}
{"event": "heartbeat", "stage": "resource-sample", "elapsed_s": 1373.1502409579698}
{"event": "heartbeat", "stage": "resource-sample", "elapsed_s": 1383.1752148329979}
{"event": "heartbeat", "stage": "resource-sample", "elapsed_s": 1393.204064874968}
{"event": "heartbeat", "stage": "resource-sample", "elapsed_s": 1403.2302062910167}
{"event": "heartbeat", "stage": "resource-sample", "elapsed_s": 1413.2553108750144}
{"event": "heartbeat", "stage": "resource-sample", "elapsed_s": 1423.277414540993}
{"event": "heartbeat", "stage": "resource-sample", "elapsed_s": 1433.302848082967}
{"event": "heartbeat", "stage": "resource-sample", "elapsed_s": 1443.327982665971}
{"event": "heartbeat", "stage": "resource-sample", "elapsed_s": 1453.3531500410172}
{"event": "heartbeat", "stage": "resource-sample", "elapsed_s": 1463.3783800409874}
{"event": "heartbeat", "stage": "resource-sample", "elapsed_s": 1473.4050097910222}
{"event": "heartbeat", "stage": "resource-sample", "elapsed_s": 1483.4310867500026}
{"event": "heartbeat", "stage": "resource-sample", "elapsed_s": 1493.4563256250112}
{"event": "heartbeat", "stage": "resource-sample", "elapsed_s": 1503.4826104160165}
{"event": "heartbeat", "stage": "resource-sample", "elapsed_s": 1513.5113862080034}
{"event": "heartbeat", "stage": "resource-sample", "elapsed_s": 1523.5326667500194}
{"event": "heartbeat", "stage": "resource-sample", "elapsed_s": 1533.5584144159802}
{"event": "heartbeat", "stage": "resource-sample", "elapsed_s": 1543.5850480410154}
{"event": "heartbeat", "stage": "resource-sample", "elapsed_s": 1553.61010195798}
{"event": "heartbeat", "stage": "resource-sample", "elapsed_s": 1563.6353559999843}
{"event": "heartbeat", "stage": "resource-sample", "elapsed_s": 1573.6602565830108}
{"event": "heartbeat", "stage": "resource-sample", "elapsed_s": 1583.6894252080237}
{"event": "heartbeat", "stage": "resource-sample", "elapsed_s": 1593.715307291015}
{"event": "heartbeat", "stage": "resource-sample", "elapsed_s": 1603.7632203749963}
{"event": "heartbeat", "stage": "resource-sample", "elapsed_s": 1613.7907937499695}
{"event": "heartbeat", "stage": "resource-sample", "elapsed_s": 1623.8153698329697}
{"event": "heartbeat", "stage": "prefill-complete", "elapsed_s": 1624.1446757079684}
{"event": "heartbeat", "stage": "resource-sample", "elapsed_s": 1633.840371624974}
{"event": "heartbeat", "stage": "resource-sample", "elapsed_s": 1643.8671277079848}
{"event": "heartbeat", "stage": "turn-complete", "elapsed_s": 1645.4025490829954}
{"event": "heartbeat", "stage": "turn-complete", "elapsed_s": 1653.659943666018}
{"event": "heartbeat", "stage": "resource-sample", "elapsed_s": 1653.8901360000018}
{"event": "heartbeat", "stage": "turn-complete", "elapsed_s": 1663.00626658299}
{"event": "heartbeat", "stage": "resource-sample", "elapsed_s": 1663.9126064999728}
{"event": "heartbeat", "stage": "turn-complete", "elapsed_s": 1672.6478895000182}
{"event": "heartbeat", "stage": "resource-sample", "elapsed_s": 1673.937177749991}
{"event": "heartbeat", "stage": "turn-complete", "elapsed_s": 1680.5847329159733}
{"event": "heartbeat", "stage": "resource-sample", "elapsed_s": 1683.962110915978}
{"event": "heartbeat", "stage": "turn-complete", "elapsed_s": 1688.8383474579896}
{"event": "heartbeat", "stage": "resource-sample", "elapsed_s": 1693.990006832988}
{"event": "heartbeat", "stage": "turn-complete", "elapsed_s": 1698.1930789999897}
{"event": "heartbeat", "stage": "resource-sample", "elapsed_s": 1704.0145272910013}
{"event": "heartbeat", "stage": "resource-sample", "elapsed_s": 1714.039917749993}
{"event": "heartbeat", "stage": "turn-complete", "elapsed_s": 1715.1803312079865}
{"event": "heartbeat", "stage": "turn-complete", "elapsed_s": 1719.1304610410007}
