✔ HTTP fallback UUIDs use cryptographic v4 randomness (5.479917ms)
✔ secure-origin Web Locks remain ifAvailable with no fallback/stealing (0.545042ms)
✔ secure-origin lock keeps the complete asynchronous action (12.3575ms)
✔ untrusted text, reasoning, code and calls stay text (1.49375ms)
✔ links reject active schemes, relative URLs and credentials (0.23925ms)
✔ tool sources survive normal transcript rendering (0.138458ms)
✔ long unbroken backticks remain text without regex backtracking (0.101458ms)
✔ images never fetch network URLs from transcript (0.191375ms)
✔ safe Markdown blocks and inline formatting (0.816125ms)
✔ Markdown rejects executable links and keeps HTML literal (0.110833ms)
✔ stream updates append to stable text nodes, not whole response DOM (0.164875ms)
✔ completed streaming Markdown blocks finalize once; unfinished fences stay literal (0.190625ms)
✔ deep blockquotes have bounded nesting (0.188375ms)
✔ invalid table delimiter with huge whitespace stays linear/literal (0.12975ms)
✔ live reasoning stays hidden until public content arrives (0.069958ms)
ℹ tests 15
ℹ suites 0
ℹ pass 15
ℹ fail 0
ℹ cancelled 0
ℹ skipped 0
ℹ todo 0
ℹ duration_ms 57.108208
