FF                                                                       [100%]
=================================== FAILURES ===================================
_______________ test_metadata_cannot_inject_arbitrary_info_keys ________________

tmp_path = PosixPath('/private/var/folders/jk/0kx3l0t93zj6gwlgth99c6lc0000gn/T/pytest-of-kioju/pytest-25/test_metadata_cannot_inject_ar0')

    def test_metadata_cannot_inject_arbitrary_info_keys(tmp_path):
        writer=PdfWriter();writer.add_blank_page(width=600,height=780)
        writer.add_metadata({'/'+'X'*100000:'hidden payload','/Title':'t'*2000})
        stream=io.BytesIO();writer.write(stream)
        store,artifact=retain(tmp_path,stream.getvalue())
>       result=FetchPDFTool(store).run({'artifact_id':artifact.artifact_id,'mode':'text'})
                                                      ^^^^^^^^^^^^^^^^^^^^
E       AttributeError: 'Artifact' object has no attribute 'artifact_id'

tests/test_web_pdf_completion_resources.py:21: AttributeError
________ test_native_raster_output_ceiling_has_resource_classification _________

tmp_path = PosixPath('/private/var/folders/jk/0kx3l0t93zj6gwlgth99c6lc0000gn/T/pytest-of-kioju/pytest-25/test_native_raster_output_ceil0')

    def test_native_raster_output_ceiling_has_resource_classification(tmp_path):
        data=np.random.default_rng(0).integers(0,256,(2048,2048,3),dtype=np.uint8)
        stream=io.BytesIO();Image.fromarray(data).save(stream,format='JPEG',quality=75)
        writer=PdfWriter();obj=StreamObject();obj._data=stream.getvalue()
        obj.update({NameObject('/Type'):NameObject('/XObject'),NameObject('/Subtype'):NameObject('/Image'),NameObject('/Filter'):NameObject('/DCTDecode'),NameObject('/Width'):NumberObject(2048),NameObject('/Height'):NumberObject(2048),NameObject('/ColorSpace'):NameObject('/DeviceRGB'),NameObject('/BitsPerComponent'):NumberObject(8)})
        image=writer._add_object(obj)
        for _ in range(4):
            page=writer.add_blank_page(width=1365,height=1365)
            page[NameObject('/Resources')]=DictionaryObject({NameObject('/XObject'):DictionaryObject({NameObject('/I'):image})})
            commands=DecodedStreamObject();commands.set_data(b'q 1365 0 0 1365 0 0 cm /I Do Q')
            page[NameObject('/Contents')]=writer._add_object(commands)
        stream=io.BytesIO();writer.write(stream);original=stream.getvalue();assert len(original)<8*1024*1024
        store,artifact=retain(tmp_path,original)
>       result=FetchPDFTool(store).run({'artifact_id':artifact.artifact_id,'pages':[1,2,3,4],'mode':'visual'})
                                                      ^^^^^^^^^^^^^^^^^^^^
E       AttributeError: 'Artifact' object has no attribute 'artifact_id'

tests/test_web_pdf_completion_resources.py:40: AttributeError
=========================== short test summary info ============================
FAILED tests/test_web_pdf_completion_resources.py::test_metadata_cannot_inject_arbitrary_info_keys
FAILED tests/test_web_pdf_completion_resources.py::test_native_raster_output_ceiling_has_resource_classification
2 failed in 0.31s
