0.0s loading admitted checkpoint
319.1s independent OFF oracles complete
327.3s cycle 0 accepted 8 PASS
327.8s cycle 1 accepted 4 PASS
328.2s cycle 2 accepted 1 PASS
328.6s cycle 3 accepted 0 PASS
329.0s cycle 4 accepted 6 PASS
337.4s arbitrary prefix 1 PASS
345.6s arbitrary prefix 2 PASS
353.9s arbitrary prefix 3 PASS
362.1s arbitrary prefix 4 PASS
370.4s arbitrary prefix 5 PASS
378.6s arbitrary prefix 6 PASS
386.9s arbitrary prefix 7 PASS
395.1s cancel after materialization=False PASS
403.4s cancel after materialization=True PASS
411.7s fault materialize-before/-1/-1 PASS
420.3s fault materialize-after/-1/-1 PASS
428.9s fault materialize-state/19/-1 PASS
437.4s fault prepare/19/-1 PASS
446.0s fault publish/0/0 PASS
454.6s fault publish/0/1 PASS
463.1s fault publish/2/2 PASS
471.7s fault publish/2/3 PASS
480.4s fault publish/2/4 PASS
488.9s fault publish/2/5 PASS
497.5s fault publish/0/6 PASS
506.1s fault publish/39/lengths PASS
514.7s fault publish/39/left_padding PASS
523.4s fault publication-boundary/-1/-1 PASS
532.0s fault owner-publication/-1/-1 PASS
551.2s matched M50 OFF state/performance regression PASS
551.2s checkpoint qualification PASS; see separate physical prefix/storage audit
