0.0001292080050916411 load
312.76849650000077 tool JSON
315.6450582500038 response completed
315.6487398329991 tool completion / effect authorization
315.66171100000065 effect result
315.66566687500017 tool result continuation
316.67479854100384 response completed
316.6768823750026 repeated assistant generation
317.0369477080021 response completed
317.040210500003 tool SSE
319.80043658300565 response completed
319.8009243330016 tool completion / effect authorization
319.80555191600433 effect result
319.80952487500326 tool result continuation
320.8062569160029 response completed
320.8106428750034 repeated assistant generation
321.1658323750016 response completed
321.16901670800144 tool SSE
323.92790470800537 response completed
323.92852108300576 tool completion / effect authorization
323.9354228750017 effect result
323.93916325000464 tool result continuation
324.935957624999 response completed
324.93844425000134 repeated assistant generation
325.2945845409995 response completed
325.29528954100533 second tool cycle
327.36928270800126 response completed
327.37300533300004 second tool result continuation
328.3904639579996 response completed
328.39430437500414 tool SSE
331.175559041003 response completed
331.1784990830056 tool completion / effect authorization
331.18504337500053 effect result
331.1896228330006 tool result continuation
332.19275624999864 response completed
332.1953677499987 repeated assistant generation
332.5552782500017 response completed
332.5610383750027 tool pre-completion partial SSE disconnect
335.07767270800105 response completed
335.0851305000033 ordinary disconnect
336.8986097080051 response completed
336.90172975000314 ordinary re-entry / new generation
337.7669608750002 response completed
338.0354703330013 complete
