0.0s loading admitted checkpoint
321.6s independent OFF oracles complete
330.0s cycle 0 accepted 8 PASS
330.5s cycle 1 accepted 4 PASS
330.9s cycle 2 accepted 1 PASS
331.3s cycle 3 accepted 0 PASS
331.7s cycle 4 accepted 6 PASS
340.3s arbitrary prefix 1 PASS
348.7s arbitrary prefix 2 PASS
357.2s arbitrary prefix 3 PASS
365.6s arbitrary prefix 4 PASS
374.1s arbitrary prefix 5 PASS
382.5s arbitrary prefix 6 PASS
391.0s arbitrary prefix 7 PASS
399.4s cancel after materialization=False PASS
407.9s cancel after materialization=True PASS
416.3s fault materialize-before/-1/-1 PASS
424.8s fault materialize-after/-1/-1 PASS
433.2s fault materialize-state/19/-1 PASS
441.7s fault prepare/19/-1 PASS
450.2s fault publish/0/0 PASS
458.7s fault publish/0/1 PASS
467.3s fault publish/2/2 PASS
475.9s fault publish/2/3 PASS
484.6s fault publish/2/4 PASS
493.2s fault publish/2/5 PASS
502.0s fault publish/0/6 PASS
510.7s fault publish/39/lengths PASS
519.5s fault publish/39/left_padding PASS
528.3s fault publication-boundary/-1/-1 PASS
537.0s fault owner-publication/-1/-1 PASS
556.9s matched M50 OFF state/performance regression PASS
557.0s checkpoint qualification PASS; see separate physical prefix/storage audit
