{
  "off": {
    "tokens": 41,
    "frontier": 283,
    "integrated_decode_tok_s": 15.606459236983865,
    "full_http_tok_s": 10.90518926062658,
    "offered": 0,
    "accepted": 0,
    "acceptance": null,
    "mean_phase_s": {
      "application_publication_s": 1.0597332826970765e-05,
      "normal_decode_epoch": 2.6271173606655793,
      "prefill_handoff_s": 0.38893502733359736,
      "protected_target_step_s": 2.62206339033825,
      "response_serialization_reservation_s": 8.874335132228831e-06,
      "target_forward_s": 1.3621635540209052
    },
    "resources": {
      "parent_retired": true,
      "child_retired": null,
      "receipts": null,
      "producers": null,
      "active_sessions": 0,
      "candidate_executor_closed": null
    }
  },
  "first-party-mtp-development": {
    "tokens": 41,
    "frontier": 283,
    "integrated_decode_tok_s": 11.680374111936832,
    "full_http_tok_s": 8.740440235605131,
    "offered": 102,
    "accepted": 96,
    "acceptance": 0.9411764705882353,
    "mean_phase_s": {
      "M51_journal_setup_s": 0.047260763341910206,
      "M51_settlement_s": 0.04555775000335416,
      "M8_accounting_s": 0.0010827086589415558,
      "adapter_execution_s": 3.1777342789961645,
      "application_publication_s": 9.833333024289459e-06,
      "normal_decode_epoch": 3.5101615416666996,
      "prefill_handoff_s": 0.8449193333314421,
      "proposal_s": 0.18010314067214495,
      "protected_target_step_s": 0.15272963933239225,
      "recipe_report_s": 0.0014742369918773572,
      "response_serialization_reservation_s": 9.16699597534413e-06,
      "semantic_preview_authorization_s": 0.000439083337065919,
      "target_forward_s": 1.7076727779907135,
      "target_verify_s": 2.867646276320253
    },
    "resources": {
      "parent_retired": true,
      "child_retired": true,
      "receipts": 0,
      "producers": 0,
      "active_sessions": 0,
      "candidate_executor_closed": null
    }
  },
  "candidate": {
    "tokens": 41,
    "frontier": 283,
    "integrated_decode_tok_s": 31.323944396650766,
    "full_http_tok_s": 14.79578501165105,
    "offered": 90,
    "accepted": 87,
    "acceptance": 0.9666666666666667,
    "mean_phase_s": {
      "candidate_cache_ops_s": 0.005788375664754615,
      "candidate_decode_step_s": 1.2335622513346607,
      "candidate_proposal_s": 0.04279972333461046,
      "candidate_recipe_report_s": 0.0005725003138650209,
      "candidate_sampling_s": 0.002684583336910388,
      "candidate_semantic_preview_s": 0.0004981533299239042,
      "candidate_settle_report_s": 0.0686696109987679,
      "candidate_target_verify_s": 1.0107680696601165,
      "prefill_handoff_s": 1.4593526389993106
    },
    "resources": {
      "parent_retired": null,
      "child_retired": null,
      "receipts": null,
      "producers": null,
      "active_sessions": 0,
      "candidate_executor_closed": true
    }
  }
}
