{"event": "progress", "mode": "p8-16384", "count": 16384, "stage": "start-cold", "elapsed_wall_s": 0.0}
{"event": "progress", "mode": "p8-16384", "count": 16384, "stage": "done-cold", "elapsed_wall_s": 16.44531700000516}
{"event": "progress", "mode": "p8-16384", "count": 16384, "stage": "start-warm1", "elapsed_wall_s": 0.0}
{"event": "progress", "mode": "p8-16384", "count": 16384, "stage": "done-warm1", "elapsed_wall_s": 16.36117654100235}
{"event": "progress", "mode": "p8-16384", "count": 16384, "stage": "start-warm2", "elapsed_wall_s": 0.0}
{"event": "progress", "mode": "p8-16384", "count": 16384, "stage": "done-warm2", "elapsed_wall_s": 16.31258974999946}
{"event": "progress", "mode": "p8-16384", "count": 16384, "stage": "start-warm3", "elapsed_wall_s": 0.0}
{"event": "progress", "mode": "p8-16384", "count": 16384, "stage": "done-warm3", "elapsed_wall_s": 16.40703245799523}
{"status": "PASS", "out": "artifacts/p8-evidence/p8-coldwarm-16384.json", "summary": {"cold_prefill_s": 16.44531700000516, "warm": {"median": 16.36117654100235, "min": 16.31258974999946, "max": 16.40703245799523, "range": 0.0944427079957677}, "cold_warm_ratio": 1.005142690001049}}
{
  "supervisor": {
    "status": "PASS",
    "reason": null,
    "last_progress": {
      "event": "progress",
      "mode": "p8-16384",
      "count": 16384,
      "stage": "done-warm3",
      "elapsed_wall_s": 16.40703245799523
    },
    "elapsed_wall_s": 154.41803775000153,
    "returncode": 0
  }
}
