{"event": "progress", "mode": "p8-8192", "count": 8192, "stage": "start-cold", "elapsed_wall_s": 0.0}
{"event": "progress", "mode": "p8-8192", "count": 8192, "stage": "done-cold", "elapsed_wall_s": 8.907910541005549}
{"event": "progress", "mode": "p8-8192", "count": 8192, "stage": "start-warm1", "elapsed_wall_s": 0.0}
{"event": "progress", "mode": "p8-8192", "count": 8192, "stage": "done-warm1", "elapsed_wall_s": 8.800816540999222}
{"event": "progress", "mode": "p8-8192", "count": 8192, "stage": "start-warm2", "elapsed_wall_s": 0.0}
{"event": "progress", "mode": "p8-8192", "count": 8192, "stage": "done-warm2", "elapsed_wall_s": 8.688651749995188}
{"event": "progress", "mode": "p8-8192", "count": 8192, "stage": "start-warm3", "elapsed_wall_s": 0.0}
{"event": "progress", "mode": "p8-8192", "count": 8192, "stage": "done-warm3", "elapsed_wall_s": 8.734495374999824}
{"status": "PASS", "out": "artifacts/p8-evidence/p8-coldwarm-8192.json", "summary": {"cold_prefill_s": 8.907910541005549, "warm": {"median": 8.734495374999824, "min": 8.688651749995188, "max": 8.800816540999222, "range": 0.11216479100403376}, "cold_warm_ratio": 1.0198540566524403}}
{
  "supervisor": {
    "status": "PASS",
    "reason": null,
    "last_progress": {
      "event": "progress",
      "mode": "p8-8192",
      "count": 8192,
      "stage": "done-warm3",
      "elapsed_wall_s": 8.734495374999824
    },
    "elapsed_wall_s": 120.60318554200057,
    "returncode": 0
  }
}
