/Users/kioju/.venvs/omlx-0.7.0.release/lib/python3.13/site-packages/setuptools/config/_apply_pyprojecttoml.py:82: SetuptoolsDeprecationWarning: `project.license` as a TOML table is deprecated
!!

        ********************************************************************************
        Please use a simple string containing a SPDX expression for `project.license`. You can also use `project.license-files`. (Both options available on setuptools>=77.0.0).

        By 2027-Feb-18, you need to update your project and remove deprecated calls
        or your builds will no longer be supported.

        See https://packaging.python.org/en/latest/guides/writing-pyproject-toml/#license for details.
        ********************************************************************************

!!
  corresp(dist, value, root_dir)
/Users/kioju/.venvs/omlx-0.7.0.release/lib/python3.13/site-packages/setuptools/config/_apply_pyprojecttoml.py:61: SetuptoolsDeprecationWarning: License classifiers are deprecated.
!!

        ********************************************************************************
        Please consider removing the following classifiers in favor of a SPDX license expression:

        License :: OSI Approved :: Apache Software License

        See https://packaging.python.org/en/latest/guides/writing-pyproject-toml/#license for details.
        ********************************************************************************

!!
  dist._finalize_license_expression()
/Users/kioju/.venvs/omlx-0.7.0.release/lib/python3.13/site-packages/setuptools/dist.py:765: SetuptoolsDeprecationWarning: License classifiers are deprecated.
!!

        ********************************************************************************
        Please consider removing the following classifiers in favor of a SPDX license expression:

        License :: OSI Approved :: Apache Software License

        See https://packaging.python.org/en/latest/guides/writing-pyproject-toml/#license for details.
        ********************************************************************************

!!
  self._finalize_license_expression()
running build_ext
-- The CXX compiler identification is AppleClang 21.0.0.21000101
-- Detecting CXX compiler ABI info
-- Detecting CXX compiler ABI info - done
-- Check for working CXX compiler: /usr/bin/c++ - skipped
-- Detecting CXX compile features
-- Detecting CXX compile features - done
-- Found Python: /Users/kioju/.venvs/omlx-0.7.0.release/bin/python (found suitable version "3.13.15", minimum required is "3.8") found components: Interpreter Development.Module
-- Found MLX: /Users/kioju/.venvs/omlx-0.7.0.release/lib/python3.13/site-packages/mlx/lib/libmlx.dylib
-- Configuring done (1.2s)
-- Generating done (0.0s)
CMake Warning:
  Manually-specified variables were not used by the project:

    Python3_EXECUTABLE


-- Build files have been written to: /Users/kioju/omlx-0.7.0.release/build/temp.macosx-26.0-arm64-cpython-313/omlx.custom_kernels.bonsai._ext
[ 16%] Building spec_decode.air
[ 16%] Building bonsai_quantized.air
[ 16%] Building CXX object CMakeFiles/nanobind-static.dir/Users/kioju/.venvs/omlx-0.7.0.release/lib/python3.13/site-packages/nanobind/src/nb_func.cpp.o
[ 22%] Building CXX object CMakeFiles/nanobind-static.dir/Users/kioju/.venvs/omlx-0.7.0.release/lib/python3.13/site-packages/nanobind/src/nb_internals.cpp.o
[ 27%] Building CXX object CMakeFiles/nanobind-static.dir/Users/kioju/.venvs/omlx-0.7.0.release/lib/python3.13/site-packages/nanobind/src/nb_type.cpp.o
[ 33%] Building CXX object CMakeFiles/nanobind-static.dir/Users/kioju/.venvs/omlx-0.7.0.release/lib/python3.13/site-packages/nanobind/src/nb_static_property.cpp.o
[ 38%] Building CXX object CMakeFiles/nanobind-static.dir/Users/kioju/.venvs/omlx-0.7.0.release/lib/python3.13/site-packages/nanobind/src/nb_enum.cpp.o
[ 44%] Building CXX object CMakeFiles/nanobind-static.dir/Users/kioju/.venvs/omlx-0.7.0.release/lib/python3.13/site-packages/nanobind/src/nb_ndarray.cpp.o
[ 66%] Building CXX object CMakeFiles/nanobind-static.dir/Users/kioju/.venvs/omlx-0.7.0.release/lib/python3.13/site-packages/nanobind/src/implicit.cpp.o
[ 66%] Building CXX object CMakeFiles/nanobind-static.dir/Users/kioju/.venvs/omlx-0.7.0.release/lib/python3.13/site-packages/nanobind/src/trampoline.cpp.o
[ 66%] Building CXX object CMakeFiles/nanobind-static.dir/Users/kioju/.venvs/omlx-0.7.0.release/lib/python3.13/site-packages/nanobind/src/error.cpp.o
[ 66%] Building CXX object CMakeFiles/nanobind-static.dir/Users/kioju/.venvs/omlx-0.7.0.release/lib/python3.13/site-packages/nanobind/src/common.cpp.o
[ 72%] Linking CXX static library libnanobind-static.a
In file included from /Users/kioju/omlx-0.7.0.release/omlx/custom_kernels/bonsai/csrc/bonsai_quantized.metal:16:
/Users/kioju/omlx-0.7.0.release/omlx/custom_kernels/bonsai/csrc/quantized.h:1494:29: warning: unused parameter 'lut' [-Wunused-parameter]
    threadgroup const uint* lut,
                            ^
/Users/kioju/omlx-0.7.0.release/omlx/custom_kernels/bonsai/csrc/quantized.h:951:67: warning: comparison of integers of different signs: 'unsigned int' and 'const constant int' [-Wsign-compare]
    bool in_bounds = (aligned_end + simd_lid * values_per_thread) < in_vec_size;
                      ~~~~~~~~~~~~~~~~~~~~~~~~~~~~~~~~~~~~~~~~~~  ^ ~~~~~~~~~~~
/Users/kioju/omlx-0.7.0.release/omlx/custom_kernels/bonsai/csrc/quantized.h:2306:3: note: in instantiation of function template specialization 'qmv_fast_impl<float, 32, 1, false>' requested here
  qmv_fast_impl<T, group_size, bits>(
  ^
/Users/kioju/omlx-0.7.0.release/omlx/custom_kernels/bonsai/csrc/quantized.h:951:67: warning: comparison of integers of different signs: 'unsigned int' and 'const constant int' [-Wsign-compare]
    bool in_bounds = (aligned_end + simd_lid * values_per_thread) < in_vec_size;
                      ~~~~~~~~~~~~~~~~~~~~~~~~~~~~~~~~~~~~~~~~~~  ^ ~~~~~~~~~~~
/Users/kioju/omlx-0.7.0.release/omlx/custom_kernels/bonsai/csrc/quantized.h:2306:3: note: in instantiation of function template specialization 'qmv_fast_impl<half, 32, 1, false>' requested here
  qmv_fast_impl<T, group_size, bits>(
  ^
[ 72%] Built target nanobind-static
/Users/kioju/omlx-0.7.0.release/omlx/custom_kernels/bonsai/csrc/quantized.h:951:67: warning: comparison of integers of different signs: 'unsigned int' and 'const constant int' [-Wsign-compare]
    bool in_bounds = (aligned_end + simd_lid * values_per_thread) < in_vec_size;
                      ~~~~~~~~~~~~~~~~~~~~~~~~~~~~~~~~~~~~~~~~~~  ^ ~~~~~~~~~~~
/Users/kioju/omlx-0.7.0.release/omlx/custom_kernels/bonsai/csrc/quantized.h:2306:3: note: in instantiation of function template specialization 'qmv_fast_impl<bfloat, 32, 1, false>' requested here
  qmv_fast_impl<T, group_size, bits>(
  ^
/Users/kioju/omlx-0.7.0.release/omlx/custom_kernels/bonsai/csrc/quantized.h:951:67: warning: comparison of integers of different signs: 'unsigned int' and 'const constant int' [-Wsign-compare]
    bool in_bounds = (aligned_end + simd_lid * values_per_thread) < in_vec_size;
                      ~~~~~~~~~~~~~~~~~~~~~~~~~~~~~~~~~~~~~~~~~~  ^ ~~~~~~~~~~~
/Users/kioju/omlx-0.7.0.release/omlx/custom_kernels/bonsai/csrc/quantized.h:2306:3: note: in instantiation of function template specialization 'qmv_fast_impl<float, 64, 1, false>' requested here
  qmv_fast_impl<T, group_size, bits>(
  ^
/Users/kioju/omlx-0.7.0.release/omlx/custom_kernels/bonsai/csrc/quantized.h:951:67: warning: comparison of integers of different signs: 'unsigned int' and 'const constant int' [-Wsign-compare]
    bool in_bounds = (aligned_end + simd_lid * values_per_thread) < in_vec_size;
                      ~~~~~~~~~~~~~~~~~~~~~~~~~~~~~~~~~~~~~~~~~~  ^ ~~~~~~~~~~~
/Users/kioju/omlx-0.7.0.release/omlx/custom_kernels/bonsai/csrc/quantized.h:2306:3: note: in instantiation of function template specialization 'qmv_fast_impl<half, 64, 1, false>' requested here
  qmv_fast_impl<T, group_size, bits>(
  ^
/Users/kioju/omlx-0.7.0.release/omlx/custom_kernels/bonsai/csrc/quantized.h:951:67: warning: comparison of integers of different signs: 'unsigned int' and 'const constant int' [-Wsign-compare]
    bool in_bounds = (aligned_end + simd_lid * values_per_thread) < in_vec_size;
                      ~~~~~~~~~~~~~~~~~~~~~~~~~~~~~~~~~~~~~~~~~~  ^ ~~~~~~~~~~~
/Users/kioju/omlx-0.7.0.release/omlx/custom_kernels/bonsai/csrc/quantized.h:2306:3: note: in instantiation of function template specialization 'qmv_fast_impl<bfloat, 64, 1, false>' requested here
  qmv_fast_impl<T, group_size, bits>(
  ^
/Users/kioju/omlx-0.7.0.release/omlx/custom_kernels/bonsai/csrc/quantized.h:951:67: warning: comparison of integers of different signs: 'unsigned int' and 'const constant int' [-Wsign-compare]
    bool in_bounds = (aligned_end + simd_lid * values_per_thread) < in_vec_size;
                      ~~~~~~~~~~~~~~~~~~~~~~~~~~~~~~~~~~~~~~~~~~  ^ ~~~~~~~~~~~
/Users/kioju/omlx-0.7.0.release/omlx/custom_kernels/bonsai/csrc/quantized.h:2306:3: note: in instantiation of function template specialization 'qmv_fast_impl<float, 128, 1, false>' requested here
  qmv_fast_impl<T, group_size, bits>(
  ^
/Users/kioju/omlx-0.7.0.release/omlx/custom_kernels/bonsai/csrc/quantized.h:951:67: warning: comparison of integers of different signs: 'unsigned int' and 'const constant int' [-Wsign-compare]
    bool in_bounds = (aligned_end + simd_lid * values_per_thread) < in_vec_size;
                      ~~~~~~~~~~~~~~~~~~~~~~~~~~~~~~~~~~~~~~~~~~  ^ ~~~~~~~~~~~
/Users/kioju/omlx-0.7.0.release/omlx/custom_kernels/bonsai/csrc/quantized.h:2306:3: note: in instantiation of function template specialization 'qmv_fast_impl<half, 128, 1, false>' requested here
  qmv_fast_impl<T, group_size, bits>(
  ^
/Users/kioju/omlx-0.7.0.release/omlx/custom_kernels/bonsai/csrc/quantized.h:951:67: warning: comparison of integers of different signs: 'unsigned int' and 'const constant int' [-Wsign-compare]
    bool in_bounds = (aligned_end + simd_lid * values_per_thread) < in_vec_size;
                      ~~~~~~~~~~~~~~~~~~~~~~~~~~~~~~~~~~~~~~~~~~  ^ ~~~~~~~~~~~
/Users/kioju/omlx-0.7.0.release/omlx/custom_kernels/bonsai/csrc/quantized.h:2306:3: note: in instantiation of function template specialization 'qmv_fast_impl<bfloat, 128, 1, false>' requested here
  qmv_fast_impl<T, group_size, bits>(
  ^
/Users/kioju/omlx-0.7.0.release/omlx/custom_kernels/bonsai/csrc/quantized.h:951:67: warning: comparison of integers of different signs: 'unsigned int' and 'const constant int' [-Wsign-compare]
    bool in_bounds = (aligned_end + simd_lid * values_per_thread) < in_vec_size;
                      ~~~~~~~~~~~~~~~~~~~~~~~~~~~~~~~~~~~~~~~~~~  ^ ~~~~~~~~~~~
/Users/kioju/omlx-0.7.0.release/omlx/custom_kernels/bonsai/csrc/quantized.h:2306:3: note: in instantiation of function template specialization 'qmv_fast_impl<float, 32, 2, false>' requested here
  qmv_fast_impl<T, group_size, bits>(
  ^
/Users/kioju/omlx-0.7.0.release/omlx/custom_kernels/bonsai/csrc/quantized.h:951:67: warning: comparison of integers of different signs: 'unsigned int' and 'const constant int' [-Wsign-compare]
    bool in_bounds = (aligned_end + simd_lid * values_per_thread) < in_vec_size;
                      ~~~~~~~~~~~~~~~~~~~~~~~~~~~~~~~~~~~~~~~~~~  ^ ~~~~~~~~~~~
/Users/kioju/omlx-0.7.0.release/omlx/custom_kernels/bonsai/csrc/quantized.h:2306:3: note: in instantiation of function template specialization 'qmv_fast_impl<half, 32, 2, false>' requested here
  qmv_fast_impl<T, group_size, bits>(
  ^
/Users/kioju/omlx-0.7.0.release/omlx/custom_kernels/bonsai/csrc/quantized.h:951:67: warning: comparison of integers of different signs: 'unsigned int' and 'const constant int' [-Wsign-compare]
    bool in_bounds = (aligned_end + simd_lid * values_per_thread) < in_vec_size;
                      ~~~~~~~~~~~~~~~~~~~~~~~~~~~~~~~~~~~~~~~~~~  ^ ~~~~~~~~~~~
/Users/kioju/omlx-0.7.0.release/omlx/custom_kernels/bonsai/csrc/quantized.h:2306:3: note: in instantiation of function template specialization 'qmv_fast_impl<bfloat, 32, 2, false>' requested here
  qmv_fast_impl<T, group_size, bits>(
  ^
/Users/kioju/omlx-0.7.0.release/omlx/custom_kernels/bonsai/csrc/quantized.h:951:67: warning: comparison of integers of different signs: 'unsigned int' and 'const constant int' [-Wsign-compare]
    bool in_bounds = (aligned_end + simd_lid * values_per_thread) < in_vec_size;
                      ~~~~~~~~~~~~~~~~~~~~~~~~~~~~~~~~~~~~~~~~~~  ^ ~~~~~~~~~~~
/Users/kioju/omlx-0.7.0.release/omlx/custom_kernels/bonsai/csrc/quantized.h:2306:3: note: in instantiation of function template specialization 'qmv_fast_impl<float, 64, 2, false>' requested here
  qmv_fast_impl<T, group_size, bits>(
  ^
/Users/kioju/omlx-0.7.0.release/omlx/custom_kernels/bonsai/csrc/quantized.h:951:67: warning: comparison of integers of different signs: 'unsigned int' and 'const constant int' [-Wsign-compare]
    bool in_bounds = (aligned_end + simd_lid * values_per_thread) < in_vec_size;
                      ~~~~~~~~~~~~~~~~~~~~~~~~~~~~~~~~~~~~~~~~~~  ^ ~~~~~~~~~~~
/Users/kioju/omlx-0.7.0.release/omlx/custom_kernels/bonsai/csrc/quantized.h:2306:3: note: in instantiation of function template specialization 'qmv_fast_impl<half, 64, 2, false>' requested here
  qmv_fast_impl<T, group_size, bits>(
  ^
/Users/kioju/omlx-0.7.0.release/omlx/custom_kernels/bonsai/csrc/quantized.h:951:67: warning: comparison of integers of different signs: 'unsigned int' and 'const constant int' [-Wsign-compare]
    bool in_bounds = (aligned_end + simd_lid * values_per_thread) < in_vec_size;
                      ~~~~~~~~~~~~~~~~~~~~~~~~~~~~~~~~~~~~~~~~~~  ^ ~~~~~~~~~~~
/Users/kioju/omlx-0.7.0.release/omlx/custom_kernels/bonsai/csrc/quantized.h:2306:3: note: in instantiation of function template specialization 'qmv_fast_impl<bfloat, 64, 2, false>' requested here
  qmv_fast_impl<T, group_size, bits>(
  ^
/Users/kioju/omlx-0.7.0.release/omlx/custom_kernels/bonsai/csrc/quantized.h:951:67: warning: comparison of integers of different signs: 'unsigned int' and 'const constant int' [-Wsign-compare]
    bool in_bounds = (aligned_end + simd_lid * values_per_thread) < in_vec_size;
                      ~~~~~~~~~~~~~~~~~~~~~~~~~~~~~~~~~~~~~~~~~~  ^ ~~~~~~~~~~~
/Users/kioju/omlx-0.7.0.release/omlx/custom_kernels/bonsai/csrc/quantized.h:2306:3: note: in instantiation of function template specialization 'qmv_fast_impl<float, 128, 2, false>' requested here
  qmv_fast_impl<T, group_size, bits>(
  ^
/Users/kioju/omlx-0.7.0.release/omlx/custom_kernels/bonsai/csrc/quantized.h:951:67: warning: comparison of integers of different signs: 'unsigned int' and 'const constant int' [-Wsign-compare]
    bool in_bounds = (aligned_end + simd_lid * values_per_thread) < in_vec_size;
                      ~~~~~~~~~~~~~~~~~~~~~~~~~~~~~~~~~~~~~~~~~~  ^ ~~~~~~~~~~~
/Users/kioju/omlx-0.7.0.release/omlx/custom_kernels/bonsai/csrc/quantized.h:2306:3: note: in instantiation of function template specialization 'qmv_fast_impl<half, 128, 2, false>' requested here
  qmv_fast_impl<T, group_size, bits>(
  ^
/Users/kioju/omlx-0.7.0.release/omlx/custom_kernels/bonsai/csrc/quantized.h:951:67: warning: comparison of integers of different signs: 'unsigned int' and 'const constant int' [-Wsign-compare]
    bool in_bounds = (aligned_end + simd_lid * values_per_thread) < in_vec_size;
                      ~~~~~~~~~~~~~~~~~~~~~~~~~~~~~~~~~~~~~~~~~~  ^ ~~~~~~~~~~~
/Users/kioju/omlx-0.7.0.release/omlx/custom_kernels/bonsai/csrc/quantized.h:2306:3: note: in instantiation of function template specialization 'qmv_fast_impl<bfloat, 128, 2, false>' requested here
  qmv_fast_impl<T, group_size, bits>(
  ^
/Users/kioju/omlx-0.7.0.release/omlx/custom_kernels/bonsai/csrc/quantized.h:951:67: warning: comparison of integers of different signs: 'unsigned int' and 'const constant int' [-Wsign-compare]
    bool in_bounds = (aligned_end + simd_lid * values_per_thread) < in_vec_size;
                      ~~~~~~~~~~~~~~~~~~~~~~~~~~~~~~~~~~~~~~~~~~  ^ ~~~~~~~~~~~
/Users/kioju/omlx-0.7.0.release/omlx/custom_kernels/bonsai/csrc/quantized.h:2349:3: note: in instantiation of function template specialization 'qmv_fast_impl<float, 32, 1, true>' requested here
  qmv_fast_impl<T, group_size, bits, /*symmetric=*/true>(
  ^
/Users/kioju/omlx-0.7.0.release/omlx/custom_kernels/bonsai/csrc/quantized.h:951:67: warning: comparison of integers of different signs: 'unsigned int' and 'const constant int' [-Wsign-compare]
    bool in_bounds = (aligned_end + simd_lid * values_per_thread) < in_vec_size;
                      ~~~~~~~~~~~~~~~~~~~~~~~~~~~~~~~~~~~~~~~~~~  ^ ~~~~~~~~~~~
/Users/kioju/omlx-0.7.0.release/omlx/custom_kernels/bonsai/csrc/quantized.h:2349:3: note: in instantiation of function template specialization 'qmv_fast_impl<half, 32, 1, true>' requested here
  qmv_fast_impl<T, group_size, bits, /*symmetric=*/true>(
  ^
/Users/kioju/omlx-0.7.0.release/omlx/custom_kernels/bonsai/csrc/quantized.h:951:67: warning: comparison of integers of different signs: 'unsigned int' and 'const constant int' [-Wsign-compare]
    bool in_bounds = (aligned_end + simd_lid * values_per_thread) < in_vec_size;
                      ~~~~~~~~~~~~~~~~~~~~~~~~~~~~~~~~~~~~~~~~~~  ^ ~~~~~~~~~~~
/Users/kioju/omlx-0.7.0.release/omlx/custom_kernels/bonsai/csrc/quantized.h:2349:3: note: in instantiation of function template specialization 'qmv_fast_impl<bfloat, 32, 1, true>' requested here
  qmv_fast_impl<T, group_size, bits, /*symmetric=*/true>(
  ^
/Users/kioju/omlx-0.7.0.release/omlx/custom_kernels/bonsai/csrc/quantized.h:951:67: warning: comparison of integers of different signs: 'unsigned int' and 'const constant int' [-Wsign-compare]
    bool in_bounds = (aligned_end + simd_lid * values_per_thread) < in_vec_size;
                      ~~~~~~~~~~~~~~~~~~~~~~~~~~~~~~~~~~~~~~~~~~  ^ ~~~~~~~~~~~
/Users/kioju/omlx-0.7.0.release/omlx/custom_kernels/bonsai/csrc/quantized.h:2349:3: note: in instantiation of function template specialization 'qmv_fast_impl<float, 64, 1, true>' requested here
  qmv_fast_impl<T, group_size, bits, /*symmetric=*/true>(
  ^
/Users/kioju/omlx-0.7.0.release/omlx/custom_kernels/bonsai/csrc/quantized.h:951:67: warning: comparison of integers of different signs: 'unsigned int' and 'const constant int' [-Wsign-compare]
    bool in_bounds = (aligned_end + simd_lid * values_per_thread) < in_vec_size;
                      ~~~~~~~~~~~~~~~~~~~~~~~~~~~~~~~~~~~~~~~~~~  ^ ~~~~~~~~~~~
/Users/kioju/omlx-0.7.0.release/omlx/custom_kernels/bonsai/csrc/quantized.h:2349:3: note: in instantiation of function template specialization 'qmv_fast_impl<half, 64, 1, true>' requested here
  qmv_fast_impl<T, group_size, bits, /*symmetric=*/true>(
  ^
/Users/kioju/omlx-0.7.0.release/omlx/custom_kernels/bonsai/csrc/quantized.h:951:67: warning: comparison of integers of different signs: 'unsigned int' and 'const constant int' [-Wsign-compare]
    bool in_bounds = (aligned_end + simd_lid * values_per_thread) < in_vec_size;
                      ~~~~~~~~~~~~~~~~~~~~~~~~~~~~~~~~~~~~~~~~~~  ^ ~~~~~~~~~~~
/Users/kioju/omlx-0.7.0.release/omlx/custom_kernels/bonsai/csrc/quantized.h:2349:3: note: in instantiation of function template specialization 'qmv_fast_impl<bfloat, 64, 1, true>' requested here
  qmv_fast_impl<T, group_size, bits, /*symmetric=*/true>(
  ^
/Users/kioju/omlx-0.7.0.release/omlx/custom_kernels/bonsai/csrc/quantized.h:951:67: warning: comparison of integers of different signs: 'unsigned int' and 'const constant int' [-Wsign-compare]
    bool in_bounds = (aligned_end + simd_lid * values_per_thread) < in_vec_size;
                      ~~~~~~~~~~~~~~~~~~~~~~~~~~~~~~~~~~~~~~~~~~  ^ ~~~~~~~~~~~
/Users/kioju/omlx-0.7.0.release/omlx/custom_kernels/bonsai/csrc/quantized.h:2349:3: note: in instantiation of function template specialization 'qmv_fast_impl<float, 128, 1, true>' requested here
  qmv_fast_impl<T, group_size, bits, /*symmetric=*/true>(
  ^
/Users/kioju/omlx-0.7.0.release/omlx/custom_kernels/bonsai/csrc/quantized.h:951:67: warning: comparison of integers of different signs: 'unsigned int' and 'const constant int' [-Wsign-compare]
    bool in_bounds = (aligned_end + simd_lid * values_per_thread) < in_vec_size;
                      ~~~~~~~~~~~~~~~~~~~~~~~~~~~~~~~~~~~~~~~~~~  ^ ~~~~~~~~~~~
/Users/kioju/omlx-0.7.0.release/omlx/custom_kernels/bonsai/csrc/quantized.h:2349:3: note: in instantiation of function template specialization 'qmv_fast_impl<half, 128, 1, true>' requested here
  qmv_fast_impl<T, group_size, bits, /*symmetric=*/true>(
  ^
/Users/kioju/omlx-0.7.0.release/omlx/custom_kernels/bonsai/csrc/quantized.h:951:67: warning: comparison of integers of different signs: 'unsigned int' and 'const constant int' [-Wsign-compare]
    bool in_bounds = (aligned_end + simd_lid * values_per_thread) < in_vec_size;
                      ~~~~~~~~~~~~~~~~~~~~~~~~~~~~~~~~~~~~~~~~~~  ^ ~~~~~~~~~~~
/Users/kioju/omlx-0.7.0.release/omlx/custom_kernels/bonsai/csrc/quantized.h:2349:3: note: in instantiation of function template specialization 'qmv_fast_impl<bfloat, 128, 1, true>' requested here
  qmv_fast_impl<T, group_size, bits, /*symmetric=*/true>(
  ^
/Users/kioju/omlx-0.7.0.release/omlx/custom_kernels/bonsai/csrc/quantized.h:951:67: warning: comparison of integers of different signs: 'unsigned int' and 'const constant int' [-Wsign-compare]
    bool in_bounds = (aligned_end + simd_lid * values_per_thread) < in_vec_size;
                      ~~~~~~~~~~~~~~~~~~~~~~~~~~~~~~~~~~~~~~~~~~  ^ ~~~~~~~~~~~
/Users/kioju/omlx-0.7.0.release/omlx/custom_kernels/bonsai/csrc/quantized.h:2349:3: note: in instantiation of function template specialization 'qmv_fast_impl<float, 32, 2, true>' requested here
  qmv_fast_impl<T, group_size, bits, /*symmetric=*/true>(
  ^
/Users/kioju/omlx-0.7.0.release/omlx/custom_kernels/bonsai/csrc/quantized.h:951:67: warning: comparison of integers of different signs: 'unsigned int' and 'const constant int' [-Wsign-compare]
    bool in_bounds = (aligned_end + simd_lid * values_per_thread) < in_vec_size;
                      ~~~~~~~~~~~~~~~~~~~~~~~~~~~~~~~~~~~~~~~~~~  ^ ~~~~~~~~~~~
/Users/kioju/omlx-0.7.0.release/omlx/custom_kernels/bonsai/csrc/quantized.h:2349:3: note: in instantiation of function template specialization 'qmv_fast_impl<half, 32, 2, true>' requested here
  qmv_fast_impl<T, group_size, bits, /*symmetric=*/true>(
  ^
/Users/kioju/omlx-0.7.0.release/omlx/custom_kernels/bonsai/csrc/quantized.h:951:67: warning: comparison of integers of different signs: 'unsigned int' and 'const constant int' [-Wsign-compare]
    bool in_bounds = (aligned_end + simd_lid * values_per_thread) < in_vec_size;
                      ~~~~~~~~~~~~~~~~~~~~~~~~~~~~~~~~~~~~~~~~~~  ^ ~~~~~~~~~~~
/Users/kioju/omlx-0.7.0.release/omlx/custom_kernels/bonsai/csrc/quantized.h:2349:3: note: in instantiation of function template specialization 'qmv_fast_impl<bfloat, 32, 2, true>' requested here
  qmv_fast_impl<T, group_size, bits, /*symmetric=*/true>(
  ^
/Users/kioju/omlx-0.7.0.release/omlx/custom_kernels/bonsai/csrc/quantized.h:951:67: warning: comparison of integers of different signs: 'unsigned int' and 'const constant int' [-Wsign-compare]
    bool in_bounds = (aligned_end + simd_lid * values_per_thread) < in_vec_size;
                      ~~~~~~~~~~~~~~~~~~~~~~~~~~~~~~~~~~~~~~~~~~  ^ ~~~~~~~~~~~
/Users/kioju/omlx-0.7.0.release/omlx/custom_kernels/bonsai/csrc/quantized.h:2349:3: note: in instantiation of function template specialization 'qmv_fast_impl<float, 64, 2, true>' requested here
  qmv_fast_impl<T, group_size, bits, /*symmetric=*/true>(
  ^
/Users/kioju/omlx-0.7.0.release/omlx/custom_kernels/bonsai/csrc/quantized.h:951:67: warning: comparison of integers of different signs: 'unsigned int' and 'const constant int' [-Wsign-compare]
    bool in_bounds = (aligned_end + simd_lid * values_per_thread) < in_vec_size;
                      ~~~~~~~~~~~~~~~~~~~~~~~~~~~~~~~~~~~~~~~~~~  ^ ~~~~~~~~~~~
/Users/kioju/omlx-0.7.0.release/omlx/custom_kernels/bonsai/csrc/quantized.h:2349:3: note: in instantiation of function template specialization 'qmv_fast_impl<half, 64, 2, true>' requested here
  qmv_fast_impl<T, group_size, bits, /*symmetric=*/true>(
  ^
/Users/kioju/omlx-0.7.0.release/omlx/custom_kernels/bonsai/csrc/quantized.h:951:67: warning: comparison of integers of different signs: 'unsigned int' and 'const constant int' [-Wsign-compare]
    bool in_bounds = (aligned_end + simd_lid * values_per_thread) < in_vec_size;
                      ~~~~~~~~~~~~~~~~~~~~~~~~~~~~~~~~~~~~~~~~~~  ^ ~~~~~~~~~~~
/Users/kioju/omlx-0.7.0.release/omlx/custom_kernels/bonsai/csrc/quantized.h:2349:3: note: in instantiation of function template specialization 'qmv_fast_impl<bfloat, 64, 2, true>' requested here
  qmv_fast_impl<T, group_size, bits, /*symmetric=*/true>(
  ^
/Users/kioju/omlx-0.7.0.release/omlx/custom_kernels/bonsai/csrc/quantized.h:951:67: warning: comparison of integers of different signs: 'unsigned int' and 'const constant int' [-Wsign-compare]
    bool in_bounds = (aligned_end + simd_lid * values_per_thread) < in_vec_size;
                      ~~~~~~~~~~~~~~~~~~~~~~~~~~~~~~~~~~~~~~~~~~  ^ ~~~~~~~~~~~
/Users/kioju/omlx-0.7.0.release/omlx/custom_kernels/bonsai/csrc/quantized.h:2349:3: note: in instantiation of function template specialization 'qmv_fast_impl<float, 128, 2, true>' requested here
  qmv_fast_impl<T, group_size, bits, /*symmetric=*/true>(
  ^
/Users/kioju/omlx-0.7.0.release/omlx/custom_kernels/bonsai/csrc/quantized.h:951:67: warning: comparison of integers of different signs: 'unsigned int' and 'const constant int' [-Wsign-compare]
    bool in_bounds = (aligned_end + simd_lid * values_per_thread) < in_vec_size;
                      ~~~~~~~~~~~~~~~~~~~~~~~~~~~~~~~~~~~~~~~~~~  ^ ~~~~~~~~~~~
/Users/kioju/omlx-0.7.0.release/omlx/custom_kernels/bonsai/csrc/quantized.h:2349:3: note: in instantiation of function template specialization 'qmv_fast_impl<half, 128, 2, true>' requested here
  qmv_fast_impl<T, group_size, bits, /*symmetric=*/true>(
  ^
/Users/kioju/omlx-0.7.0.release/omlx/custom_kernels/bonsai/csrc/quantized.h:951:67: warning: comparison of integers of different signs: 'unsigned int' and 'const constant int' [-Wsign-compare]
    bool in_bounds = (aligned_end + simd_lid * values_per_thread) < in_vec_size;
                      ~~~~~~~~~~~~~~~~~~~~~~~~~~~~~~~~~~~~~~~~~~  ^ ~~~~~~~~~~~
/Users/kioju/omlx-0.7.0.release/omlx/custom_kernels/bonsai/csrc/quantized.h:2349:3: note: in instantiation of function template specialization 'qmv_fast_impl<bfloat, 128, 2, true>' requested here
  qmv_fast_impl<T, group_size, bits, /*symmetric=*/true>(
  ^
37 warnings generated.
[ 77%] Linking omlx_bonsai_kernels.metallib
[ 77%] Built target omlx_bonsai_metallib
[ 83%] Building CXX object CMakeFiles/omlx_bonsai_kernel_ops.dir/bonsai_kernels.cpp.o
[ 88%] Linking CXX shared library /Users/kioju/omlx-0.7.0.release/build/lib.macosx-26.0-arm64-cpython-313/omlx/custom_kernels/bonsai/libomlx_bonsai_kernel_ops.dylib
ld: warning: search path '/Applications/Xcode_26.6.app/Contents/Developer/Platforms/MacOSX.platform/Developer/SDKs/MacOSX.sdk/System/Library/Frameworks' not found
ld: warning: building for macOS-15.0, but linking with dylib '@rpath/libmlx.dylib' which was built for newer version 26.2
[ 88%] Built target omlx_bonsai_kernel_ops
[ 94%] Building CXX object CMakeFiles/_ext.dir/bindings.cpp.o
[100%] Linking CXX shared module /Users/kioju/omlx-0.7.0.release/build/lib.macosx-26.0-arm64-cpython-313/omlx/custom_kernels/bonsai/_ext.cpython-313-darwin.so
ld: warning: search path '/Applications/Xcode_26.6.app/Contents/Developer/Platforms/MacOSX.platform/Developer/SDKs/MacOSX.sdk/System/Library/Frameworks' not found
ld: warning: building for macOS-15.0, but linking with dylib '@rpath/libmlx.dylib' which was built for newer version 26.2
[100%] Built target _ext
-- The CXX compiler identification is AppleClang 21.0.0.21000101
-- Detecting CXX compiler ABI info
-- Detecting CXX compiler ABI info - done
-- Check for working CXX compiler: /usr/bin/c++ - skipped
-- Detecting CXX compile features
-- Detecting CXX compile features - done
-- Found Python: /Users/kioju/.venvs/omlx-0.7.0.release/bin/python (found suitable version "3.13.15", minimum required is "3.8") found components: Interpreter Development.Module
-- Found MLX: /Users/kioju/.venvs/omlx-0.7.0.release/lib/python3.13/site-packages/mlx/lib/libmlx.dylib
-- Configuring done (0.4s)
-- Generating done (0.0s)
CMake Warning:
  Manually-specified variables were not used by the project:

    Python3_EXECUTABLE


-- Build files have been written to: /Users/kioju/omlx-0.7.0.release/build/temp.macosx-26.0-arm64-cpython-313/omlx.custom_kernels.decode_fast._ext
[ 17%] Building CXX object CMakeFiles/nanobind-static.dir/Users/kioju/.venvs/omlx-0.7.0.release/lib/python3.13/site-packages/nanobind/src/nb_internals.cpp.o
[ 17%] Generating sdpa_decode.air
[ 17%] Building CXX object CMakeFiles/nanobind-static.dir/Users/kioju/.venvs/omlx-0.7.0.release/lib/python3.13/site-packages/nanobind/src/nb_func.cpp.o
[ 23%] Building CXX object CMakeFiles/nanobind-static.dir/Users/kioju/.venvs/omlx-0.7.0.release/lib/python3.13/site-packages/nanobind/src/nb_type.cpp.o
[ 29%] Building CXX object CMakeFiles/nanobind-static.dir/Users/kioju/.venvs/omlx-0.7.0.release/lib/python3.13/site-packages/nanobind/src/nb_enum.cpp.o
[ 35%] Building CXX object CMakeFiles/nanobind-static.dir/Users/kioju/.venvs/omlx-0.7.0.release/lib/python3.13/site-packages/nanobind/src/nb_ndarray.cpp.o
[ 41%] Building CXX object CMakeFiles/nanobind-static.dir/Users/kioju/.venvs/omlx-0.7.0.release/lib/python3.13/site-packages/nanobind/src/nb_static_property.cpp.o
[ 58%] Building CXX object CMakeFiles/nanobind-static.dir/Users/kioju/.venvs/omlx-0.7.0.release/lib/python3.13/site-packages/nanobind/src/common.cpp.o
[ 64%] Building CXX object CMakeFiles/nanobind-static.dir/Users/kioju/.venvs/omlx-0.7.0.release/lib/python3.13/site-packages/nanobind/src/error.cpp.o
[ 64%] Building CXX object CMakeFiles/nanobind-static.dir/Users/kioju/.venvs/omlx-0.7.0.release/lib/python3.13/site-packages/nanobind/src/implicit.cpp.o
[ 64%] Building CXX object CMakeFiles/nanobind-static.dir/Users/kioju/.venvs/omlx-0.7.0.release/lib/python3.13/site-packages/nanobind/src/trampoline.cpp.o
[ 70%] Generating /Users/kioju/omlx-0.7.0.release/build/lib.macosx-26.0-arm64-cpython-313/omlx/custom_kernels/decode_fast/omlx_decode_fast_kernels.metallib
[ 70%] Built target omlx_decode_fast_kernels_metallib
[ 76%] Building CXX object CMakeFiles/omlx_decode_fast_kernel_ops.dir/sdpa_decode.cpp.o
[ 82%] Linking CXX static library libnanobind-static.a
[ 82%] Built target nanobind-static
[ 88%] Linking CXX shared library /Users/kioju/omlx-0.7.0.release/build/lib.macosx-26.0-arm64-cpython-313/omlx/custom_kernels/decode_fast/libomlx_decode_fast_kernel_ops.dylib
ld: warning: search path '/Applications/Xcode_26.6.app/Contents/Developer/Platforms/MacOSX.platform/Developer/SDKs/MacOSX.sdk/System/Library/Frameworks' not found
ld: warning: building for macOS-15.0, but linking with dylib '@rpath/libmlx.dylib' which was built for newer version 26.2
[ 88%] Built target omlx_decode_fast_kernel_ops
[ 94%] Building CXX object CMakeFiles/_ext.dir/bindings.cpp.o
[100%] Linking CXX shared module /Users/kioju/omlx-0.7.0.release/build/lib.macosx-26.0-arm64-cpython-313/omlx/custom_kernels/decode_fast/_ext.cpython-313-darwin.so
ld: warning: search path '/Applications/Xcode_26.6.app/Contents/Developer/Platforms/MacOSX.platform/Developer/SDKs/MacOSX.sdk/System/Library/Frameworks' not found
ld: warning: building for macOS-15.0, but linking with dylib '@rpath/libmlx.dylib' which was built for newer version 26.2
[100%] Built target _ext
-- The CXX compiler identification is AppleClang 21.0.0.21000101
-- Detecting CXX compiler ABI info
-- Detecting CXX compiler ABI info - done
-- Check for working CXX compiler: /usr/bin/c++ - skipped
-- Detecting CXX compile features
-- Detecting CXX compile features - done
-- Found Python: /Users/kioju/.venvs/omlx-0.7.0.release/bin/python (found suitable version "3.13.15", minimum required is "3.8") found components: Interpreter Development.Module
-- Found MLX: /Users/kioju/.venvs/omlx-0.7.0.release/lib/python3.13/site-packages/mlx/lib/libmlx.dylib
-- Configuring done (0.5s)
-- Generating done (0.0s)
CMake Warning:
  Manually-specified variables were not used by the project:

    Python3_EXECUTABLE


-- Build files have been written to: /Users/kioju/omlx-0.7.0.release/build/temp.macosx-26.0-arm64-cpython-313/omlx.custom_kernels.glm_moe_dsa._ext
[  5%] Building CXX object CMakeFiles/nanobind-static.dir/Users/kioju/.venvs/omlx-0.7.0.release/lib/python3.13/site-packages/nanobind/src/nb_internals.cpp.o
[  5%] Building sparse_mla.air
[  8%] Building CXX object CMakeFiles/nanobind-static.dir/Users/kioju/.venvs/omlx-0.7.0.release/lib/python3.13/site-packages/nanobind/src/nb_func.cpp.o
[ 11%] Building deepseek_moe.air
[ 14%] Building CXX object CMakeFiles/nanobind-static.dir/Users/kioju/.venvs/omlx-0.7.0.release/lib/python3.13/site-packages/nanobind/src/nb_type.cpp.o
[ 20%] Building CXX object CMakeFiles/nanobind-static.dir/Users/kioju/.venvs/omlx-0.7.0.release/lib/python3.13/site-packages/nanobind/src/nb_enum.cpp.o
[ 20%] Building deepseek_v4_sparse_attention.air
[ 22%] Building dspark_qmv.air
[ 25%] Building CXX object CMakeFiles/nanobind-static.dir/Users/kioju/.venvs/omlx-0.7.0.release/lib/python3.13/site-packages/nanobind/src/nb_ndarray.cpp.o
[ 31%] Building dspark_gemm.air
[ 37%] Building dsa_indexer.air
[ 42%] Building exact_block_attention.air
[ 42%] Building deepseek_v41_packed_attention.air
[ 42%] Building CXX object CMakeFiles/nanobind-static.dir/Users/kioju/.venvs/omlx-0.7.0.release/lib/python3.13/site-packages/nanobind/src/common.cpp.o
[ 45%] Building CXX object CMakeFiles/nanobind-static.dir/Users/kioju/.venvs/omlx-0.7.0.release/lib/python3.13/site-packages/nanobind/src/error.cpp.o
[ 45%] Building fused_moe.air
[ 57%] Building CXX object CMakeFiles/nanobind-static.dir/Users/kioju/.venvs/omlx-0.7.0.release/lib/python3.13/site-packages/nanobind/src/trampoline.cpp.o
[ 57%] Building CXX object CMakeFiles/nanobind-static.dir/Users/kioju/.venvs/omlx-0.7.0.release/lib/python3.13/site-packages/nanobind/src/nb_static_property.cpp.o
[ 57%] Building CXX object CMakeFiles/nanobind-static.dir/Users/kioju/.venvs/omlx-0.7.0.release/lib/python3.13/site-packages/nanobind/src/implicit.cpp.o
[ 57%] Building qwen4_qsa_sparse_gqa.air
[ 60%] Linking CXX static library libnanobind-static.a
[ 60%] Built target nanobind-static
[ 62%] Building omlx_glm_kernels.metallib
[ 62%] Built target omlx_glm_kernels_metallib
[ 68%] Building CXX object CMakeFiles/omlx_glm_kernel_ops.dir/deepseek_v4_sparse_attention.cpp.o
[ 68%] Building CXX object CMakeFiles/omlx_glm_kernel_ops.dir/dsa_indexer.cpp.o
[ 80%] Building CXX object CMakeFiles/omlx_glm_kernel_ops.dir/deepseek_v41_grouped_expert.cpp.o
[ 80%] Building CXX object CMakeFiles/omlx_glm_kernel_ops.dir/deepseek_v41_packed_attention.cpp.o
[ 82%] Building CXX object CMakeFiles/omlx_glm_kernel_ops.dir/dspark_gemm.cpp.o
[ 82%] Building CXX object CMakeFiles/omlx_glm_kernel_ops.dir/exact_block_attention.cpp.o
[ 82%] Building CXX object CMakeFiles/omlx_glm_kernel_ops.dir/qwen4_qsa_sparse_gqa.cpp.o
[ 88%] Building CXX object CMakeFiles/omlx_glm_kernel_ops.dir/sparse_mla.cpp.o
[ 91%] Building CXX object CMakeFiles/omlx_glm_kernel_ops.dir/fused_moe.cpp.o
[ 91%] Building CXX object CMakeFiles/omlx_glm_kernel_ops.dir/dspark_qmv.cpp.o
[ 94%] Linking CXX shared library /Users/kioju/omlx-0.7.0.release/build/lib.macosx-26.0-arm64-cpython-313/omlx/custom_kernels/glm_moe_dsa/libomlx_glm_kernel_ops.dylib
ld: warning: search path '/Applications/Xcode_26.6.app/Contents/Developer/Platforms/MacOSX.platform/Developer/SDKs/MacOSX.sdk/System/Library/Frameworks' not found
ld: warning: building for macOS-15.0, but linking with dylib '@rpath/libmlx.dylib' which was built for newer version 26.2
[ 94%] Built target omlx_glm_kernel_ops
[ 97%] Building CXX object CMakeFiles/_ext.dir/bindings.cpp.o
[100%] Linking CXX shared module /Users/kioju/omlx-0.7.0.release/build/lib.macosx-26.0-arm64-cpython-313/omlx/custom_kernels/glm_moe_dsa/_ext.cpython-313-darwin.so
ld: warning: search path '/Applications/Xcode_26.6.app/Contents/Developer/Platforms/MacOSX.platform/Developer/SDKs/MacOSX.sdk/System/Library/Frameworks' not found
ld: warning: building for macOS-15.0, but linking with dylib '@rpath/libmlx.dylib' which was built for newer version 26.2
[100%] Built target _ext
-- The CXX compiler identification is AppleClang 21.0.0.21000101
-- Detecting CXX compiler ABI info
-- Detecting CXX compiler ABI info - done
-- Check for working CXX compiler: /usr/bin/c++ - skipped
-- Detecting CXX compile features
-- Detecting CXX compile features - done
-- Found Python: /Users/kioju/.venvs/omlx-0.7.0.release/bin/python (found suitable version "3.13.15", minimum required is "3.8") found components: Interpreter Development.Module
-- Found MLX: /Users/kioju/.venvs/omlx-0.7.0.release/lib/python3.13/site-packages/mlx/lib/libmlx.dylib
-- Configuring done (0.5s)
-- Generating done (0.0s)
CMake Warning:
  Manually-specified variables were not used by the project:

    Python3_EXECUTABLE


-- Build files have been written to: /Users/kioju/omlx-0.7.0.release/build/temp.macosx-26.0-arm64-cpython-313/omlx.custom_kernels.minimax_m3._ext
[ 23%] Building CXX object CMakeFiles/nanobind-static.dir/Users/kioju/.venvs/omlx-0.7.0.release/lib/python3.13/site-packages/nanobind/src/nb_internals.cpp.o
[ 23%] Building CXX object CMakeFiles/nanobind-static.dir/Users/kioju/.venvs/omlx-0.7.0.release/lib/python3.13/site-packages/nanobind/src/nb_type.cpp.o
[ 23%] Building CXX object CMakeFiles/nanobind-static.dir/Users/kioju/.venvs/omlx-0.7.0.release/lib/python3.13/site-packages/nanobind/src/nb_func.cpp.o
[ 23%] Building minimax_msa.air
[ 29%] Building CXX object CMakeFiles/nanobind-static.dir/Users/kioju/.venvs/omlx-0.7.0.release/lib/python3.13/site-packages/nanobind/src/nb_enum.cpp.o
[ 35%] Building CXX object CMakeFiles/nanobind-static.dir/Users/kioju/.venvs/omlx-0.7.0.release/lib/python3.13/site-packages/nanobind/src/nb_ndarray.cpp.o
[ 52%] Building CXX object CMakeFiles/nanobind-static.dir/Users/kioju/.venvs/omlx-0.7.0.release/lib/python3.13/site-packages/nanobind/src/error.cpp.o
[ 52%] Building CXX object CMakeFiles/nanobind-static.dir/Users/kioju/.venvs/omlx-0.7.0.release/lib/python3.13/site-packages/nanobind/src/nb_static_property.cpp.o
[ 52%] Building CXX object CMakeFiles/nanobind-static.dir/Users/kioju/.venvs/omlx-0.7.0.release/lib/python3.13/site-packages/nanobind/src/common.cpp.o
[ 64%] Building CXX object CMakeFiles/nanobind-static.dir/Users/kioju/.venvs/omlx-0.7.0.release/lib/python3.13/site-packages/nanobind/src/trampoline.cpp.o
[ 64%] Building CXX object CMakeFiles/nanobind-static.dir/Users/kioju/.venvs/omlx-0.7.0.release/lib/python3.13/site-packages/nanobind/src/implicit.cpp.o
[ 70%] Building omlx_minimax_m3_kernels.metallib
[ 70%] Built target omlx_minimax_m3_kernels_metallib
[ 76%] Building CXX object CMakeFiles/omlx_minimax_m3_kernel_ops.dir/minimax_msa.cpp.o
[ 82%] Linking CXX static library libnanobind-static.a
[ 82%] Built target nanobind-static
[ 88%] Linking CXX shared library /Users/kioju/omlx-0.7.0.release/build/lib.macosx-26.0-arm64-cpython-313/omlx/custom_kernels/minimax_m3/libomlx_minimax_m3_kernel_ops.dylib
ld: warning: search path '/Applications/Xcode_26.6.app/Contents/Developer/Platforms/MacOSX.platform/Developer/SDKs/MacOSX.sdk/System/Library/Frameworks' not found
ld: warning: building for macOS-15.0, but linking with dylib '@rpath/libmlx.dylib' which was built for newer version 26.2
[ 88%] Built target omlx_minimax_m3_kernel_ops
[ 94%] Building CXX object CMakeFiles/_ext.dir/bindings.cpp.o
[100%] Linking CXX shared module /Users/kioju/omlx-0.7.0.release/build/lib.macosx-26.0-arm64-cpython-313/omlx/custom_kernels/minimax_m3/_ext.cpython-313-darwin.so
ld: warning: search path '/Applications/Xcode_26.6.app/Contents/Developer/Platforms/MacOSX.platform/Developer/SDKs/MacOSX.sdk/System/Library/Frameworks' not found
ld: warning: building for macOS-15.0, but linking with dylib '@rpath/libmlx.dylib' which was built for newer version 26.2
[100%] Built target _ext
-- The CXX compiler identification is AppleClang 21.0.0.21000101
-- The OBJCXX compiler identification is AppleClang 21.0.0.21000101
-- Detecting CXX compiler ABI info
-- Detecting CXX compiler ABI info - done
-- Check for working CXX compiler: /usr/bin/c++ - skipped
-- Detecting CXX compile features
-- Detecting CXX compile features - done
-- Detecting OBJCXX compiler ABI info
-- Detecting OBJCXX compiler ABI info - done
-- Check for working OBJCXX compiler: /usr/bin/clang++ - skipped
-- Found Python: /Users/kioju/.venvs/omlx-0.7.0.release/bin/python (found suitable version "3.13.15", minimum required is "3.8") found components: Interpreter Development.Module
-- Found MLX: /Users/kioju/.venvs/omlx-0.7.0.release/lib/python3.13/site-packages/mlx/lib/libmlx.dylib
-- Configuring done (0.6s)
-- Generating done (0.0s)
CMake Warning:
  Manually-specified variables were not used by the project:

    Python3_EXECUTABLE


-- Build files have been written to: /Users/kioju/omlx-0.7.0.release/build/temp.macosx-26.0-arm64-cpython-313/omlx.custom_kernels.qwen35_prefill._ext
[  7%] Building qwen35_ane.air
[  7%] Building qwen35_attention.air
[ 15%] Building qwen35_qmm_nax.air
[ 15%] Building qwen35_oq_a8_nax.air
[ 19%] Building CXX object CMakeFiles/nanobind-static.dir/Users/kioju/.venvs/omlx-0.7.0.release/lib/python3.13/site-packages/nanobind/src/nb_internals.cpp.o
[ 23%] Building CXX object CMakeFiles/nanobind-static.dir/Users/kioju/.venvs/omlx-0.7.0.release/lib/python3.13/site-packages/nanobind/src/nb_type.cpp.o
[ 26%] Building qwen35_qmm.air
[ 30%] Building CXX object CMakeFiles/nanobind-static.dir/Users/kioju/.venvs/omlx-0.7.0.release/lib/python3.13/site-packages/nanobind/src/nb_func.cpp.o
[ 38%] Building qwen35_oq_a8.air
[ 38%] Building CXX object CMakeFiles/nanobind-static.dir/Users/kioju/.venvs/omlx-0.7.0.release/lib/python3.13/site-packages/nanobind/src/nb_enum.cpp.o
[ 42%] Building CXX object CMakeFiles/nanobind-static.dir/Users/kioju/.venvs/omlx-0.7.0.release/lib/python3.13/site-packages/nanobind/src/nb_static_property.cpp.o
[ 65%] Building CXX object CMakeFiles/nanobind-static.dir/Users/kioju/.venvs/omlx-0.7.0.release/lib/python3.13/site-packages/nanobind/src/implicit.cpp.o
[ 65%] Building CXX object CMakeFiles/nanobind-static.dir/Users/kioju/.venvs/omlx-0.7.0.release/lib/python3.13/site-packages/nanobind/src/trampoline.cpp.o
[ 65%] Building CXX object CMakeFiles/nanobind-static.dir/Users/kioju/.venvs/omlx-0.7.0.release/lib/python3.13/site-packages/nanobind/src/error.cpp.o
[ 65%] Building qwen35_moe_gather_nax.air
[ 65%] Building CXX object CMakeFiles/nanobind-static.dir/Users/kioju/.venvs/omlx-0.7.0.release/lib/python3.13/site-packages/nanobind/src/common.cpp.o
[ 65%] Building CXX object CMakeFiles/nanobind-static.dir/Users/kioju/.venvs/omlx-0.7.0.release/lib/python3.13/site-packages/nanobind/src/nb_ndarray.cpp.o
[ 69%] Linking CXX static library libnanobind-static.a
[ 69%] Built target nanobind-static
[ 73%] Building omlx_qwen35_prefill_kernels_nax.metallib
[ 76%] Building omlx_qwen35_prefill_kernels.metallib
[ 76%] Built target omlx_qwen35_prefill_kernels_nax_metallib
[ 76%] Built target omlx_qwen35_prefill_kernels_metallib
[ 88%] Building CXX object CMakeFiles/omlx_qwen35_prefill_kernel_ops.dir/qwen35_oq_a8.cpp.o
[ 88%] Building OBJCXX object CMakeFiles/omlx_qwen35_prefill_kernel_ops.dir/qwen35_ane.mm.o
[ 88%] Building CXX object CMakeFiles/omlx_qwen35_prefill_kernel_ops.dir/qwen35_prefill.cpp.o
/Users/kioju/omlx-0.7.0.release/omlx/custom_kernels/qwen35_prefill/csrc/qwen35_ane.mm:2130:13: warning: 'BNNSMatMulWorkspaceSize' is deprecated: first deprecated in macOS 15.0 - Use BNNSGraph* APIs [-Wdeprecated-declarations]
 2130 |             BNNSMatMulWorkspaceSize(false, true, 1.0f, &input_desc,
      |             ^
/Applications/Xcode.app/Contents/Developer/Platforms/MacOSX.platform/Developer/SDKs/MacOSX.sdk/System/Library/Frameworks/vecLib.framework/Headers/BNNS/bnns.h:1774:9: note: 'BNNSMatMulWorkspaceSize' has been explicitly marked deprecated here
 1774 | ssize_t BNNSMatMulWorkspaceSize(const bool transA,
      |         ^
/Users/kioju/omlx-0.7.0.release/omlx/custom_kernels/qwen35_prefill/csrc/qwen35_ane.mm:2137:13: warning: 'BNNSMatMul' is deprecated: first deprecated in macOS 15.0 - Use BNNSGraph* APIs [-Wdeprecated-declarations]
 2137 |         if (BNNSMatMul(false, true, 1.0f, &input_desc, &weight_desc,
      |             ^
/Applications/Xcode.app/Contents/Developer/Platforms/MacOSX.platform/Developer/SDKs/MacOSX.sdk/System/Library/Frameworks/vecLib.framework/Headers/BNNS/bnns.h:1812:5: note: 'BNNSMatMul' has been explicitly marked deprecated here
 1812 | int BNNSMatMul(const bool transA,
      |     ^
/Users/kioju/omlx-0.7.0.release/omlx/custom_kernels/qwen35_prefill/csrc/qwen35_ane.mm:2179:34: warning: 'BNNSMatMulWorkspaceSize' is deprecated: first deprecated in macOS 15.0 - Use BNNSGraph* APIs [-Wdeprecated-declarations]
 2179 |   const ssize_t workspace_size = BNNSMatMulWorkspaceSize(
      |                                  ^
/Applications/Xcode.app/Contents/Developer/Platforms/MacOSX.platform/Developer/SDKs/MacOSX.sdk/System/Library/Frameworks/vecLib.framework/Headers/BNNS/bnns.h:1774:9: note: 'BNNSMatMulWorkspaceSize' has been explicitly marked deprecated here
 1774 | ssize_t BNNSMatMulWorkspaceSize(const bool transA,
      |         ^
/Users/kioju/omlx-0.7.0.release/omlx/custom_kernels/qwen35_prefill/csrc/qwen35_ane.mm:2186:7: warning: 'BNNSMatMul' is deprecated: first deprecated in macOS 15.0 - Use BNNSGraph* APIs [-Wdeprecated-declarations]
 2186 |   if (BNNSMatMul(false, true, 1.0f, &input_desc, &weight_desc, &output_desc,
      |       ^
/Applications/Xcode.app/Contents/Developer/Platforms/MacOSX.platform/Developer/SDKs/MacOSX.sdk/System/Library/Frameworks/vecLib.framework/Headers/BNNS/bnns.h:1812:5: note: 'BNNSMatMul' has been explicitly marked deprecated here
 1812 | int BNNSMatMul(const bool transA,
      |     ^
4 warnings generated.
[ 92%] Linking CXX shared library /Users/kioju/omlx-0.7.0.release/build/lib.macosx-26.0-arm64-cpython-313/omlx/custom_kernels/qwen35_prefill/libomlx_qwen35_prefill_kernel_ops.dylib
ld: warning: search path '/Applications/Xcode_26.6.app/Contents/Developer/Platforms/MacOSX.platform/Developer/SDKs/MacOSX.sdk/System/Library/Frameworks' not found
ld: warning: building for macOS-15.0, but linking with dylib '@rpath/libmlx.dylib' which was built for newer version 26.2
[ 92%] Built target omlx_qwen35_prefill_kernel_ops
[ 96%] Building CXX object CMakeFiles/_ext.dir/bindings.cpp.o
[100%] Linking CXX shared module /Users/kioju/omlx-0.7.0.release/build/lib.macosx-26.0-arm64-cpython-313/omlx/custom_kernels/qwen35_prefill/_ext.cpython-313-darwin.so
ld: warning: search path '/Applications/Xcode_26.6.app/Contents/Developer/Platforms/MacOSX.platform/Developer/SDKs/MacOSX.sdk/System/Library/Frameworks' not found
ld: warning: building for macOS-15.0, but linking with dylib '@rpath/libmlx.dylib' which was built for newer version 26.2
[100%] Built target _ext
copying build/lib.macosx-26.0-arm64-cpython-313/omlx/custom_kernels/bonsai/_ext.cpython-313-darwin.so -> omlx/custom_kernels/bonsai
copying build/lib.macosx-26.0-arm64-cpython-313/omlx/custom_kernels/decode_fast/_ext.cpython-313-darwin.so -> omlx/custom_kernels/decode_fast
copying build/lib.macosx-26.0-arm64-cpython-313/omlx/custom_kernels/glm_moe_dsa/_ext.cpython-313-darwin.so -> omlx/custom_kernels/glm_moe_dsa
copying build/lib.macosx-26.0-arm64-cpython-313/omlx/custom_kernels/minimax_m3/_ext.cpython-313-darwin.so -> omlx/custom_kernels/minimax_m3
copying build/lib.macosx-26.0-arm64-cpython-313/omlx/custom_kernels/qwen35_prefill/_ext.cpython-313-darwin.so -> omlx/custom_kernels/qwen35_prefill
copying /Users/kioju/omlx-0.7.0.release/build/lib.macosx-26.0-arm64-cpython-313/omlx/custom_kernels/bonsai/omlx_bonsai_kernels.metallib -> /Users/kioju/omlx-0.7.0.release/omlx/custom_kernels/bonsai
copying /Users/kioju/omlx-0.7.0.release/build/lib.macosx-26.0-arm64-cpython-313/omlx/custom_kernels/bonsai/libomlx_bonsai_kernel_ops.dylib -> /Users/kioju/omlx-0.7.0.release/omlx/custom_kernels/bonsai
copying /Users/kioju/omlx-0.7.0.release/build/lib.macosx-26.0-arm64-cpython-313/omlx/custom_kernels/decode_fast/omlx_decode_fast_kernels.metallib -> /Users/kioju/omlx-0.7.0.release/omlx/custom_kernels/decode_fast
copying /Users/kioju/omlx-0.7.0.release/build/lib.macosx-26.0-arm64-cpython-313/omlx/custom_kernels/decode_fast/libomlx_decode_fast_kernel_ops.dylib -> /Users/kioju/omlx-0.7.0.release/omlx/custom_kernels/decode_fast
copying /Users/kioju/omlx-0.7.0.release/build/lib.macosx-26.0-arm64-cpython-313/omlx/custom_kernels/glm_moe_dsa/libomlx_glm_kernel_ops.dylib -> /Users/kioju/omlx-0.7.0.release/omlx/custom_kernels/glm_moe_dsa
copying /Users/kioju/omlx-0.7.0.release/build/lib.macosx-26.0-arm64-cpython-313/omlx/custom_kernels/glm_moe_dsa/omlx_glm_kernels.metallib -> /Users/kioju/omlx-0.7.0.release/omlx/custom_kernels/glm_moe_dsa
copying /Users/kioju/omlx-0.7.0.release/build/lib.macosx-26.0-arm64-cpython-313/omlx/custom_kernels/minimax_m3/omlx_minimax_m3_kernels.metallib -> /Users/kioju/omlx-0.7.0.release/omlx/custom_kernels/minimax_m3
copying /Users/kioju/omlx-0.7.0.release/build/lib.macosx-26.0-arm64-cpython-313/omlx/custom_kernels/minimax_m3/libomlx_minimax_m3_kernel_ops.dylib -> /Users/kioju/omlx-0.7.0.release/omlx/custom_kernels/minimax_m3
copying /Users/kioju/omlx-0.7.0.release/build/lib.macosx-26.0-arm64-cpython-313/omlx/custom_kernels/qwen35_prefill/omlx_qwen35_prefill_kernels_nax.metallib -> /Users/kioju/omlx-0.7.0.release/omlx/custom_kernels/qwen35_prefill
copying /Users/kioju/omlx-0.7.0.release/build/lib.macosx-26.0-arm64-cpython-313/omlx/custom_kernels/qwen35_prefill/libomlx_qwen35_prefill_kernel_ops.dylib -> /Users/kioju/omlx-0.7.0.release/omlx/custom_kernels/qwen35_prefill
copying /Users/kioju/omlx-0.7.0.release/build/lib.macosx-26.0-arm64-cpython-313/omlx/custom_kernels/qwen35_prefill/omlx_qwen35_prefill_kernels.metallib -> /Users/kioju/omlx-0.7.0.release/omlx/custom_kernels/qwen35_prefill
