64 0 0.336 190.5
64 1 0.274 233.4
128 0 0.393 325.8
128 1 0.391 327.6
292 0 0.716 407.7
292 1 0.712 410.1
512 0 1.123 455.7
512 1 1.118 457.8
1024 0 2.116 483.8
1024 1 2.111 485.2
8192 0 11.107 737.6
8192 1 11.111 737.3
65536 0 70.684 927.2
65536 1 70.671 927.3
64 0 0.399 160.5
64 1 0.246 260.7
128 0 0.411 311.4
128 1 0.375 341.2
292 0 0.769 379.6
292 1 0.734 398.0
512 0 1.223 418.8
512 1 1.187 431.3
1024 0 2.117 483.8
1024 1 2.115 484.1
64 0 0.931 68.7
64 1 0.836 76.6
128 0 1.128 113.5
128 1 1.03 124.3
292 0 1.664 175.4
292 1 1.532 190.6
2048 0 7.488 273.5
2048 1 6.891 297.2
8192 0 25.412 322.4
8192 1 20.902 391.9
