ERROR:    Exception in ASGI application
Traceback (most recent call last):
  File "/private/tmp/ds41f-m32-qual/lib/python3.13/site-packages/uvicorn/protocols/http/h11_impl.py", line 411, in run_asgi
    result = await app(  # type: ignore[func-returns-value]
             ^^^^^^^^^^^^^^^^^^^^^^^^^^^^^^^^^^^^^^^^^^^^^^
        self.scope, self.receive, self.send
        ^^^^^^^^^^^^^^^^^^^^^^^^^^^^^^^^^^^
    )
    ^
  File "/private/tmp/ds41f-m32-qual/lib/python3.13/site-packages/uvicorn/middleware/proxy_headers.py", line 63, in __call__
    return await self.app(scope, receive, send)
           ^^^^^^^^^^^^^^^^^^^^^^^^^^^^^^^^^^^^
  File "/Volumes/SDXC-512/ds41f-mlx/tools/run_m38_lifecycle_transport.py", line 23, in wrapped
    await app(scope,receive,emit)
  File "/private/tmp/ds41f-m32-qual/lib/python3.13/site-packages/fastapi/applications.py", line 1215, in __call__
    await super().__call__(scope, receive, send)
  File "/private/tmp/ds41f-m32-qual/lib/python3.13/site-packages/starlette/applications.py", line 96, in __call__
    await self.middleware_stack(scope, receive, send)
  File "/private/tmp/ds41f-m32-qual/lib/python3.13/site-packages/starlette/middleware/errors.py", line 186, in __call__
    raise exc
  File "/private/tmp/ds41f-m32-qual/lib/python3.13/site-packages/starlette/middleware/errors.py", line 164, in __call__
    await self.app(scope, receive, _send)
  File "/private/tmp/ds41f-m32-qual/lib/python3.13/site-packages/fastapi/telemetry/_asgi.py", line 151, in __call__
    await self.app(scope, receive, send)
  File "/private/tmp/ds41f-m32-qual/lib/python3.13/site-packages/starlette/middleware/exceptions.py", line 63, in __call__
    await wrap_app_handling_exceptions(self.app, conn)(scope, receive, send)
  File "/private/tmp/ds41f-m32-qual/lib/python3.13/site-packages/starlette/_exception_handler.py", line 53, in wrapped_app
    raise exc
  File "/private/tmp/ds41f-m32-qual/lib/python3.13/site-packages/starlette/_exception_handler.py", line 42, in wrapped_app
    await app(scope, receive, sender)
  File "/private/tmp/ds41f-m32-qual/lib/python3.13/site-packages/fastapi/middleware/asyncexitstack.py", line 18, in __call__
    await self.app(scope, receive, send)
  File "/private/tmp/ds41f-m32-qual/lib/python3.13/site-packages/starlette/routing.py", line 676, in __call__
    await self.middleware_stack(scope, receive, send)
  File "/private/tmp/ds41f-m32-qual/lib/python3.13/site-packages/fastapi/routing.py", line 2786, in app
    await route.handle(scope, receive, send)
  File "/private/tmp/ds41f-m32-qual/lib/python3.13/site-packages/fastapi/routing.py", line 1310, in handle
    await super().handle(scope, receive, send)
  File "/private/tmp/ds41f-m32-qual/lib/python3.13/site-packages/starlette/routing.py", line 282, in handle
    await self.app(scope, receive, send)
  File "/private/tmp/ds41f-m32-qual/lib/python3.13/site-packages/fastapi/routing.py", line 165, in app
    await wrap_app_handling_exceptions(app, request)(scope, receive, send)
  File "/private/tmp/ds41f-m32-qual/lib/python3.13/site-packages/starlette/_exception_handler.py", line 53, in wrapped_app
    raise exc
  File "/private/tmp/ds41f-m32-qual/lib/python3.13/site-packages/starlette/_exception_handler.py", line 42, in wrapped_app
    await app(scope, receive, sender)
  File "/private/tmp/ds41f-m32-qual/lib/python3.13/site-packages/fastapi/routing.py", line 152, in app
    await response(scope, receive, send)
  File "/private/tmp/ds41f-m32-qual/lib/python3.13/site-packages/starlette/responses.py", line 168, in __call__
    await send({"type": "http.response.start", "status": self.status_code, "headers": self.raw_headers})
  File "/private/tmp/ds41f-m32-qual/lib/python3.13/site-packages/starlette/_exception_handler.py", line 39, in sender
    await send(message)
  File "/private/tmp/ds41f-m32-qual/lib/python3.13/site-packages/starlette/_exception_handler.py", line 39, in sender
    await send(message)
  File "/private/tmp/ds41f-m32-qual/lib/python3.13/site-packages/starlette/middleware/errors.py", line 161, in _send
    await send(message)
  File "/Volumes/SDXC-512/ds41f-mlx/tools/run_m38_lifecycle_transport.py", line 22, in emit
    raise OSError('M38 synthetic fault: headers sent, declared body never delivered')
OSError: M38 synthetic fault: headers sent, declared body never delivered
ERROR:    Exception in ASGI application
Traceback (most recent call last):
  File "/private/tmp/ds41f-m32-qual/lib/python3.13/site-packages/uvicorn/protocols/http/h11_impl.py", line 411, in run_asgi
    result = await app(  # type: ignore[func-returns-value]
             ^^^^^^^^^^^^^^^^^^^^^^^^^^^^^^^^^^^^^^^^^^^^^^
        self.scope, self.receive, self.send
        ^^^^^^^^^^^^^^^^^^^^^^^^^^^^^^^^^^^
    )
    ^
  File "/private/tmp/ds41f-m32-qual/lib/python3.13/site-packages/uvicorn/middleware/proxy_headers.py", line 63, in __call__
    return await self.app(scope, receive, send)
           ^^^^^^^^^^^^^^^^^^^^^^^^^^^^^^^^^^^^
  File "/Volumes/SDXC-512/ds41f-mlx/tools/run_m38_lifecycle_transport.py", line 23, in wrapped
    await app(scope,receive,emit)
  File "/private/tmp/ds41f-m32-qual/lib/python3.13/site-packages/fastapi/applications.py", line 1215, in __call__
    await super().__call__(scope, receive, send)
  File "/private/tmp/ds41f-m32-qual/lib/python3.13/site-packages/starlette/applications.py", line 96, in __call__
    await self.middleware_stack(scope, receive, send)
  File "/private/tmp/ds41f-m32-qual/lib/python3.13/site-packages/starlette/middleware/errors.py", line 186, in __call__
    raise exc
  File "/private/tmp/ds41f-m32-qual/lib/python3.13/site-packages/starlette/middleware/errors.py", line 164, in __call__
    await self.app(scope, receive, _send)
  File "/private/tmp/ds41f-m32-qual/lib/python3.13/site-packages/fastapi/telemetry/_asgi.py", line 151, in __call__
    await self.app(scope, receive, send)
  File "/private/tmp/ds41f-m32-qual/lib/python3.13/site-packages/starlette/middleware/exceptions.py", line 63, in __call__
    await wrap_app_handling_exceptions(self.app, conn)(scope, receive, send)
  File "/private/tmp/ds41f-m32-qual/lib/python3.13/site-packages/starlette/_exception_handler.py", line 53, in wrapped_app
    raise exc
  File "/private/tmp/ds41f-m32-qual/lib/python3.13/site-packages/starlette/_exception_handler.py", line 42, in wrapped_app
    await app(scope, receive, sender)
  File "/private/tmp/ds41f-m32-qual/lib/python3.13/site-packages/fastapi/middleware/asyncexitstack.py", line 18, in __call__
    await self.app(scope, receive, send)
  File "/private/tmp/ds41f-m32-qual/lib/python3.13/site-packages/starlette/routing.py", line 676, in __call__
    await self.middleware_stack(scope, receive, send)
  File "/private/tmp/ds41f-m32-qual/lib/python3.13/site-packages/fastapi/routing.py", line 2786, in app
    await route.handle(scope, receive, send)
  File "/private/tmp/ds41f-m32-qual/lib/python3.13/site-packages/fastapi/routing.py", line 1310, in handle
    await super().handle(scope, receive, send)
  File "/private/tmp/ds41f-m32-qual/lib/python3.13/site-packages/starlette/routing.py", line 282, in handle
    await self.app(scope, receive, send)
  File "/private/tmp/ds41f-m32-qual/lib/python3.13/site-packages/fastapi/routing.py", line 165, in app
    await wrap_app_handling_exceptions(app, request)(scope, receive, send)
  File "/private/tmp/ds41f-m32-qual/lib/python3.13/site-packages/starlette/_exception_handler.py", line 53, in wrapped_app
    raise exc
  File "/private/tmp/ds41f-m32-qual/lib/python3.13/site-packages/starlette/_exception_handler.py", line 42, in wrapped_app
    await app(scope, receive, sender)
  File "/private/tmp/ds41f-m32-qual/lib/python3.13/site-packages/fastapi/routing.py", line 152, in app
    await response(scope, receive, send)
  File "/private/tmp/ds41f-m32-qual/lib/python3.13/site-packages/starlette/responses.py", line 168, in __call__
    await send({"type": "http.response.start", "status": self.status_code, "headers": self.raw_headers})
  File "/private/tmp/ds41f-m32-qual/lib/python3.13/site-packages/starlette/_exception_handler.py", line 39, in sender
    await send(message)
  File "/private/tmp/ds41f-m32-qual/lib/python3.13/site-packages/starlette/_exception_handler.py", line 39, in sender
    await send(message)
  File "/private/tmp/ds41f-m32-qual/lib/python3.13/site-packages/starlette/middleware/errors.py", line 161, in _send
    await send(message)
  File "/Volumes/SDXC-512/ds41f-mlx/tools/run_m38_lifecycle_transport.py", line 22, in emit
    raise OSError('M38 synthetic fault: headers sent, declared body never delivered')
OSError: M38 synthetic fault: headers sent, declared body never delivered
