Traceback (most recent call last):
  File "<frozen runpy>", line 203, in _run_module_as_main
  File "<frozen runpy>", line 88, in _run_code
  File "/Volumes/SDXC-512/ds41f-mlx/tools/run_m38_soak.py", line 197, in <module>
    if __name__=='__main__':asyncio.run(main())
                            ~~~~~~~~~~~^^^^^^^^
  File "/opt/homebrew/Cellar/python@3.13/3.13.15/Frameworks/Python.framework/Versions/3.13/lib/python3.13/asyncio/runners.py", line 196, in run
    return runner.run(main)
           ~~~~~~~~~~^^^^^^
  File "/opt/homebrew/Cellar/python@3.13/3.13.15/Frameworks/Python.framework/Versions/3.13/lib/python3.13/asyncio/runners.py", line 119, in run
    return self._loop.run_until_complete(task)
           ~~~~~~~~~~~~~~~~~~~~~~~~~~~~~^^^^^^
  File "/opt/homebrew/Cellar/python@3.13/3.13.15/Frameworks/Python.framework/Versions/3.13/lib/python3.13/asyncio/base_events.py", line 726, in run_until_complete
    return future.result()
           ~~~~~~~~~~~~~^^
  File "/Volumes/SDXC-512/ds41f-mlx/tools/run_m38_soak.py", line 136, in main
    await turn(phase,f'{round}-weather',f'Use lookup_weather for {"Paris" if round%2==0 else "Berlin"}.',required=True,mode='terminal' if round==2 else 'normal')
  File "/Volumes/SDXC-512/ds41f-mlx/tools/run_m38_soak.py", line 71, in turn
    stream=await call(client.submit_tool_results,options=opts) if continuation else await call(client.submit,[dict(role='user',content=text)],options=opts)
                                                                                    ^^^^^^^^^^^^^^^^^^^^^^^^^^^^^^^^^^^^^^^^^^^^^^^^^^^^^^^^^^^^^^^^^^^^^^^
  File "/Volumes/SDXC-512/ds41f-mlx/tools/run_m38_soak.py", line 39, in call
    async def call(fn,*a,**kw):return await asyncio.to_thread(fn,*a,**kw)
                                      ^^^^^^^^^^^^^^^^^^^^^^^^^^^^^^^^^^^
  File "/opt/homebrew/Cellar/python@3.13/3.13.15/Frameworks/Python.framework/Versions/3.13/lib/python3.13/asyncio/threads.py", line 26, in to_thread
    return await loop.run_in_executor(None, func_call)
           ^^^^^^^^^^^^^^^^^^^^^^^^^^^^^^^^^^^^^^^^^^^
  File "/opt/homebrew/Cellar/python@3.13/3.13.15/Frameworks/Python.framework/Versions/3.13/lib/python3.13/concurrent/futures/thread.py", line 59, in run
    result = self.fn(*self.args, **self.kwargs)
  File "/Volumes/SDXC-512/ds41f-mlx/ds41f_mlx/internal_local_client.py", line 159, in submit
    self._stop('unresolved request or tool ownership; new work forbidden')
    ~~~~~~~~~~^^^^^^^^^^^^^^^^^^^^^^^^^^^^^^^^^^^^^^^^^^^^^^^^^^^^^^^^^^^^
  File "/Volumes/SDXC-512/ds41f-mlx/ds41f_mlx/internal_local_client.py", line 123, in _stop
    raise ClientStateError(message)
ds41f_mlx.internal_local_client.ClientStateError: unresolved request or tool ownership; new work forbidden
