0.0s loading admitted checkpoint
322.1s independent OFF oracles complete
330.4s cycle 0 accepted 8 PASS
330.9s cycle 1 accepted 4 PASS
331.4s cycle 2 accepted 1 PASS
331.9s cycle 3 accepted 0 PASS
332.4s cycle 4 accepted 6 PASS
340.8s arbitrary prefix 1 PASS
349.1s arbitrary prefix 2 PASS
357.5s arbitrary prefix 3 PASS
365.8s arbitrary prefix 4 PASS
374.1s arbitrary prefix 5 PASS
382.4s arbitrary prefix 6 PASS
390.8s arbitrary prefix 7 PASS
399.1s cancel after materialization=False PASS
407.4s cancel after materialization=True PASS
415.8s fault materialize-before/-1/-1 PASS
424.1s fault materialize-after/-1/-1 PASS
432.4s fault materialize-state/19/-1 PASS
440.7s fault prepare/19/-1 PASS
449.1s fault publish/0/0 PASS
457.4s fault publish/0/1 PASS
465.7s fault publish/2/2 PASS
474.1s fault publish/2/3 PASS
482.4s fault publish/2/4 PASS
490.8s fault publish/2/5 PASS
499.1s fault publish/0/6 PASS
507.4s fault publish/39/lengths PASS
515.8s fault publish/39/left_padding PASS
524.5s fault publication-boundary/-1/-1 PASS
533.1s fault owner-publication/-1/-1 PASS
533.1s checkpoint qualification PASS; see separate physical prefix/storage audit
