0.0s loading admitted checkpoint
322.7s independent OFF oracles complete
331.0s cycle 0 accepted 8 PASS
331.5s cycle 1 accepted 4 PASS
332.0s cycle 2 accepted 1 PASS
332.5s cycle 3 accepted 0 PASS
333.0s cycle 4 accepted 6 PASS
341.4s arbitrary prefix 1 PASS
349.7s arbitrary prefix 2 PASS
358.1s arbitrary prefix 3 PASS
366.4s arbitrary prefix 4 PASS
374.7s arbitrary prefix 5 PASS
383.1s arbitrary prefix 6 PASS
391.4s arbitrary prefix 7 PASS
399.7s cancel after materialization=False PASS
408.1s cancel after materialization=True PASS
416.7s fault materialize-before/-1/-1 PASS
425.3s fault materialize-after/-1/-1 PASS
433.9s fault materialize-state/19/-1 PASS
442.6s fault prepare/19/-1 PASS
451.3s fault publish/0/0 PASS
459.9s fault publish/0/1 PASS
468.2s fault publish/2/2 PASS
476.6s fault publish/2/3 PASS
484.9s fault publish/2/4 PASS
493.2s fault publish/2/5 PASS
501.6s fault publish/0/6 PASS
509.9s fault publish/39/lengths PASS
518.2s fault publish/39/left_padding PASS
526.6s fault publication-boundary/-1/-1 PASS
534.9s fault owner-publication/-1/-1 PASS
553.9s matched M50 OFF state/performance regression PASS
553.9s checkpoint qualification PASS; see separate physical prefix/storage audit
