{
  "receipts": {
    "independent": {
      "path": "artifacts/m42/independent.json",
      "sha256": "2514c335c2eaae0c083194b0a0dcc9dab1338f9537074a60f55fa4f9d923c321",
      "status": "PASS"
    },
    "isolation": {
      "path": "artifacts/m42/isolation.json",
      "sha256": "0f3f7046c33c16556d33c5542ad00724d84df84a08d64ec5ff3911c6d6b49ced",
      "status": "PASS"
    },
    "mutations": {
      "path": "artifacts/m42/mutations.json",
      "sha256": "c455e8cc842794e67b2b989cb827ab2873596eda9d493e9b5764e038cdaf5456",
      "status": "PASS"
    },
    "preserved-off": {
      "path": "artifacts/m42/preserved-off.json",
      "sha256": "93fb0ecc2d876d0df2d8f1c9dd736a03493dc39325063f00672bcee8504495f3",
      "status": "PASS"
    }
  },
  "semantic_checks": 249,
  "subtests": 32,
  "protocol_records": 64,
  "preview_rows": 77,
  "preview_repeated_calls": 15400,
  "recovery_cases": 28,
  "mtp_outcomes": 18,
  "mtp_admission_rejections": 27,
  "mutations_rejected": 3
}
