{
  "status": "PASS",
  "cases": [
    {
      "name": "before_init",
      "status": "PASS"
    },
    {
      "name": "after_first_safe_emit",
      "status": "PASS"
    },
    {
      "name": "predicted_successor_before_emit",
      "status": "PASS"
    },
    {
      "name": "safe_undelivered_prefix",
      "status": "PASS"
    },
    {
      "name": "inside_DSML",
      "status": "PASS"
    },
    {
      "name": "before_DSML_closure",
      "status": "PASS"
    },
    {
      "name": "after_terminal_emit",
      "status": "PASS"
    },
    {
      "name": "after_safe_main_forward",
      "status": "PASS_FAIL_CLOSED"
    },
    {
      "name": "after_successor_sample",
      "status": "PASS_FAIL_CLOSED"
    },
    {
      "name": "after_init_construction",
      "status": "PASS_FAIL_CLOSED"
    },
    {
      "name": "native_fixture_pending_main",
      "status": "PASS"
    },
    {
      "name": "native_fixture_pending_successor",
      "status": "PASS"
    },
    {
      "name": "native_fixture_stop_prefix_main",
      "status": "PASS"
    },
    {
      "name": "alignment_successor_terminal",
      "status": "PASS"
    },
    {
      "name": "alignment_prediction_interruption",
      "status": "PASS"
    },
    {
      "name": "canonical_terminal_transport_pending",
      "status": "PASS"
    }
  ]
}
