{
  "status": "PASS",
  "runs": [
    {
      "mode": "warmup_guarded",
      "tok_s": 42.95353484100798,
      "acceptance": 0.944954128440367,
      "accepted_per_cycle": 4.478260869565218,
      "preview": {
        "calls": 25,
        "init_calls": 2,
        "calls_per_cycle": 1.0,
        "candidate_ids": 129,
        "median_ns": 22833,
        "p95_ns": 29208,
        "max_ns": 39666,
        "metadata": "one owned terminal, <=16 bounded diagnostic decisions; no terminal on this performance corpus"
      }
    },
    {
      "mode": "OFF",
      "tok_s": 19.37191484753415,
      "acceptance": null,
      "accepted_per_cycle": null,
      "preview": {
        "calls": 0,
        "init_calls": 0,
        "calls_per_cycle": null,
        "candidate_ids": 0,
        "median_ns": null,
        "p95_ns": null,
        "max_ns": null,
        "metadata": "one owned terminal, <=16 bounded diagnostic decisions; no terminal on this performance corpus"
      }
    },
    {
      "mode": "ON_no_guard",
      "tok_s": 42.984364708028714,
      "acceptance": 0.944954128440367,
      "accepted_per_cycle": 4.478260869565218,
      "preview": {
        "calls": 0,
        "init_calls": 0,
        "calls_per_cycle": null,
        "candidate_ids": 0,
        "median_ns": null,
        "p95_ns": null,
        "max_ns": null,
        "metadata": "one owned terminal, <=16 bounded diagnostic decisions; no terminal on this performance corpus"
      }
    },
    {
      "mode": "ON_guarded",
      "tok_s": 42.839795962799045,
      "acceptance": 0.944954128440367,
      "accepted_per_cycle": 4.478260869565218,
      "preview": {
        "calls": 25,
        "init_calls": 2,
        "calls_per_cycle": 1.0,
        "candidate_ids": 129,
        "median_ns": 14458,
        "p95_ns": 17917,
        "max_ns": 18458,
        "metadata": "one owned terminal, <=16 bounded diagnostic decisions; no terminal on this performance corpus"
      }
    }
  ]
}
