{
  "status": "PASS",
  "cases": [
    {
      "name": "one_tool",
      "mtp": false,
      "status": "PASS"
    },
    {
      "name": "one_tool",
      "mtp": true,
      "status": "PASS"
    },
    {
      "name": "thinking_tool",
      "mtp": false,
      "status": "PASS"
    },
    {
      "name": "thinking_tool",
      "mtp": true,
      "status": "PASS"
    },
    {
      "name": "multiple_tools",
      "mtp": false,
      "status": "PASS"
    },
    {
      "name": "multiple_tools",
      "mtp": true,
      "status": "PASS"
    }
  ]
}
