{"event": "heartbeat", "stage": "load", "elapsed_s": 0.004039374995045364}
{"event": "heartbeat", "stage": "resource-sample", "elapsed_s": 10.023673499992583}
{"event": "heartbeat", "stage": "resource-sample", "elapsed_s": 20.042501916992478}
{"event": "heartbeat", "stage": "resource-sample", "elapsed_s": 30.061461250006687}
{"event": "heartbeat", "stage": "resource-sample", "elapsed_s": 40.08079929201631}
{"event": "heartbeat", "stage": "resource-sample", "elapsed_s": 50.09987866698066}
{"event": "heartbeat", "stage": "resource-sample", "elapsed_s": 60.1189814999816}
{"event": "heartbeat", "stage": "resource-sample", "elapsed_s": 70.13785508397268}
{"event": "heartbeat", "stage": "resource-sample", "elapsed_s": 80.15694579202682}
{"event": "heartbeat", "stage": "resource-sample", "elapsed_s": 90.1760218749987}
{"event": "heartbeat", "stage": "resource-sample", "elapsed_s": 100.19505108398153}
{"event": "heartbeat", "stage": "resource-sample", "elapsed_s": 110.2140891670133}
{"event": "heartbeat", "stage": "resource-sample", "elapsed_s": 120.23311154200928}
{"event": "heartbeat", "stage": "resource-sample", "elapsed_s": 130.2518895000103}
{"event": "heartbeat", "stage": "resource-sample", "elapsed_s": 140.271398708981}
{"event": "heartbeat", "stage": "resource-sample", "elapsed_s": 150.29031537502306}
{"event": "heartbeat", "stage": "resource-sample", "elapsed_s": 160.30946220899932}
{"event": "heartbeat", "stage": "resource-sample", "elapsed_s": 170.3209828750114}
{"event": "heartbeat", "stage": "resource-sample", "elapsed_s": 180.33953283401206}
{"event": "heartbeat", "stage": "resource-sample", "elapsed_s": 190.35817841702374}
{"event": "heartbeat", "stage": "resource-sample", "elapsed_s": 200.37695179198636}
{"event": "heartbeat", "stage": "resource-sample", "elapsed_s": 210.39610700000776}
{"event": "heartbeat", "stage": "resource-sample", "elapsed_s": 220.41498762497213}
{"event": "heartbeat", "stage": "resource-sample", "elapsed_s": 230.43396262498572}
{"event": "heartbeat", "stage": "resource-sample", "elapsed_s": 240.4529832500266}
{"event": "heartbeat", "stage": "resource-sample", "elapsed_s": 250.47558600001503}
{"event": "heartbeat", "stage": "resource-sample", "elapsed_s": 260.50750741700176}
{"event": "heartbeat", "stage": "resource-sample", "elapsed_s": 270.5373921249993}
{"event": "heartbeat", "stage": "resource-sample", "elapsed_s": 280.55867583397776}
{"event": "heartbeat", "stage": "resource-sample", "elapsed_s": 290.5789233749965}
{"event": "heartbeat", "stage": "resource-sample", "elapsed_s": 300.60482720902655}
{"event": "heartbeat", "stage": "resource-sample", "elapsed_s": 310.63029495900264}
[transformers] Token indices sequence length is longer than the specified maximum sequence length for this model (1062479 > 1048576). Running this sequence through the model will result in indexing errors
{"event": "heartbeat", "stage": "prefill", "elapsed_s": 315.6062558339909}
{"event": "heartbeat", "stage": "resource-sample", "elapsed_s": 320.6567578749964}
{"event": "heartbeat", "stage": "resource-sample", "elapsed_s": 330.6847650000127}
{"event": "heartbeat", "stage": "resource-sample", "elapsed_s": 340.71091804199386}
{"event": "heartbeat", "stage": "resource-sample", "elapsed_s": 350.7372188339941}
{"event": "heartbeat", "stage": "resource-sample", "elapsed_s": 360.7627452919842}
{"event": "heartbeat", "stage": "resource-sample", "elapsed_s": 370.7899314590031}
{"event": "heartbeat", "stage": "resource-sample", "elapsed_s": 380.81578233401524}
{"event": "heartbeat", "stage": "resource-sample", "elapsed_s": 390.8398720420082}
{"event": "heartbeat", "stage": "resource-sample", "elapsed_s": 400.8653870000271}
{"event": "heartbeat", "stage": "resource-sample", "elapsed_s": 410.89462637499673}
{"event": "heartbeat", "stage": "resource-sample", "elapsed_s": 420.9203458750271}
{"event": "heartbeat", "stage": "resource-sample", "elapsed_s": 430.94580233399756}
{"event": "heartbeat", "stage": "resource-sample", "elapsed_s": 440.97162820899393}
{"event": "heartbeat", "stage": "resource-sample", "elapsed_s": 450.9982224170235}
{"event": "heartbeat", "stage": "resource-sample", "elapsed_s": 461.0241987089976}
{"event": "heartbeat", "stage": "resource-sample", "elapsed_s": 471.05069283401826}
{"event": "heartbeat", "stage": "resource-sample", "elapsed_s": 481.07675066700904}
{"event": "heartbeat", "stage": "resource-sample", "elapsed_s": 491.10476366698276}
{"event": "heartbeat", "stage": "resource-sample", "elapsed_s": 501.1307824170217}
{"event": "heartbeat", "stage": "resource-sample", "elapsed_s": 511.1575804169988}
{"event": "heartbeat", "stage": "resource-sample", "elapsed_s": 521.1841596669983}
{"event": "heartbeat", "stage": "resource-sample", "elapsed_s": 531.2100274169934}
{"event": "heartbeat", "stage": "resource-sample", "elapsed_s": 541.2360906670219}
{"event": "heartbeat", "stage": "resource-sample", "elapsed_s": 551.2621294590062}
{"event": "heartbeat", "stage": "resource-sample", "elapsed_s": 561.2844991249731}
{"event": "heartbeat", "stage": "resource-sample", "elapsed_s": 571.3110453750123}
{"event": "heartbeat", "stage": "resource-sample", "elapsed_s": 581.3374155840138}
{"event": "heartbeat", "stage": "resource-sample", "elapsed_s": 591.3648651670082}
{"event": "heartbeat", "stage": "resource-sample", "elapsed_s": 601.3911188750062}
{"event": "heartbeat", "stage": "resource-sample", "elapsed_s": 611.4195652499911}
{"event": "heartbeat", "stage": "resource-sample", "elapsed_s": 621.4453600000124}
{"event": "heartbeat", "stage": "resource-sample", "elapsed_s": 631.4721727499855}
{"event": "heartbeat", "stage": "resource-sample", "elapsed_s": 641.4987653340213}
{"event": "heartbeat", "stage": "resource-sample", "elapsed_s": 651.5180757089984}
{"event": "heartbeat", "stage": "resource-sample", "elapsed_s": 661.5443240840104}
{"event": "heartbeat", "stage": "resource-sample", "elapsed_s": 671.5717332499917}
{"event": "heartbeat", "stage": "resource-sample", "elapsed_s": 681.5980347919976}
{"event": "heartbeat", "stage": "resource-sample", "elapsed_s": 691.6246887089801}
{"event": "heartbeat", "stage": "resource-sample", "elapsed_s": 701.6507337919902}
{"event": "heartbeat", "stage": "resource-sample", "elapsed_s": 711.6770033750217}
{"event": "heartbeat", "stage": "resource-sample", "elapsed_s": 721.7037389589823}
{"event": "heartbeat", "stage": "resource-sample", "elapsed_s": 731.731066584005}
{"event": "heartbeat", "stage": "resource-sample", "elapsed_s": 741.7582755840267}
{"event": "heartbeat", "stage": "resource-sample", "elapsed_s": 751.7841722919839}
{"event": "heartbeat", "stage": "resource-sample", "elapsed_s": 761.8105437500053}
{"event": "heartbeat", "stage": "resource-sample", "elapsed_s": 771.8379115840071}
{"event": "heartbeat", "stage": "resource-sample", "elapsed_s": 781.8645738749765}
{"event": "heartbeat", "stage": "resource-sample", "elapsed_s": 791.8915312919999}
{"event": "heartbeat", "stage": "resource-sample", "elapsed_s": 801.9200859590201}
{"event": "heartbeat", "stage": "resource-sample", "elapsed_s": 811.946465792018}
{"event": "heartbeat", "stage": "resource-sample", "elapsed_s": 821.9724582919735}
{"event": "heartbeat", "stage": "resource-sample", "elapsed_s": 831.9982495000004}
{"event": "heartbeat", "stage": "resource-sample", "elapsed_s": 842.02397470898}
{"event": "heartbeat", "stage": "resource-sample", "elapsed_s": 852.0510209589847}
{"event": "heartbeat", "stage": "resource-sample", "elapsed_s": 862.0778014590032}
{"event": "heartbeat", "stage": "resource-sample", "elapsed_s": 872.1062955840025}
{"event": "heartbeat", "stage": "resource-sample", "elapsed_s": 882.1345063340268}
{"event": "heartbeat", "stage": "resource-sample", "elapsed_s": 892.1607435839833}
{"event": "heartbeat", "stage": "resource-sample", "elapsed_s": 902.1867337499862}
{"event": "heartbeat", "stage": "resource-sample", "elapsed_s": 912.212969833985}
{"event": "heartbeat", "stage": "resource-sample", "elapsed_s": 922.2388148750179}
{"event": "heartbeat", "stage": "resource-sample", "elapsed_s": 932.265395125025}
{"event": "heartbeat", "stage": "resource-sample", "elapsed_s": 942.2910084999749}
{"event": "heartbeat", "stage": "resource-sample", "elapsed_s": 952.3164889999898}
{"event": "heartbeat", "stage": "resource-sample", "elapsed_s": 962.342286041996}
{"event": "heartbeat", "stage": "resource-sample", "elapsed_s": 972.3679034169763}
{"event": "heartbeat", "stage": "resource-sample", "elapsed_s": 982.3951709590037}
{"event": "heartbeat", "stage": "resource-sample", "elapsed_s": 992.4210977089824}
{"event": "heartbeat", "stage": "resource-sample", "elapsed_s": 1002.447270500008}
{"event": "heartbeat", "stage": "resource-sample", "elapsed_s": 1012.4729533339851}
{"event": "heartbeat", "stage": "resource-sample", "elapsed_s": 1022.4998057089979}
{"event": "heartbeat", "stage": "resource-sample", "elapsed_s": 1032.5265258339932}
{"event": "heartbeat", "stage": "resource-sample", "elapsed_s": 1042.5525348340161}
{"event": "heartbeat", "stage": "resource-sample", "elapsed_s": 1052.5792872090242}
{"event": "heartbeat", "stage": "resource-sample", "elapsed_s": 1062.605919542024}
{"event": "heartbeat", "stage": "resource-sample", "elapsed_s": 1072.6320017499966}
{"event": "heartbeat", "stage": "resource-sample", "elapsed_s": 1082.6593139590113}
{"event": "heartbeat", "stage": "resource-sample", "elapsed_s": 1092.6857860420132}
{"event": "heartbeat", "stage": "resource-sample", "elapsed_s": 1102.7127846669755}
{"event": "heartbeat", "stage": "resource-sample", "elapsed_s": 1112.7390897920122}
{"event": "heartbeat", "stage": "resource-sample", "elapsed_s": 1122.76553241699}
{"event": "heartbeat", "stage": "resource-sample", "elapsed_s": 1132.7914677090012}
{"event": "heartbeat", "stage": "resource-sample", "elapsed_s": 1142.817725959001}
{"event": "heartbeat", "stage": "resource-sample", "elapsed_s": 1152.8434902920271}
{"event": "heartbeat", "stage": "resource-sample", "elapsed_s": 1162.8693813750288}
{"event": "heartbeat", "stage": "resource-sample", "elapsed_s": 1172.8954580000136}
{"event": "heartbeat", "stage": "resource-sample", "elapsed_s": 1182.9212347089779}
{"event": "heartbeat", "stage": "resource-sample", "elapsed_s": 1192.9472800840158}
{"event": "heartbeat", "stage": "resource-sample", "elapsed_s": 1202.973446167016}
{"event": "heartbeat", "stage": "resource-sample", "elapsed_s": 1213.000763042015}
{"event": "heartbeat", "stage": "resource-sample", "elapsed_s": 1223.0276320839766}
{"event": "heartbeat", "stage": "resource-sample", "elapsed_s": 1233.0543403750053}
{"event": "heartbeat", "stage": "resource-sample", "elapsed_s": 1243.0808100419817}
{"event": "heartbeat", "stage": "resource-sample", "elapsed_s": 1253.1065635000123}
{"event": "heartbeat", "stage": "resource-sample", "elapsed_s": 1263.1324179170188}
{"event": "heartbeat", "stage": "resource-sample", "elapsed_s": 1273.1594845000072}
{"event": "heartbeat", "stage": "resource-sample", "elapsed_s": 1283.1859908750048}
{"event": "heartbeat", "stage": "resource-sample", "elapsed_s": 1293.2122636670247}
{"event": "heartbeat", "stage": "resource-sample", "elapsed_s": 1303.2403053339804}
{"event": "heartbeat", "stage": "resource-sample", "elapsed_s": 1313.2663968339912}
{"event": "heartbeat", "stage": "resource-sample", "elapsed_s": 1323.284851000004}
{"event": "heartbeat", "stage": "resource-sample", "elapsed_s": 1333.301684874983}
{"event": "heartbeat", "stage": "resource-sample", "elapsed_s": 1343.3287944170297}
{"event": "heartbeat", "stage": "resource-sample", "elapsed_s": 1353.3542548749829}
{"event": "heartbeat", "stage": "resource-sample", "elapsed_s": 1363.380219625018}
{"event": "heartbeat", "stage": "resource-sample", "elapsed_s": 1373.4069027919904}
{"event": "heartbeat", "stage": "resource-sample", "elapsed_s": 1383.432544292009}
{"event": "heartbeat", "stage": "resource-sample", "elapsed_s": 1393.4587095419993}
{"event": "heartbeat", "stage": "resource-sample", "elapsed_s": 1403.4850418749847}
{"event": "heartbeat", "stage": "resource-sample", "elapsed_s": 1413.5119340000092}
{"event": "heartbeat", "stage": "resource-sample", "elapsed_s": 1423.5375012499862}
{"event": "heartbeat", "stage": "resource-sample", "elapsed_s": 1433.5632102499949}
{"event": "heartbeat", "stage": "resource-sample", "elapsed_s": 1443.5898981670034}
{"event": "heartbeat", "stage": "resource-sample", "elapsed_s": 1453.608371166978}
{"event": "heartbeat", "stage": "resource-sample", "elapsed_s": 1463.6342257090146}
{"event": "heartbeat", "stage": "resource-sample", "elapsed_s": 1473.6620675000013}
{"event": "heartbeat", "stage": "resource-sample", "elapsed_s": 1483.6892555420054}
{"event": "heartbeat", "stage": "resource-sample", "elapsed_s": 1493.7152130000177}
{"event": "heartbeat", "stage": "resource-sample", "elapsed_s": 1503.7411979170283}
{"event": "heartbeat", "stage": "resource-sample", "elapsed_s": 1513.7672637500218}
{"event": "heartbeat", "stage": "resource-sample", "elapsed_s": 1523.7935196249746}
{"event": "heartbeat", "stage": "resource-sample", "elapsed_s": 1533.819471292023}
{"event": "heartbeat", "stage": "resource-sample", "elapsed_s": 1543.845750709006}
{"event": "heartbeat", "stage": "resource-sample", "elapsed_s": 1553.8722008750192}
{"event": "heartbeat", "stage": "resource-sample", "elapsed_s": 1563.8883728749934}
{"event": "heartbeat", "stage": "resource-sample", "elapsed_s": 1573.916083041986}
{"event": "heartbeat", "stage": "resource-sample", "elapsed_s": 1583.9432583340094}
{"event": "heartbeat", "stage": "resource-sample", "elapsed_s": 1593.9693639589823}
{"event": "heartbeat", "stage": "resource-sample", "elapsed_s": 1603.9962588340277}
{"event": "heartbeat", "stage": "resource-sample", "elapsed_s": 1614.0223392500193}
{"event": "heartbeat", "stage": "resource-sample", "elapsed_s": 1624.048338084016}
{"event": "heartbeat", "stage": "resource-sample", "elapsed_s": 1634.074048333976}
{"event": "heartbeat", "stage": "resource-sample", "elapsed_s": 1644.100413209002}
{"event": "heartbeat", "stage": "resource-sample", "elapsed_s": 1654.1260509170243}
{"event": "heartbeat", "stage": "resource-sample", "elapsed_s": 1664.155301916995}
{"event": "heartbeat", "stage": "resource-sample", "elapsed_s": 1674.1811520420015}
{"event": "heartbeat", "stage": "resource-sample", "elapsed_s": 1684.2074694589828}
{"event": "heartbeat", "stage": "resource-sample", "elapsed_s": 1694.2344017919968}
{"event": "heartbeat", "stage": "resource-sample", "elapsed_s": 1704.2623354999814}
{"event": "heartbeat", "stage": "resource-sample", "elapsed_s": 1714.2884841670166}
{"event": "heartbeat", "stage": "resource-sample", "elapsed_s": 1724.3147814170225}
{"event": "heartbeat", "stage": "resource-sample", "elapsed_s": 1734.3460917500197}
{"event": "heartbeat", "stage": "resource-sample", "elapsed_s": 1744.3641509590088}
{"event": "heartbeat", "stage": "resource-sample", "elapsed_s": 1754.3900811669882}
{"event": "heartbeat", "stage": "resource-sample", "elapsed_s": 1764.4160162499757}
{"event": "heartbeat", "stage": "resource-sample", "elapsed_s": 1774.4454494590173}
{"event": "heartbeat", "stage": "resource-sample", "elapsed_s": 1784.471595250012}
{"event": "heartbeat", "stage": "resource-sample", "elapsed_s": 1794.4970616250066}
{"event": "heartbeat", "stage": "resource-sample", "elapsed_s": 1804.5170619169949}
{"event": "heartbeat", "stage": "resource-sample", "elapsed_s": 1814.5446194999968}
{"event": "heartbeat", "stage": "resource-sample", "elapsed_s": 1824.5697168749757}
{"event": "heartbeat", "stage": "resource-sample", "elapsed_s": 1834.5952481669956}
{"event": "heartbeat", "stage": "resource-sample", "elapsed_s": 1844.6208577919751}
{"event": "heartbeat", "stage": "resource-sample", "elapsed_s": 1854.646627041977}
{"event": "heartbeat", "stage": "resource-sample", "elapsed_s": 1864.6693455839995}
{"event": "heartbeat", "stage": "resource-sample", "elapsed_s": 1874.6923904999858}
{"event": "heartbeat", "stage": "resource-sample", "elapsed_s": 1884.7150585419731}
{"event": "heartbeat", "stage": "resource-sample", "elapsed_s": 1894.7401258749887}
{"event": "heartbeat", "stage": "resource-sample", "elapsed_s": 1904.7624809999834}
{"event": "heartbeat", "stage": "resource-sample", "elapsed_s": 1914.7837732090265}
{"event": "heartbeat", "stage": "resource-sample", "elapsed_s": 1924.8054390840116}
{"event": "heartbeat", "stage": "resource-sample", "elapsed_s": 1934.8298242089804}
{"event": "heartbeat", "stage": "resource-sample", "elapsed_s": 1944.855684500013}
{"event": "heartbeat", "stage": "resource-sample", "elapsed_s": 1954.8771748750005}
{"event": "heartbeat", "stage": "resource-sample", "elapsed_s": 1964.8893923339783}
{"event": "heartbeat", "stage": "resource-sample", "elapsed_s": 1974.9144861249952}
{"event": "heartbeat", "stage": "resource-sample", "elapsed_s": 1984.9384706669953}
{"event": "heartbeat", "stage": "resource-sample", "elapsed_s": 1994.9596391249797}
{"event": "heartbeat", "stage": "resource-sample", "elapsed_s": 2004.9831673749723}
{"event": "heartbeat", "stage": "resource-sample", "elapsed_s": 2015.004950208997}
{"event": "heartbeat", "stage": "resource-sample", "elapsed_s": 2025.0309605840011}
{"event": "heartbeat", "stage": "resource-sample", "elapsed_s": 2035.0483377500204}
{"event": "heartbeat", "stage": "resource-sample", "elapsed_s": 2045.0702718750108}
{"event": "heartbeat", "stage": "resource-sample", "elapsed_s": 2055.0925278749783}
{"event": "heartbeat", "stage": "resource-sample", "elapsed_s": 2065.1173265419784}
{"event": "heartbeat", "stage": "resource-sample", "elapsed_s": 2075.138911749993}
{"event": "heartbeat", "stage": "resource-sample", "elapsed_s": 2085.1508043750073}
{"event": "heartbeat", "stage": "resource-sample", "elapsed_s": 2095.173306874989}
{"event": "heartbeat", "stage": "resource-sample", "elapsed_s": 2105.198745834001}
{"event": "heartbeat", "stage": "resource-sample", "elapsed_s": 2115.221131208993}
{"event": "heartbeat", "stage": "resource-sample", "elapsed_s": 2125.243181166996}
{"event": "heartbeat", "stage": "resource-sample", "elapsed_s": 2135.265532625024}
{"event": "heartbeat", "stage": "resource-sample", "elapsed_s": 2145.290858625027}
{"event": "heartbeat", "stage": "resource-sample", "elapsed_s": 2155.3125957919983}
{"event": "heartbeat", "stage": "resource-sample", "elapsed_s": 2165.333874874981}
{"event": "heartbeat", "stage": "resource-sample", "elapsed_s": 2175.3564187089796}
{"event": "heartbeat", "stage": "resource-sample", "elapsed_s": 2185.3838939170237}
{"event": "heartbeat", "stage": "resource-sample", "elapsed_s": 2195.40616183402}
{"event": "heartbeat", "stage": "resource-sample", "elapsed_s": 2205.4277595839812}
{"event": "heartbeat", "stage": "resource-sample", "elapsed_s": 2215.4494866669993}
{"event": "heartbeat", "stage": "resource-sample", "elapsed_s": 2225.4729207920027}
{"event": "heartbeat", "stage": "resource-sample", "elapsed_s": 2235.497133750003}
{"event": "heartbeat", "stage": "resource-sample", "elapsed_s": 2245.5192750419956}
{"event": "heartbeat", "stage": "resource-sample", "elapsed_s": 2255.541647083999}
{"event": "heartbeat", "stage": "prefill-complete", "elapsed_s": 2261.46186791698}
{"event": "heartbeat", "stage": "resource-sample", "elapsed_s": 2265.5658598750015}
{"event": "heartbeat", "stage": "resource-sample", "elapsed_s": 2275.594250834023}
{"event": "heartbeat", "stage": "resource-sample", "elapsed_s": 2285.617605833977}
{"event": "heartbeat", "stage": "turn-complete", "elapsed_s": 2289.103597624984}
{"event": "heartbeat", "stage": "resource-sample", "elapsed_s": 2295.6428180839866}
{"event": "heartbeat", "stage": "turn-complete", "elapsed_s": 2297.6844191250275}
{"event": "heartbeat", "stage": "resource-sample", "elapsed_s": 2305.6682123750215}
{"event": "heartbeat", "stage": "turn-complete", "elapsed_s": 2307.519494417007}
{"event": "heartbeat", "stage": "resource-sample", "elapsed_s": 2315.6911867089802}
{"event": "heartbeat", "stage": "turn-complete", "elapsed_s": 2318.6023069589864}
{"event": "heartbeat", "stage": "resource-sample", "elapsed_s": 2325.7209609589772}
{"event": "heartbeat", "stage": "turn-complete", "elapsed_s": 2326.838921834016}
{"event": "heartbeat", "stage": "turn-complete", "elapsed_s": 2335.4514512920287}
{"event": "heartbeat", "stage": "resource-sample", "elapsed_s": 2335.744691959}
{"event": "heartbeat", "stage": "turn-complete", "elapsed_s": 2345.283544167003}
{"event": "heartbeat", "stage": "resource-sample", "elapsed_s": 2345.7681773339864}
{"event": "heartbeat", "stage": "resource-sample", "elapsed_s": 2355.793736208987}
{"event": "heartbeat", "stage": "turn-complete", "elapsed_s": 2363.820642124978}
{"event": "heartbeat", "stage": "resource-sample", "elapsed_s": 2365.820666374988}
{"event": "heartbeat", "stage": "turn-complete", "elapsed_s": 2368.410342208983}
