{"event": "heartbeat", "stage": "load", "elapsed_s": 0.004170167027041316}
{"event": "heartbeat", "stage": "resource-sample", "elapsed_s": 10.023906542046461}
{"event": "heartbeat", "stage": "resource-sample", "elapsed_s": 20.04310108401114}
{"event": "heartbeat", "stage": "resource-sample", "elapsed_s": 30.0617901670048}
{"event": "heartbeat", "stage": "resource-sample", "elapsed_s": 40.08065912500024}
{"event": "heartbeat", "stage": "resource-sample", "elapsed_s": 50.10449645901099}
{"event": "heartbeat", "stage": "resource-sample", "elapsed_s": 60.12372062500799}
{"event": "heartbeat", "stage": "resource-sample", "elapsed_s": 70.14310395903885}
{"event": "heartbeat", "stage": "resource-sample", "elapsed_s": 80.16290504200151}
{"event": "heartbeat", "stage": "resource-sample", "elapsed_s": 90.18208741699345}
{"event": "heartbeat", "stage": "resource-sample", "elapsed_s": 100.20181875000708}
{"event": "heartbeat", "stage": "resource-sample", "elapsed_s": 110.22122283402132}
{"event": "heartbeat", "stage": "resource-sample", "elapsed_s": 120.24073725001654}
{"event": "heartbeat", "stage": "resource-sample", "elapsed_s": 130.25987112504663}
{"event": "heartbeat", "stage": "resource-sample", "elapsed_s": 140.27996758400695}
{"event": "heartbeat", "stage": "resource-sample", "elapsed_s": 150.29898404201958}
{"event": "heartbeat", "stage": "resource-sample", "elapsed_s": 160.3177859170246}
{"event": "heartbeat", "stage": "resource-sample", "elapsed_s": 170.33691366703715}
{"event": "heartbeat", "stage": "resource-sample", "elapsed_s": 180.35592054203153}
{"event": "heartbeat", "stage": "resource-sample", "elapsed_s": 190.37523920903914}
{"event": "heartbeat", "stage": "resource-sample", "elapsed_s": 200.39599504199577}
{"event": "heartbeat", "stage": "resource-sample", "elapsed_s": 210.41516854200745}
{"event": "heartbeat", "stage": "resource-sample", "elapsed_s": 220.43409929203335}
{"event": "heartbeat", "stage": "resource-sample", "elapsed_s": 230.4534200420021}
{"event": "heartbeat", "stage": "resource-sample", "elapsed_s": 240.4729989170446}
{"event": "heartbeat", "stage": "resource-sample", "elapsed_s": 250.4942581250216}
{"event": "heartbeat", "stage": "resource-sample", "elapsed_s": 260.52610787499}
{"event": "heartbeat", "stage": "resource-sample", "elapsed_s": 270.5577270000358}
{"event": "heartbeat", "stage": "resource-sample", "elapsed_s": 280.57876841700636}
{"event": "heartbeat", "stage": "resource-sample", "elapsed_s": 290.59953112504445}
{"event": "heartbeat", "stage": "resource-sample", "elapsed_s": 300.62265462504}
{"event": "heartbeat", "stage": "resource-sample", "elapsed_s": 310.64370041701477}
{"event": "heartbeat", "stage": "prefill", "elapsed_s": 319.24428820901085}
{"event": "heartbeat", "stage": "resource-sample", "elapsed_s": 320.6710278750397}
{"event": "heartbeat", "stage": "resource-sample", "elapsed_s": 330.6956643750309}
{"event": "heartbeat", "stage": "resource-sample", "elapsed_s": 340.7181446670438}
{"event": "heartbeat", "stage": "resource-sample", "elapsed_s": 350.73341062502004}
{"event": "heartbeat", "stage": "resource-sample", "elapsed_s": 360.75359075004235}
{"event": "heartbeat", "stage": "resource-sample", "elapsed_s": 370.77360162499826}
{"event": "heartbeat", "stage": "resource-sample", "elapsed_s": 380.7935322500416}
{"event": "heartbeat", "stage": "resource-sample", "elapsed_s": 390.81432354199933}
{"event": "heartbeat", "stage": "resource-sample", "elapsed_s": 400.8352627090062}
{"event": "heartbeat", "stage": "resource-sample", "elapsed_s": 410.8592961670365}
{"event": "heartbeat", "stage": "resource-sample", "elapsed_s": 420.88373087503714}
{"event": "heartbeat", "stage": "resource-sample", "elapsed_s": 430.90586699999403}
{"event": "heartbeat", "stage": "resource-sample", "elapsed_s": 440.9267625840148}
{"event": "heartbeat", "stage": "resource-sample", "elapsed_s": 450.9471224170411}
{"event": "heartbeat", "stage": "resource-sample", "elapsed_s": 460.96804800000973}
{"event": "heartbeat", "stage": "resource-sample", "elapsed_s": 470.9885648339987}
{"event": "heartbeat", "stage": "resource-sample", "elapsed_s": 481.0066264590132}
{"event": "heartbeat", "stage": "resource-sample", "elapsed_s": 491.03008516703267}
{"event": "heartbeat", "stage": "resource-sample", "elapsed_s": 501.0505572920083}
{"event": "heartbeat", "stage": "resource-sample", "elapsed_s": 511.073123084032}
{"event": "heartbeat", "stage": "resource-sample", "elapsed_s": 521.0940530000371}
{"event": "heartbeat", "stage": "resource-sample", "elapsed_s": 531.1155926670181}
{"event": "heartbeat", "stage": "resource-sample", "elapsed_s": 541.136197542015}
{"event": "heartbeat", "stage": "resource-sample", "elapsed_s": 551.1564667500206}
{"event": "heartbeat", "stage": "resource-sample", "elapsed_s": 561.1780231670127}
{"event": "heartbeat", "stage": "resource-sample", "elapsed_s": 571.1986126250122}
{"event": "heartbeat", "stage": "resource-sample", "elapsed_s": 581.21962704201}
{"event": "heartbeat", "stage": "resource-sample", "elapsed_s": 591.2407921670238}
{"event": "heartbeat", "stage": "resource-sample", "elapsed_s": 601.2607703340473}
{"event": "heartbeat", "stage": "resource-sample", "elapsed_s": 611.282522500027}
{"event": "heartbeat", "stage": "resource-sample", "elapsed_s": 621.3055753340013}
{"event": "heartbeat", "stage": "resource-sample", "elapsed_s": 631.3260262919939}
{"event": "heartbeat", "stage": "resource-sample", "elapsed_s": 641.3482269170345}
{"event": "heartbeat", "stage": "resource-sample", "elapsed_s": 651.369589125039}
{"event": "heartbeat", "stage": "resource-sample", "elapsed_s": 661.3902980420389}
{"event": "heartbeat", "stage": "resource-sample", "elapsed_s": 671.4116980840336}
{"event": "heartbeat", "stage": "resource-sample", "elapsed_s": 681.4331098750117}
{"event": "heartbeat", "stage": "resource-sample", "elapsed_s": 691.454110709019}
{"event": "heartbeat", "stage": "resource-sample", "elapsed_s": 701.474762250029}
{"event": "heartbeat", "stage": "resource-sample", "elapsed_s": 711.4952581250109}
{"event": "heartbeat", "stage": "resource-sample", "elapsed_s": 721.5158478340018}
{"event": "heartbeat", "stage": "resource-sample", "elapsed_s": 731.5368541250355}
{"event": "heartbeat", "stage": "resource-sample", "elapsed_s": 741.5627562919981}
{"event": "heartbeat", "stage": "resource-sample", "elapsed_s": 751.5884810840362}
{"event": "heartbeat", "stage": "resource-sample", "elapsed_s": 761.6138037500205}
{"event": "heartbeat", "stage": "resource-sample", "elapsed_s": 771.6396392090246}
{"event": "heartbeat", "stage": "resource-sample", "elapsed_s": 781.6582407919923}
{"event": "heartbeat", "stage": "resource-sample", "elapsed_s": 791.683947209036}
{"event": "heartbeat", "stage": "resource-sample", "elapsed_s": 801.710091624991}
{"event": "heartbeat", "stage": "resource-sample", "elapsed_s": 811.7360983749968}
{"event": "heartbeat", "stage": "resource-sample", "elapsed_s": 821.764253084024}
{"event": "heartbeat", "stage": "resource-sample", "elapsed_s": 831.7905420000316}
{"event": "heartbeat", "stage": "resource-sample", "elapsed_s": 841.8125213750172}
{"event": "heartbeat", "stage": "resource-sample", "elapsed_s": 851.8390036250348}
{"event": "heartbeat", "stage": "resource-sample", "elapsed_s": 861.8645816670032}
{"event": "heartbeat", "stage": "resource-sample", "elapsed_s": 871.8890517090331}
{"event": "heartbeat", "stage": "resource-sample", "elapsed_s": 881.9147845000261}
{"event": "heartbeat", "stage": "resource-sample", "elapsed_s": 891.9399332920439}
{"event": "heartbeat", "stage": "resource-sample", "elapsed_s": 901.9654683340341}
{"event": "heartbeat", "stage": "resource-sample", "elapsed_s": 911.9919903340051}
{"event": "heartbeat", "stage": "resource-sample", "elapsed_s": 922.017153666995}
{"event": "heartbeat", "stage": "resource-sample", "elapsed_s": 932.045486417017}
{"event": "heartbeat", "stage": "resource-sample", "elapsed_s": 942.0722490840126}
{"event": "heartbeat", "stage": "resource-sample", "elapsed_s": 952.0974315840285}
{"event": "heartbeat", "stage": "resource-sample", "elapsed_s": 962.1233117920347}
{"event": "heartbeat", "stage": "resource-sample", "elapsed_s": 972.1492034170078}
{"event": "heartbeat", "stage": "resource-sample", "elapsed_s": 982.1728909169906}
{"event": "heartbeat", "stage": "resource-sample", "elapsed_s": 992.1995388340438}
{"event": "heartbeat", "stage": "resource-sample", "elapsed_s": 1002.2258799590054}
{"event": "heartbeat", "stage": "resource-sample", "elapsed_s": 1012.2511453340412}
{"event": "heartbeat", "stage": "resource-sample", "elapsed_s": 1022.2777771670371}
{"event": "heartbeat", "stage": "resource-sample", "elapsed_s": 1032.303460584022}
{"event": "heartbeat", "stage": "resource-sample", "elapsed_s": 1042.3238748339936}
{"event": "heartbeat", "stage": "resource-sample", "elapsed_s": 1052.3520292500034}
{"event": "heartbeat", "stage": "resource-sample", "elapsed_s": 1062.3814788750024}
{"event": "heartbeat", "stage": "resource-sample", "elapsed_s": 1072.4094984169933}
{"event": "heartbeat", "stage": "resource-sample", "elapsed_s": 1082.4335247499985}
{"event": "heartbeat", "stage": "prefill-complete", "elapsed_s": 1083.491997959034}
{"event": "heartbeat", "stage": "resource-sample", "elapsed_s": 1092.4611082500196}
{"event": "heartbeat", "stage": "resource-sample", "elapsed_s": 1102.485416792042}
{"event": "heartbeat", "stage": "turn-complete", "elapsed_s": 1104.527823542012}
{"event": "heartbeat", "stage": "turn-complete", "elapsed_s": 1112.4888269170187}
{"event": "heartbeat", "stage": "resource-sample", "elapsed_s": 1112.5328994170413}
{"event": "heartbeat", "stage": "turn-complete", "elapsed_s": 1121.2876270420384}
{"event": "heartbeat", "stage": "resource-sample", "elapsed_s": 1122.5563556250418}
{"event": "heartbeat", "stage": "turn-complete", "elapsed_s": 1129.3822493749904}
{"event": "heartbeat", "stage": "resource-sample", "elapsed_s": 1132.5807742500328}
{"event": "heartbeat", "stage": "turn-complete", "elapsed_s": 1136.9609352090047}
{"event": "heartbeat", "stage": "resource-sample", "elapsed_s": 1142.6057990000118}
{"event": "heartbeat", "stage": "turn-complete", "elapsed_s": 1144.8161884589936}
{"event": "heartbeat", "stage": "resource-sample", "elapsed_s": 1152.6309712500079}
{"event": "heartbeat", "stage": "turn-complete", "elapsed_s": 1153.5931765420246}
{"event": "heartbeat", "stage": "resource-sample", "elapsed_s": 1162.6568258749903}
{"event": "heartbeat", "stage": "turn-complete", "elapsed_s": 1168.7244219999993}
{"event": "heartbeat", "stage": "turn-complete", "elapsed_s": 1172.047029709036}
