{"event": "heartbeat", "stage": "load", "elapsed_s": 0.00437562505248934}
{"event": "heartbeat", "stage": "resource-sample", "elapsed_s": 10.023629583010916}
{"event": "heartbeat", "stage": "resource-sample", "elapsed_s": 20.043327999999747}
{"event": "heartbeat", "stage": "resource-sample", "elapsed_s": 30.06219437503023}
{"event": "heartbeat", "stage": "resource-sample", "elapsed_s": 40.081282792030834}
{"event": "heartbeat", "stage": "resource-sample", "elapsed_s": 50.100817708007526}
{"event": "heartbeat", "stage": "resource-sample", "elapsed_s": 60.12005329201929}
{"event": "heartbeat", "stage": "resource-sample", "elapsed_s": 70.13958870799979}
{"event": "heartbeat", "stage": "resource-sample", "elapsed_s": 80.15899141703267}
{"event": "heartbeat", "stage": "resource-sample", "elapsed_s": 90.17766054201638}
{"event": "heartbeat", "stage": "resource-sample", "elapsed_s": 100.19717437500367}
{"event": "heartbeat", "stage": "resource-sample", "elapsed_s": 110.21669566701166}
{"event": "heartbeat", "stage": "resource-sample", "elapsed_s": 120.23558979202062}
{"event": "heartbeat", "stage": "resource-sample", "elapsed_s": 130.25526400003582}
{"event": "heartbeat", "stage": "resource-sample", "elapsed_s": 140.2744368330459}
{"event": "heartbeat", "stage": "resource-sample", "elapsed_s": 150.2939121670206}
{"event": "heartbeat", "stage": "resource-sample", "elapsed_s": 160.31376470800024}
{"event": "heartbeat", "stage": "resource-sample", "elapsed_s": 170.3330414580414}
{"event": "heartbeat", "stage": "resource-sample", "elapsed_s": 180.35199450002983}
{"event": "heartbeat", "stage": "resource-sample", "elapsed_s": 190.37130637501832}
{"event": "heartbeat", "stage": "resource-sample", "elapsed_s": 200.38886154204374}
{"event": "heartbeat", "stage": "resource-sample", "elapsed_s": 210.40750654204749}
{"event": "heartbeat", "stage": "resource-sample", "elapsed_s": 220.42657020804472}
{"event": "heartbeat", "stage": "resource-sample", "elapsed_s": 230.44536708301166}
{"event": "heartbeat", "stage": "resource-sample", "elapsed_s": 240.46402566705365}
{"event": "heartbeat", "stage": "resource-sample", "elapsed_s": 250.4942056670552}
{"event": "heartbeat", "stage": "resource-sample", "elapsed_s": 260.5172937080497}
{"event": "heartbeat", "stage": "resource-sample", "elapsed_s": 270.54627445799997}
{"event": "heartbeat", "stage": "resource-sample", "elapsed_s": 280.5665513750282}
{"event": "heartbeat", "stage": "resource-sample", "elapsed_s": 290.58749437500956}
{"event": "heartbeat", "stage": "resource-sample", "elapsed_s": 300.60952329204883}
{"event": "heartbeat", "stage": "resource-sample", "elapsed_s": 310.63280733302236}
{"event": "heartbeat", "stage": "prefill", "elapsed_s": 314.0250937080127}
{"event": "heartbeat", "stage": "resource-sample", "elapsed_s": 320.65901658305665}
{"event": "heartbeat", "stage": "resource-sample", "elapsed_s": 330.68570900004124}
{"event": "heartbeat", "stage": "resource-sample", "elapsed_s": 340.71175245800987}
{"event": "heartbeat", "stage": "resource-sample", "elapsed_s": 350.73660241701873}
{"event": "heartbeat", "stage": "resource-sample", "elapsed_s": 360.7638194170431}
{"event": "heartbeat", "stage": "resource-sample", "elapsed_s": 370.78971583303064}
{"event": "heartbeat", "stage": "resource-sample", "elapsed_s": 380.8151719580055}
{"event": "heartbeat", "stage": "resource-sample", "elapsed_s": 390.841222750023}
{"event": "heartbeat", "stage": "resource-sample", "elapsed_s": 400.86765683302656}
{"event": "heartbeat", "stage": "resource-sample", "elapsed_s": 410.892881375039}
{"event": "heartbeat", "stage": "resource-sample", "elapsed_s": 420.9172461250564}
{"event": "heartbeat", "stage": "resource-sample", "elapsed_s": 430.94296575000044}
{"event": "heartbeat", "stage": "resource-sample", "elapsed_s": 440.96795562503394}
{"event": "heartbeat", "stage": "resource-sample", "elapsed_s": 450.9935633330024}
{"event": "heartbeat", "stage": "resource-sample", "elapsed_s": 461.01543450000463}
{"event": "heartbeat", "stage": "resource-sample", "elapsed_s": 471.041505125002}
{"event": "heartbeat", "stage": "resource-sample", "elapsed_s": 481.0593296250445}
{"event": "heartbeat", "stage": "resource-sample", "elapsed_s": 491.0857201250037}
{"event": "heartbeat", "stage": "resource-sample", "elapsed_s": 501.11070666700834}
{"event": "heartbeat", "stage": "resource-sample", "elapsed_s": 511.13668450003024}
{"event": "heartbeat", "stage": "resource-sample", "elapsed_s": 521.1611267920234}
{"event": "heartbeat", "stage": "resource-sample", "elapsed_s": 531.1865665420191}
{"event": "heartbeat", "stage": "resource-sample", "elapsed_s": 541.2116929580225}
{"event": "heartbeat", "stage": "resource-sample", "elapsed_s": 551.2368350830511}
{"event": "heartbeat", "stage": "resource-sample", "elapsed_s": 561.2543554170406}
{"event": "heartbeat", "stage": "resource-sample", "elapsed_s": 571.2799606250483}
{"event": "heartbeat", "stage": "resource-sample", "elapsed_s": 581.3091587080271}
{"event": "heartbeat", "stage": "resource-sample", "elapsed_s": 591.3345847500023}
{"event": "heartbeat", "stage": "resource-sample", "elapsed_s": 601.3602862920379}
{"event": "heartbeat", "stage": "resource-sample", "elapsed_s": 611.3863861670252}
{"event": "heartbeat", "stage": "resource-sample", "elapsed_s": 621.4123630000395}
{"event": "heartbeat", "stage": "resource-sample", "elapsed_s": 631.431095292035}
{"event": "heartbeat", "stage": "resource-sample", "elapsed_s": 641.4562771250494}
{"event": "heartbeat", "stage": "resource-sample", "elapsed_s": 651.4835627500433}
{"event": "heartbeat", "stage": "resource-sample", "elapsed_s": 661.5097160000005}
{"event": "heartbeat", "stage": "resource-sample", "elapsed_s": 671.5356107080006}
{"event": "heartbeat", "stage": "resource-sample", "elapsed_s": 681.5557215830195}
{"event": "heartbeat", "stage": "resource-sample", "elapsed_s": 691.5808195420541}
{"event": "heartbeat", "stage": "resource-sample", "elapsed_s": 701.6070676250383}
{"event": "heartbeat", "stage": "resource-sample", "elapsed_s": 711.6327194580226}
{"event": "heartbeat", "stage": "resource-sample", "elapsed_s": 721.6588123330148}
{"event": "heartbeat", "stage": "resource-sample", "elapsed_s": 731.6835870830109}
{"event": "heartbeat", "stage": "resource-sample", "elapsed_s": 741.7054896250484}
{"event": "heartbeat", "stage": "resource-sample", "elapsed_s": 751.7309469170286}
{"event": "heartbeat", "stage": "resource-sample", "elapsed_s": 761.7570346250432}
{"event": "heartbeat", "stage": "resource-sample", "elapsed_s": 771.7826233330416}
{"event": "heartbeat", "stage": "resource-sample", "elapsed_s": 781.8076927500078}
{"event": "heartbeat", "stage": "resource-sample", "elapsed_s": 791.8341857920168}
{"event": "heartbeat", "stage": "resource-sample", "elapsed_s": 801.8590690420242}
{"event": "heartbeat", "stage": "resource-sample", "elapsed_s": 811.8846078750212}
{"event": "heartbeat", "stage": "resource-sample", "elapsed_s": 821.9099262080272}
{"event": "heartbeat", "stage": "resource-sample", "elapsed_s": 831.9351190000307}
{"event": "heartbeat", "stage": "resource-sample", "elapsed_s": 841.9612433750299}
{"event": "heartbeat", "stage": "resource-sample", "elapsed_s": 851.9889885000302}
{"event": "heartbeat", "stage": "resource-sample", "elapsed_s": 862.016679332999}
{"event": "heartbeat", "stage": "resource-sample", "elapsed_s": 872.0434194170521}
{"event": "heartbeat", "stage": "resource-sample", "elapsed_s": 882.0691677080467}
{"event": "heartbeat", "stage": "resource-sample", "elapsed_s": 892.0943761670496}
{"event": "heartbeat", "stage": "resource-sample", "elapsed_s": 902.1202355830465}
{"event": "heartbeat", "stage": "resource-sample", "elapsed_s": 912.1452606250532}
{"event": "heartbeat", "stage": "resource-sample", "elapsed_s": 922.1703623330104}
{"event": "heartbeat", "stage": "resource-sample", "elapsed_s": 932.1967059580493}
{"event": "heartbeat", "stage": "resource-sample", "elapsed_s": 942.2220374169992}
{"event": "heartbeat", "stage": "resource-sample", "elapsed_s": 952.2466962500475}
{"event": "heartbeat", "stage": "resource-sample", "elapsed_s": 962.2709701250424}
{"event": "heartbeat", "stage": "resource-sample", "elapsed_s": 972.2966415420524}
{"event": "heartbeat", "stage": "resource-sample", "elapsed_s": 982.3232697500498}
{"event": "heartbeat", "stage": "resource-sample", "elapsed_s": 992.3492868750473}
{"event": "heartbeat", "stage": "resource-sample", "elapsed_s": 1002.3748806670192}
{"event": "heartbeat", "stage": "resource-sample", "elapsed_s": 1012.4007869170164}
{"event": "heartbeat", "stage": "resource-sample", "elapsed_s": 1022.4263212080114}
{"event": "heartbeat", "stage": "resource-sample", "elapsed_s": 1032.4522610000568}
{"event": "heartbeat", "stage": "resource-sample", "elapsed_s": 1042.4773494580295}
{"event": "heartbeat", "stage": "resource-sample", "elapsed_s": 1052.5037253750488}
{"event": "heartbeat", "stage": "resource-sample", "elapsed_s": 1062.529217583011}
{"event": "heartbeat", "stage": "resource-sample", "elapsed_s": 1072.5551595830475}
{"event": "heartbeat", "stage": "resource-sample", "elapsed_s": 1082.5820057080127}
{"event": "heartbeat", "stage": "resource-sample", "elapsed_s": 1092.6074475420173}
{"event": "heartbeat", "stage": "resource-sample", "elapsed_s": 1102.6333377500414}
{"event": "heartbeat", "stage": "resource-sample", "elapsed_s": 1112.659412375011}
{"event": "heartbeat", "stage": "resource-sample", "elapsed_s": 1122.6854128750274}
{"event": "heartbeat", "stage": "resource-sample", "elapsed_s": 1132.7108717080555}
{"event": "heartbeat", "stage": "resource-sample", "elapsed_s": 1142.7370266670478}
{"event": "heartbeat", "stage": "resource-sample", "elapsed_s": 1152.7627961250255}
{"event": "heartbeat", "stage": "resource-sample", "elapsed_s": 1162.788326000038}
{"event": "heartbeat", "stage": "resource-sample", "elapsed_s": 1172.8142171250074}
{"event": "heartbeat", "stage": "resource-sample", "elapsed_s": 1182.8397887920146}
{"event": "heartbeat", "stage": "resource-sample", "elapsed_s": 1192.8651558750425}
{"event": "heartbeat", "stage": "resource-sample", "elapsed_s": 1202.8902247500373}
{"event": "heartbeat", "stage": "resource-sample", "elapsed_s": 1212.9151587500237}
{"event": "heartbeat", "stage": "resource-sample", "elapsed_s": 1222.9403713330394}
{"event": "heartbeat", "stage": "resource-sample", "elapsed_s": 1232.9670028750552}
{"event": "heartbeat", "stage": "resource-sample", "elapsed_s": 1242.9938782500103}
{"event": "heartbeat", "stage": "resource-sample", "elapsed_s": 1253.0190809170017}
{"event": "heartbeat", "stage": "resource-sample", "elapsed_s": 1263.0451824170304}
{"event": "heartbeat", "stage": "resource-sample", "elapsed_s": 1273.070487458026}
{"event": "heartbeat", "stage": "resource-sample", "elapsed_s": 1283.0969814170385}
{"event": "heartbeat", "stage": "resource-sample", "elapsed_s": 1293.1222672920558}
{"event": "heartbeat", "stage": "resource-sample", "elapsed_s": 1303.148309333017}
{"event": "heartbeat", "stage": "resource-sample", "elapsed_s": 1313.1731880000443}
{"event": "heartbeat", "stage": "resource-sample", "elapsed_s": 1323.1995499170152}
{"event": "heartbeat", "stage": "resource-sample", "elapsed_s": 1333.2264763330459}
{"event": "heartbeat", "stage": "resource-sample", "elapsed_s": 1343.2532911250019}
{"event": "heartbeat", "stage": "resource-sample", "elapsed_s": 1353.2791113330168}
{"event": "heartbeat", "stage": "resource-sample", "elapsed_s": 1363.3054766250425}
{"event": "heartbeat", "stage": "resource-sample", "elapsed_s": 1373.3305148750078}
{"event": "heartbeat", "stage": "resource-sample", "elapsed_s": 1383.355753208045}
{"event": "heartbeat", "stage": "resource-sample", "elapsed_s": 1393.3812277500401}
{"event": "heartbeat", "stage": "resource-sample", "elapsed_s": 1403.4071569170337}
{"event": "heartbeat", "stage": "resource-sample", "elapsed_s": 1413.432789375016}
{"event": "heartbeat", "stage": "resource-sample", "elapsed_s": 1423.4583101670141}
{"event": "heartbeat", "stage": "resource-sample", "elapsed_s": 1433.4852637920412}
{"event": "heartbeat", "stage": "resource-sample", "elapsed_s": 1443.5115091250045}
{"event": "heartbeat", "stage": "resource-sample", "elapsed_s": 1453.5365194580518}
{"event": "heartbeat", "stage": "resource-sample", "elapsed_s": 1463.5616260000388}
{"event": "heartbeat", "stage": "resource-sample", "elapsed_s": 1473.5882291250164}
{"event": "heartbeat", "stage": "resource-sample", "elapsed_s": 1483.6141010000138}
{"event": "heartbeat", "stage": "resource-sample", "elapsed_s": 1493.6397460000007}
{"event": "heartbeat", "stage": "resource-sample", "elapsed_s": 1503.665397625009}
{"event": "heartbeat", "stage": "resource-sample", "elapsed_s": 1513.6920864999993}
{"event": "heartbeat", "stage": "resource-sample", "elapsed_s": 1523.720649917028}
{"event": "heartbeat", "stage": "resource-sample", "elapsed_s": 1533.7465148750343}
{"event": "heartbeat", "stage": "resource-sample", "elapsed_s": 1543.772361875046}
{"event": "heartbeat", "stage": "resource-sample", "elapsed_s": 1553.7982195830555}
{"event": "heartbeat", "stage": "resource-sample", "elapsed_s": 1563.8238056250266}
{"event": "heartbeat", "stage": "resource-sample", "elapsed_s": 1573.8491352080018}
{"event": "heartbeat", "stage": "resource-sample", "elapsed_s": 1583.874643667019}
{"event": "heartbeat", "stage": "resource-sample", "elapsed_s": 1593.9021384170046}
{"event": "heartbeat", "stage": "resource-sample", "elapsed_s": 1603.9344747080468}
{"event": "heartbeat", "stage": "resource-sample", "elapsed_s": 1613.9624712500372}
{"event": "heartbeat", "stage": "prefill-complete", "elapsed_s": 1621.755927625054}
{"event": "heartbeat", "stage": "resource-sample", "elapsed_s": 1623.9897947080317}
{"event": "heartbeat", "stage": "resource-sample", "elapsed_s": 1634.0081405000528}
{"event": "heartbeat", "stage": "turn-complete", "elapsed_s": 1642.988865042047}
{"event": "heartbeat", "stage": "resource-sample", "elapsed_s": 1644.0268723330228}
{"event": "heartbeat", "stage": "turn-complete", "elapsed_s": 1651.249067417055}
{"event": "heartbeat", "stage": "resource-sample", "elapsed_s": 1654.0471971250372}
{"event": "heartbeat", "stage": "turn-complete", "elapsed_s": 1660.576867417025}
{"event": "heartbeat", "stage": "resource-sample", "elapsed_s": 1664.0607374170213}
{"event": "heartbeat", "stage": "turn-complete", "elapsed_s": 1670.2076609580545}
{"event": "heartbeat", "stage": "resource-sample", "elapsed_s": 1674.0838908750447}
{"event": "heartbeat", "stage": "turn-complete", "elapsed_s": 1678.129878250009}
{"event": "heartbeat", "stage": "resource-sample", "elapsed_s": 1684.1071423750254}
{"event": "heartbeat", "stage": "turn-complete", "elapsed_s": 1686.3649854170508}
{"event": "heartbeat", "stage": "resource-sample", "elapsed_s": 1694.1269275000086}
{"event": "heartbeat", "stage": "turn-complete", "elapsed_s": 1695.7018157920102}
{"event": "heartbeat", "stage": "resource-sample", "elapsed_s": 1704.1475350420224}
{"event": "heartbeat", "stage": "turn-complete", "elapsed_s": 1712.648699375044}
{"event": "heartbeat", "stage": "resource-sample", "elapsed_s": 1714.1616828330443}
{"event": "heartbeat", "stage": "turn-complete", "elapsed_s": 1716.6040265420452}
