
DevTools listening on ws://127.0.0.1:9222/devtools/browser/538d1858-8d78-4cb4-b315-473b9973b852
Trying to load the allocator multiple times. This is *not* supported.
[2888:114465:1006/012905.518851:ERROR:ui/display/mac/cv_display_link_mac.mm:188] CVDisplayLinkCreateWithCGDisplay failed. CVReturn: -6670
[2888:114465:1006/012905.519614:ERROR:ui/display/mac/cv_display_link_mac.mm:188] CVDisplayLinkCreateWithCGDisplay failed. CVReturn: -6670
[2888:114465:1006/012905.519674:ERROR:ui/display/mac/cv_display_link_mac.mm:188] CVDisplayLinkCreateWithCGDisplay failed. CVReturn: -6670
[2888:114465:1006/012905.519741:ERROR:ui/display/mac/cv_display_link_mac.mm:188] CVDisplayLinkCreateWithCGDisplay failed. CVReturn: -6670
[2888:114465:1006/012905.519790:ERROR:ui/display/mac/cv_display_link_mac.mm:188] CVDisplayLinkCreateWithCGDisplay failed. CVReturn: -6670
[2888:114465:1006/012905.519863:ERROR:ui/display/mac/cv_display_link_mac.mm:188] CVDisplayLinkCreateWithCGDisplay failed. CVReturn: -6670
[2888:114465:1006/012907.600152:ERROR:ui/display/mac/cv_display_link_mac.mm:188] CVDisplayLinkCreateWithCGDisplay failed. CVReturn: -6670
[2888:114465:1006/012907.666028:ERROR:ui/display/mac/cv_display_link_mac.mm:188] CVDisplayLinkCreateWithCGDisplay failed. CVReturn: -6670
[2888:114465:1006/012907.709308:ERROR:ui/display/mac/cv_display_link_mac.mm:188] CVDisplayLinkCreateWithCGDisplay failed. CVReturn: -6670
[2888:114465:1006/012907.740441:ERROR:ui/display/mac/cv_display_link_mac.mm:188] CVDisplayLinkCreateWithCGDisplay failed. CVReturn: -6670
[2888:114465:1006/012907.765435:ERROR:ui/display/mac/cv_display_link_mac.mm:188] CVDisplayLinkCreateWithCGDisplay failed. CVReturn: -6670
[2882:114401:1006/012907.794815:ERROR:google_apis/gcm/engine/registration_request.cc:291] Registration response error message: DEPRECATED_ENDPOINT
[2888:114465:1006/012907.801615:ERROR:ui/display/mac/cv_display_link_mac.mm:188] CVDisplayLinkCreateWithCGDisplay failed. CVReturn: -6670
[2888:114465:1006/012907.825325:ERROR:ui/display/mac/cv_display_link_mac.mm:188] CVDisplayLinkCreateWithCGDisplay failed. CVReturn: -6670
Created TensorFlow Lite XNNPACK delegate for CPU.
[2926:115092:1006/012924.337058:VERBOSE1:chrome/updater/updater.cc:364] Version: 156.0.8067.0, opt, ARM_64, command line: /Users/kioju/Library/Application Support/Google/GoogleUpdater/156.0.8067.0/GoogleUpdater.app/Contents/MacOS/GoogleUpdater --wake-all --enable-logging --vmodule=*/components/update_client/*=2,*/chrome/enterprise_companion/*=2,*/chrome/updater/*=2
[2926:115092:1006/012924.337587:VERBOSE1:chrome/updater/updater.cc:367] OS version: 26.5.2, arch: arm64, System uptime (seconds): 11828, parent pid: 2882
[2926:115092:1006/012924.339283:VERBOSE1:chrome/updater/updater.cc:372] Available disk space in install directory (/Users/kioju/Library/Application Support/Google/GoogleUpdater): 860888993792B (801.765GiB) / 1995218165760B (1.815TiB)
[2926:115092:1006/012924.339312:VERBOSE1:chrome/updater/updater.cc:376] Available disk space in temporary directory (/var/folders/jk/0kx3l0t93zj6gwlgth99c6lc0000gn/T/): 860888993792B (801.765GiB) / 1995218165760B (1.815TiB)
[2926:115092:1006/012924.339365:VERBOSE2:chrome/updater/event_history.cc:266] Emitted a UPDATER_PROCESS START event to the history log
[2928:115096:1006/012924.347811:VERBOSE1:chrome/updater/updater.cc:364] Version: 156.0.8067.0, opt, ARM_64, command line: /Users/kioju/Library/Application Support/Google/GoogleUpdater/156.0.8067.0/GoogleUpdater.app/Contents/MacOS/GoogleUpdater --crash-handler --database=/Users/kioju/Library/Application Support/Google/GoogleUpdater/156.0.8067.0/Crashpad --url=https://clients2.google.com/cr/report --annotation=prod=Update4 --annotation=ver=156.0.8067.0 --handshake-fd=6 --enable-logging --vmodule=*/components/update_client/*=2,*/chrome/enterprise_companion/*=2,*/chrome/updater/*=2
[2928:115096:1006/012924.348245:VERBOSE1:chrome/updater/updater.cc:367] OS version: 26.5.2, arch: arm64, System uptime (seconds): 11828, parent pid: 1
[2928:115096:1006/012924.349673:VERBOSE1:chrome/updater/updater.cc:372] Available disk space in install directory (/Users/kioju/Library/Application Support/Google/GoogleUpdater): 860888993792B (801.765GiB) / 1995218165760B (1.815TiB)
[2928:115096:1006/012924.349709:VERBOSE1:chrome/updater/updater.cc:376] Available disk space in temporary directory (/var/folders/jk/0kx3l0t93zj6gwlgth99c6lc0000gn/T/): 860888993792B (801.765GiB) / 1995218165760B (1.815TiB)
[2928:115096:1006/012924.349764:VERBOSE2:chrome/updater/event_history.cc:266] Emitted a UPDATER_PROCESS START event to the history log
[2926:115092:1006/012924.350139:VERBOSE1:chrome/updater/crash_reporter.cc:123] Crash handler launched and ready.
[2926:115092:1006/012924.350704:VERBOSE1:chrome/updater/crash_client.cc:108] Found 0 completed crash reports
[2926:115092:1006/012924.350778:VERBOSE1:chrome/updater/crash_client.cc:132] Found 0 pending crash reports
[2926:115092:1006/012924.350829:ERROR:third_party/crashpad/crashpad/util/file/file_io_posix.cc:145] open /Users/kioju/Library/Application Support/Google/RLZ/Crashpad/settings.dat: No such file or directory (2)
[2926:115092:1006/012924.350866:VERBOSE1:chrome/updater/updater.cc:105] Crash reporting initialized.
[2926:115104:1006/012924.351090:VERBOSE1:chrome/updater/app/app_wakeall.cc:58] Launching `/Users/kioju/Library/Application Support/Google/GoogleUpdater/156.0.8067.0/GoogleUpdater.app/Contents/MacOS/GoogleUpdater --wake`
[2929:115108:1006/012924.358080:VERBOSE1:chrome/updater/updater.cc:364] Version: 156.0.8067.0, opt, ARM_64, command line: /Users/kioju/Library/Application Support/Google/GoogleUpdater/156.0.8067.0/GoogleUpdater.app/Contents/MacOS/GoogleUpdater --wake --enable-logging --vmodule=*/components/update_client/*=2,*/chrome/enterprise_companion/*=2,*/chrome/updater/*=2
[2929:115108:1006/012924.358528:VERBOSE1:chrome/updater/updater.cc:367] OS version: 26.5.2, arch: arm64, System uptime (seconds): 11828, parent pid: 2926
[2929:115108:1006/012924.359913:VERBOSE1:chrome/updater/updater.cc:372] Available disk space in install directory (/Users/kioju/Library/Application Support/Google/GoogleUpdater): 860888993792B (801.765GiB) / 1995218165760B (1.815TiB)
[2929:115108:1006/012924.359936:VERBOSE1:chrome/updater/updater.cc:376] Available disk space in temporary directory (/var/folders/jk/0kx3l0t93zj6gwlgth99c6lc0000gn/T/): 860888993792B (801.765GiB) / 1995218165760B (1.815TiB)
[2929:115108:1006/012924.359984:VERBOSE2:chrome/updater/event_history.cc:266] Emitted a UPDATER_PROCESS START event to the history log
[2931:115112:1006/012924.368596:VERBOSE1:chrome/updater/updater.cc:364] Version: 156.0.8067.0, opt, ARM_64, command line: /Users/kioju/Library/Application Support/Google/GoogleUpdater/156.0.8067.0/GoogleUpdater.app/Contents/MacOS/GoogleUpdater --crash-handler --database=/Users/kioju/Library/Application Support/Google/GoogleUpdater/156.0.8067.0/Crashpad --url=https://clients2.google.com/cr/report --annotation=prod=Update4 --annotation=ver=156.0.8067.0 --handshake-fd=6 --enable-logging --vmodule=*/components/update_client/*=2,*/chrome/enterprise_companion/*=2,*/chrome/updater/*=2
[2931:115112:1006/012924.369035:VERBOSE1:chrome/updater/updater.cc:367] OS version: 26.5.2, arch: arm64, System uptime (seconds): 11828, parent pid: 1
[2931:115112:1006/012924.370420:VERBOSE1:chrome/updater/updater.cc:372] Available disk space in install directory (/Users/kioju/Library/Application Support/Google/GoogleUpdater): 860888989696B (801.765GiB) / 1995218165760B (1.815TiB)
[2931:115112:1006/012924.370442:VERBOSE1:chrome/updater/updater.cc:376] Available disk space in temporary directory (/var/folders/jk/0kx3l0t93zj6gwlgth99c6lc0000gn/T/): 860888989696B (801.765GiB) / 1995218165760B (1.815TiB)
[2931:115112:1006/012924.370494:VERBOSE2:chrome/updater/event_history.cc:266] Emitted a UPDATER_PROCESS START event to the history log
[2929:115108:1006/012924.370903:VERBOSE1:chrome/updater/crash_reporter.cc:123] Crash handler launched and ready.
[2929:115108:1006/012924.371456:VERBOSE1:chrome/updater/crash_client.cc:108] Found 0 completed crash reports
[2929:115108:1006/012924.371528:VERBOSE1:chrome/updater/crash_client.cc:132] Found 0 pending crash reports
[2929:115108:1006/012924.371589:ERROR:third_party/crashpad/crashpad/util/file/file_io_posix.cc:145] open /Users/kioju/Library/Application Support/Google/RLZ/Crashpad/settings.dat: No such file or directory (2)
[2929:115108:1006/012924.371627:VERBOSE1:chrome/updater/updater.cc:105] Crash reporting initialized.
[2929:115108:1006/012924.371760:VERBOSE1:chrome/updater/ipc/update_service_internal_proxy_mojo.cc:61] Run
[2882:114401:1006/012928.702911:ERROR:google_apis/gcm/engine/registration_request.cc:291] Registration response error message: DEPRECATED_ENDPOINT
[2929:115108:1006/012940.856954:VERBOSE1:chrome/updater/app/app.cc:52] Shutdown: 0
[2929:115108:1006/012940.859162:VERBOSE2:chrome/updater/event_history.cc:266] Emitted a UPDATER_PROCESS END event to the history log
[2929:115108:1006/012940.859223:VERBOSE1:chrome/updater/updater.cc:409] UpdaterMain (--wake) returned 0.
[2926:115104:1006/012940.980451:VERBOSE1:chrome/updater/app/app_wakeall.cc:68] `/Users/kioju/Library/Application Support/Google/GoogleUpdater/156.0.8067.0/GoogleUpdater.app/Contents/MacOS/GoogleUpdater --wake` exited 0
[2926:115092:1006/012940.980796:VERBOSE1:chrome/updater/app/app.cc:52] Shutdown: 0
[2926:115092:1006/012940.981532:VERBOSE2:chrome/updater/event_history.cc:266] Emitted a UPDATER_PROCESS END event to the history log
[2926:115092:1006/012940.981580:VERBOSE1:chrome/updater/updater.cc:409] UpdaterMain (--wake-all) returned 0.
[2931:115112:1006/012950.876618:VERBOSE2:chrome/updater/event_history.cc:266] Emitted a UPDATER_PROCESS END event to the history log
[2931:115112:1006/012950.876698:VERBOSE1:chrome/updater/updater.cc:409] UpdaterMain (--crash-handler) returned 0.
[2928:115096:1006/012950.879008:VERBOSE2:chrome/updater/event_history.cc:266] Emitted a UPDATER_PROCESS END event to the history log
[2928:115096:1006/012950.879504:VERBOSE1:chrome/updater/updater.cc:409] UpdaterMain (--crash-handler) returned 0.
[2882:114401:1006/013027.053716:ERROR:google_apis/gcm/engine/registration_request.cc:291] Registration response error message: DEPRECATED_ENDPOINT
[2888:114465:1006/013110.586876:ERROR:ui/display/mac/cv_display_link_mac.mm:188] CVDisplayLinkCreateWithCGDisplay failed. CVReturn: -6670
[2882:114401:1006/013153.582265:ERROR:google_apis/gcm/engine/registration_request.cc:291] Registration response error message: DEPRECATED_ENDPOINT
Trying to load the allocator multiple times. This is *not* supported.
WARNING: All log messages before absl::InitializeLog() is called are written to STDERR
I0000 00:00:1791217925.326570  117218 environment.cc:526] Selected adapter: Apple M3 Ultra, arch=metal-3, vendor=apple, backend=Metal, adapterType=Integrated GPU
I0000 00:00:1791217925.333897  117230 environment.cc:526] Selected adapter: Apple M3 Ultra, arch=metal-3, vendor=apple, backend=Metal, adapterType=Integrated GPU
[2882:114401:1006/013447.277789:ERROR:google_apis/gcm/engine/registration_request.cc:291] Registration response error message: DEPRECATED_ENDPOINT
[2882:114401:1006/014115.806794:ERROR:google_apis/gcm/engine/registration_request.cc:291] Registration response error message: DEPRECATED_ENDPOINT
[3870:289321:1006/063024.486873:VERBOSE1:chrome/updater/updater.cc:364] Version: 156.0.8067.0, opt, ARM_64, command line: /Users/kioju/Library/Application Support/Google/GoogleUpdater/156.0.8067.0/GoogleUpdater.app/Contents/MacOS/GoogleUpdater --wake-all --enable-logging --vmodule=*/components/update_client/*=2,*/chrome/enterprise_companion/*=2,*/chrome/updater/*=2
[3870:289321:1006/063024.489226:VERBOSE1:chrome/updater/updater.cc:367] OS version: 26.5.2, arch: arm64, System uptime (seconds): 29888, parent pid: 2882
[3870:289321:1006/063024.491559:VERBOSE1:chrome/updater/updater.cc:372] Available disk space in install directory (/Users/kioju/Library/Application Support/Google/GoogleUpdater): 860020318208B (800.956GiB) / 1995218165760B (1.815TiB)
[3870:289321:1006/063024.491597:VERBOSE1:chrome/updater/updater.cc:376] Available disk space in temporary directory (/var/folders/jk/0kx3l0t93zj6gwlgth99c6lc0000gn/T/): 860020318208B (800.956GiB) / 1995218165760B (1.815TiB)
[3870:289321:1006/063024.491683:VERBOSE2:chrome/updater/event_history.cc:266] Emitted a UPDATER_PROCESS START event to the history log
[3872:289325:1006/063024.502031:VERBOSE1:chrome/updater/updater.cc:364] Version: 156.0.8067.0, opt, ARM_64, command line: /Users/kioju/Library/Application Support/Google/GoogleUpdater/156.0.8067.0/GoogleUpdater.app/Contents/MacOS/GoogleUpdater --crash-handler --database=/Users/kioju/Library/Application Support/Google/GoogleUpdater/156.0.8067.0/Crashpad --url=https://clients2.google.com/cr/report --annotation=prod=Update4 --annotation=ver=156.0.8067.0 --handshake-fd=6 --enable-logging --vmodule=*/components/update_client/*=2,*/chrome/enterprise_companion/*=2,*/chrome/updater/*=2
[3872:289325:1006/063024.502551:VERBOSE1:chrome/updater/updater.cc:367] OS version: 26.5.2, arch: arm64, System uptime (seconds): 29888, parent pid: 1
[3872:289325:1006/063024.504177:VERBOSE1:chrome/updater/updater.cc:372] Available disk space in install directory (/Users/kioju/Library/Application Support/Google/GoogleUpdater): 860020318208B (800.956GiB) / 1995218165760B (1.815TiB)
[3872:289325:1006/063024.504202:VERBOSE1:chrome/updater/updater.cc:376] Available disk space in temporary directory (/var/folders/jk/0kx3l0t93zj6gwlgth99c6lc0000gn/T/): 860020318208B (800.956GiB) / 1995218165760B (1.815TiB)
[3872:289325:1006/063024.504257:VERBOSE2:chrome/updater/event_history.cc:266] Emitted a UPDATER_PROCESS START event to the history log
[3870:289321:1006/063024.504651:VERBOSE1:chrome/updater/crash_reporter.cc:123] Crash handler launched and ready.
[3870:289321:1006/063024.505297:VERBOSE1:chrome/updater/crash_client.cc:108] Found 0 completed crash reports
[3870:289321:1006/063024.505382:VERBOSE1:chrome/updater/crash_client.cc:132] Found 0 pending crash reports
[3870:289321:1006/063024.505443:ERROR:third_party/crashpad/crashpad/util/file/file_io_posix.cc:145] open /Users/kioju/Library/Application Support/Google/RLZ/Crashpad/settings.dat: No such file or directory (2)
[3870:289321:1006/063024.505482:VERBOSE1:chrome/updater/updater.cc:105] Crash reporting initialized.
[3870:289333:1006/063024.505746:VERBOSE1:chrome/updater/app/app_wakeall.cc:58] Launching `/Users/kioju/Library/Application Support/Google/GoogleUpdater/156.0.8067.0/GoogleUpdater.app/Contents/MacOS/GoogleUpdater --wake`
[3873:289337:1006/063024.513389:VERBOSE1:chrome/updater/updater.cc:364] Version: 156.0.8067.0, opt, ARM_64, command line: /Users/kioju/Library/Application Support/Google/GoogleUpdater/156.0.8067.0/GoogleUpdater.app/Contents/MacOS/GoogleUpdater --wake --enable-logging --vmodule=*/components/update_client/*=2,*/chrome/enterprise_companion/*=2,*/chrome/updater/*=2
[3873:289337:1006/063024.513841:VERBOSE1:chrome/updater/updater.cc:367] OS version: 26.5.2, arch: arm64, System uptime (seconds): 29888, parent pid: 3870
[3873:289337:1006/063024.515324:VERBOSE1:chrome/updater/updater.cc:372] Available disk space in install directory (/Users/kioju/Library/Application Support/Google/GoogleUpdater): 860020318208B (800.956GiB) / 1995218165760B (1.815TiB)
[3873:289337:1006/063024.515345:VERBOSE1:chrome/updater/updater.cc:376] Available disk space in temporary directory (/var/folders/jk/0kx3l0t93zj6gwlgth99c6lc0000gn/T/): 860020318208B (800.956GiB) / 1995218165760B (1.815TiB)
[3873:289337:1006/063024.515392:VERBOSE2:chrome/updater/event_history.cc:266] Emitted a UPDATER_PROCESS START event to the history log
[3875:289341:1006/063024.523380:VERBOSE1:chrome/updater/updater.cc:364] Version: 156.0.8067.0, opt, ARM_64, command line: /Users/kioju/Library/Application Support/Google/GoogleUpdater/156.0.8067.0/GoogleUpdater.app/Contents/MacOS/GoogleUpdater --crash-handler --database=/Users/kioju/Library/Application Support/Google/GoogleUpdater/156.0.8067.0/Crashpad --url=https://clients2.google.com/cr/report --annotation=prod=Update4 --annotation=ver=156.0.8067.0 --handshake-fd=6 --enable-logging --vmodule=*/components/update_client/*=2,*/chrome/enterprise_companion/*=2,*/chrome/updater/*=2
[3875:289341:1006/063024.523817:VERBOSE1:chrome/updater/updater.cc:367] OS version: 26.5.2, arch: arm64, System uptime (seconds): 29888, parent pid: 1
[3875:289341:1006/063024.525260:VERBOSE1:chrome/updater/updater.cc:372] Available disk space in install directory (/Users/kioju/Library/Application Support/Google/GoogleUpdater): 860020318208B (800.956GiB) / 1995218165760B (1.815TiB)
[3875:289341:1006/063024.525280:VERBOSE1:chrome/updater/updater.cc:376] Available disk space in temporary directory (/var/folders/jk/0kx3l0t93zj6gwlgth99c6lc0000gn/T/): 860020318208B (800.956GiB) / 1995218165760B (1.815TiB)
[3875:289341:1006/063024.525329:VERBOSE2:chrome/updater/event_history.cc:266] Emitted a UPDATER_PROCESS START event to the history log
[3873:289337:1006/063024.525657:VERBOSE1:chrome/updater/crash_reporter.cc:123] Crash handler launched and ready.
[3873:289337:1006/063024.526237:VERBOSE1:chrome/updater/crash_client.cc:108] Found 0 completed crash reports
[3873:289337:1006/063024.526310:VERBOSE1:chrome/updater/crash_client.cc:132] Found 0 pending crash reports
[3873:289337:1006/063024.526362:ERROR:third_party/crashpad/crashpad/util/file/file_io_posix.cc:145] open /Users/kioju/Library/Application Support/Google/RLZ/Crashpad/settings.dat: No such file or directory (2)
[3873:289337:1006/063024.526397:VERBOSE1:chrome/updater/updater.cc:105] Crash reporting initialized.
[3873:289337:1006/063024.526542:VERBOSE1:chrome/updater/ipc/update_service_internal_proxy_mojo.cc:61] Run
[3873:289337:1006/063041.209956:VERBOSE1:chrome/updater/app/app.cc:52] Shutdown: 0
[3873:289337:1006/063041.211160:VERBOSE2:chrome/updater/event_history.cc:266] Emitted a UPDATER_PROCESS END event to the history log
[3873:289337:1006/063041.211230:VERBOSE1:chrome/updater/updater.cc:409] UpdaterMain (--wake) returned 0.
[3870:289333:1006/063041.399855:VERBOSE1:chrome/updater/app/app_wakeall.cc:68] `/Users/kioju/Library/Application Support/Google/GoogleUpdater/156.0.8067.0/GoogleUpdater.app/Contents/MacOS/GoogleUpdater --wake` exited 0
[3870:289321:1006/063041.400127:VERBOSE1:chrome/updater/app/app.cc:52] Shutdown: 0
[3870:289321:1006/063041.401116:VERBOSE2:chrome/updater/event_history.cc:266] Emitted a UPDATER_PROCESS END event to the history log
[3870:289321:1006/063041.401208:VERBOSE1:chrome/updater/updater.cc:409] UpdaterMain (--wake-all) returned 0.
[3875:289341:1006/063051.224329:VERBOSE2:chrome/updater/event_history.cc:266] Emitted a UPDATER_PROCESS END event to the history log
[3875:289341:1006/063051.224396:VERBOSE1:chrome/updater/updater.cc:409] UpdaterMain (--crash-handler) returned 0.
[3872:289325:1006/063051.225903:VERBOSE2:chrome/updater/event_history.cc:266] Emitted a UPDATER_PROCESS END event to the history log
[3872:289325:1006/063051.226457:VERBOSE1:chrome/updater/updater.cc:409] UpdaterMain (--crash-handler) returned 0.
