Traceback (most recent call last):
  File "/Volumes/SDXC-512/ds41f-mlx/tools/qualify_web_browser.py", line 216, in <module>
    if __name__ == '__main__': main()
                               ~~~~^^
  File "/Volumes/SDXC-512/ds41f-mlx/tools/qualify_web_browser.py", line 211, in main
    asyncio.run(exercise(args, receipt)); receipt['status'] = 'PASS'
    ~~~~~~~~~~~^^^^^^^^^^^^^^^^^^^^^^^^^
  File "/Users/kioju/.local/share/uv/python/cpython-3.13.14-macos-aarch64-none/lib/python3.13/asyncio/runners.py", line 196, in run
    return runner.run(main)
           ~~~~~~~~~~^^^^^^
  File "/Users/kioju/.local/share/uv/python/cpython-3.13.14-macos-aarch64-none/lib/python3.13/asyncio/runners.py", line 119, in run
    return self._loop.run_until_complete(task)
           ~~~~~~~~~~~~~~~~~~~~~~~~~~~~~^^^^^^
  File "/Users/kioju/.local/share/uv/python/cpython-3.13.14-macos-aarch64-none/lib/python3.13/asyncio/base_events.py", line 725, in run_until_complete
    return future.result()
           ~~~~~~~~~~~~~^^
  File "/Volumes/SDXC-512/ds41f-mlx/tools/qualify_web_browser.py", line 160, in exercise
    restored = await record('fresh_restore')
               ^^^^^^^^^^^^^^^^^^^^^^^^^^^^^
  File "/Volumes/SDXC-512/ds41f-mlx/tools/qualify_web_browser.py", line 77, in record
    assert summary['state'] == 'idle' and not summary['problem'] and not summary['pending'], summary
                                                                         ~~~~~~~^^^^^^^^^^^
KeyError: 'pending'
