/tmp/ds41f-m32-qual/lib/python3.13/site-packages/deepseek_recipe/_native.abi3.so:
	@rpath/deepseek_recipe._native.abi3.so (compatibility version 0.0.0, current version 0.0.0)
	/usr/lib/libc++.1.dylib (compatibility version 1.0.0, current version 2100.43.0)
	/opt/homebrew/opt/opencv@4/lib/libopencv_gapi.414.dylib (compatibility version 414.0.0, current version 4.14.0)
	/opt/homebrew/opt/opencv@4/lib/libopencv_stitching.414.dylib (compatibility version 414.0.0, current version 4.14.0)
	/opt/homebrew/opt/opencv@4/lib/libopencv_alphamat.414.dylib (compatibility version 414.0.0, current version 4.14.0)
	/opt/homebrew/opt/opencv@4/lib/libopencv_aruco.414.dylib (compatibility version 414.0.0, current version 4.14.0)
	/opt/homebrew/opt/opencv@4/lib/libopencv_bgsegm.414.dylib (compatibility version 414.0.0, current version 4.14.0)
	/opt/homebrew/opt/opencv@4/lib/libopencv_bioinspired.414.dylib (compatibility version 414.0.0, current version 4.14.0)
	/opt/homebrew/opt/opencv@4/lib/libopencv_ccalib.414.dylib (compatibility version 414.0.0, current version 4.14.0)
	/opt/homebrew/opt/opencv@4/lib/libopencv_dnn_objdetect.414.dylib (compatibility version 414.0.0, current version 4.14.0)
	/opt/homebrew/opt/opencv@4/lib/libopencv_dnn_superres.414.dylib (compatibility version 414.0.0, current version 4.14.0)
	/opt/homebrew/opt/opencv@4/lib/libopencv_dpm.414.dylib (compatibility version 414.0.0, current version 4.14.0)
	/opt/homebrew/opt/opencv@4/lib/libopencv_face.414.dylib (compatibility version 414.0.0, current version 4.14.0)
	/opt/homebrew/opt/opencv@4/lib/libopencv_freetype.414.dylib (compatibility version 414.0.0, current version 4.14.0)
	/opt/homebrew/opt/opencv@4/lib/libopencv_fuzzy.414.dylib (compatibility version 414.0.0, current version 4.14.0)
	/opt/homebrew/opt/opencv@4/lib/libopencv_hfs.414.dylib (compatibility version 414.0.0, current version 4.14.0)
	/opt/homebrew/opt/opencv@4/lib/libopencv_img_hash.414.dylib (compatibility version 414.0.0, current version 4.14.0)
	/opt/homebrew/opt/opencv@4/lib/libopencv_intensity_transform.414.dylib (compatibility version 414.0.0, current version 4.14.0)
	/opt/homebrew/opt/opencv@4/lib/libopencv_line_descriptor.414.dylib (compatibility version 414.0.0, current version 4.14.0)
	/opt/homebrew/opt/opencv@4/lib/libopencv_mcc.414.dylib (compatibility version 414.0.0, current version 4.14.0)
	/opt/homebrew/opt/opencv@4/lib/libopencv_quality.414.dylib (compatibility version 414.0.0, current version 4.14.0)
	/opt/homebrew/opt/opencv@4/lib/libopencv_rapid.414.dylib (compatibility version 414.0.0, current version 4.14.0)
	/opt/homebrew/opt/opencv@4/lib/libopencv_reg.414.dylib (compatibility version 414.0.0, current version 4.14.0)
	/opt/homebrew/opt/opencv@4/lib/libopencv_rgbd.414.dylib (compatibility version 414.0.0, current version 4.14.0)
	/opt/homebrew/opt/opencv@4/lib/libopencv_saliency.414.dylib (compatibility version 414.0.0, current version 4.14.0)
	/opt/homebrew/opt/opencv@4/lib/libopencv_sfm.414.dylib (compatibility version 414.0.0, current version 4.14.0)
	/opt/homebrew/opt/opencv@4/lib/libopencv_signal.414.dylib (compatibility version 414.0.0, current version 4.14.0)
	/opt/homebrew/opt/opencv@4/lib/libopencv_stereo.414.dylib (compatibility version 414.0.0, current version 4.14.0)
	/opt/homebrew/opt/opencv@4/lib/libopencv_structured_light.414.dylib (compatibility version 414.0.0, current version 4.14.0)
	/opt/homebrew/opt/opencv@4/lib/libopencv_phase_unwrapping.414.dylib (compatibility version 414.0.0, current version 4.14.0)
	/opt/homebrew/opt/opencv@4/lib/libopencv_superres.414.dylib (compatibility version 414.0.0, current version 4.14.0)
	/opt/homebrew/opt/opencv@4/lib/libopencv_optflow.414.dylib (compatibility version 414.0.0, current version 4.14.0)
	/opt/homebrew/opt/opencv@4/lib/libopencv_surface_matching.414.dylib (compatibility version 414.0.0, current version 4.14.0)
	/opt/homebrew/opt/opencv@4/lib/libopencv_tracking.414.dylib (compatibility version 414.0.0, current version 4.14.0)
	/opt/homebrew/opt/opencv@4/lib/libopencv_highgui.414.dylib (compatibility version 414.0.0, current version 4.14.0)
	/opt/homebrew/opt/opencv@4/lib/libopencv_datasets.414.dylib (compatibility version 414.0.0, current version 4.14.0)
	/opt/homebrew/opt/opencv@4/lib/libopencv_text.414.dylib (compatibility version 414.0.0, current version 4.14.0)
	/opt/homebrew/opt/opencv@4/lib/libopencv_plot.414.dylib (compatibility version 414.0.0, current version 4.14.0)
	/opt/homebrew/opt/opencv@4/lib/libopencv_videostab.414.dylib (compatibility version 414.0.0, current version 4.14.0)
	/opt/homebrew/opt/opencv@4/lib/libopencv_videoio.414.dylib (compatibility version 414.0.0, current version 4.14.0)
	/opt/homebrew/opt/opencv@4/lib/libopencv_viz.414.dylib (compatibility version 414.0.0, current version 4.14.0)
	/opt/homebrew/opt/opencv@4/lib/libopencv_wechat_qrcode.414.dylib (compatibility version 414.0.0, current version 4.14.0)
	/opt/homebrew/opt/opencv@4/lib/libopencv_xfeatures2d.414.dylib (compatibility version 414.0.0, current version 4.14.0)
	/opt/homebrew/opt/opencv@4/lib/libopencv_shape.414.dylib (compatibility version 414.0.0, current version 4.14.0)
	/opt/homebrew/opt/opencv@4/lib/libopencv_ml.414.dylib (compatibility version 414.0.0, current version 4.14.0)
	/opt/homebrew/opt/opencv@4/lib/libopencv_ximgproc.414.dylib (compatibility version 414.0.0, current version 4.14.0)
	/opt/homebrew/opt/opencv@4/lib/libopencv_video.414.dylib (compatibility version 414.0.0, current version 4.14.0)
	/opt/homebrew/opt/opencv@4/lib/libopencv_xobjdetect.414.dylib (compatibility version 414.0.0, current version 4.14.0)
	/opt/homebrew/opt/opencv@4/lib/libopencv_objdetect.414.dylib (compatibility version 414.0.0, current version 4.14.0)
	/opt/homebrew/opt/opencv@4/lib/libopencv_calib3d.414.dylib (compatibility version 414.0.0, current version 4.14.0)
	/opt/homebrew/opt/opencv@4/lib/libopencv_imgcodecs.414.dylib (compatibility version 414.0.0, current version 4.14.0)
	/opt/homebrew/opt/opencv@4/lib/libopencv_features2d.414.dylib (compatibility version 414.0.0, current version 4.14.0)
	/opt/homebrew/opt/opencv@4/lib/libopencv_dnn.414.dylib (compatibility version 414.0.0, current version 4.14.0)
	/opt/homebrew/opt/opencv@4/lib/libopencv_flann.414.dylib (compatibility version 414.0.0, current version 4.14.0)
	/opt/homebrew/opt/opencv@4/lib/libopencv_xphoto.414.dylib (compatibility version 414.0.0, current version 4.14.0)
	/opt/homebrew/opt/opencv@4/lib/libopencv_photo.414.dylib (compatibility version 414.0.0, current version 4.14.0)
	/opt/homebrew/opt/opencv@4/lib/libopencv_imgproc.414.dylib (compatibility version 414.0.0, current version 4.14.0)
	/opt/homebrew/opt/opencv@4/lib/libopencv_core.414.dylib (compatibility version 414.0.0, current version 4.14.0)
	/usr/lib/libiconv.2.dylib (compatibility version 7.0.0, current version 7.0.0)
	/usr/lib/libSystem.B.dylib (compatibility version 1.0.0, current version 1356.0.0)
