Traceback (most recent call last):
  File "/Volumes/SDXC-512/ds41f-mlx/tools/qualify_stateful_live_http.py", line 236, in <module>
    if __name__ == '__main__': main()
                               ~~~~^^
  File "/Volumes/SDXC-512/ds41f-mlx/tools/qualify_stateful_live_http.py", line 229, in main
    asyncio.run(exercise(args, result))
    ~~~~~~~~~~~^^^^^^^^^^^^^^^^^^^^^^^^
  File "/Users/kioju/.local/share/uv/python/cpython-3.13.14-macos-aarch64-none/lib/python3.13/asyncio/runners.py", line 196, in run
    return runner.run(main)
           ~~~~~~~~~~^^^^^^
  File "/Users/kioju/.local/share/uv/python/cpython-3.13.14-macos-aarch64-none/lib/python3.13/asyncio/runners.py", line 119, in run
    return self._loop.run_until_complete(task)
           ~~~~~~~~~~~~~~~~~~~~~~~~~~~~~^^^^^^
  File "/Users/kioju/.local/share/uv/python/cpython-3.13.14-macos-aarch64-none/lib/python3.13/asyncio/base_events.py", line 725, in run_until_complete
    return future.result()
           ~~~~~~~~~~~~~^^
  File "/Volumes/SDXC-512/ds41f-mlx/tools/qualify_stateful_live_http.py", line 179, in exercise
    await api('POST', f'/v1/sessions/{sid}/cancel', {'request_id': request_id})
  File "/Volumes/SDXC-512/ds41f-mlx/tools/qualify_stateful_live_http.py", line 44, in api
    r.raise_for_status()
    ~~~~~~~~~~~~~~~~~~^^
  File "/Volumes/SDXC-512/ds41f-mlx/.venv/lib/python3.13/site-packages/httpx/_models.py", line 829, in raise_for_status
    raise HTTPStatusError(message, request=request, response=self)
httpx.HTTPStatusError: Client error '409 Conflict' for url 'http://127.0.0.1:8000/v1/sessions/sess_d612deed8a664ceda1b20348d30e5b7c/cancel'
For more information check: https://developer.mozilla.org/en-US/docs/Web/HTTP/Status/409
