0.0001323749966104515 load
320.81206816699705 tool JSON
323.963513374998 response completed
323.96384670899715 tool completion / effect authorization
323.9740955839952 effect result
323.9789143339949 tool result continuation
325.10522687499906 response completed
325.10855970899865 repeated assistant generation
325.4598079589996 response completed
325.4663034999976 tool SSE
328.4843286249961 response completed
328.4848181249981 tool completion / effect authorization
328.489653042001 effect result
328.4935333339963 tool result continuation
329.4840103339957 response completed
329.48628433399426 repeated assistant generation
329.8331716249959 response completed
329.83631970900024 tool SSE
332.85123416699935 response completed
332.85179683399474 tool completion / effect authorization
332.8619084999955 effect result
332.8672104169964 tool result continuation
333.85878529199545 response completed
333.86112695899646 repeated assistant generation
334.2288602499975 response completed
334.2317840839969 second tool cycle
336.28184512499865 response completed
336.28786391699396 second tool result continuation
337.29369416699774 response completed
337.30056437500025 tool pre-completion partial SSE disconnect
340.03766358400026 response completed
340.0429885419944 ordinary disconnect
341.70960654199735 response completed
341.7104143339966 ordinary re-entry / new generation
342.55797154199536 response completed
342.7787099999987 complete
