0.00013012500130571425 load
314.7073016659997 tool JSON
317.29573833299946 response completed
317.29858462500124 tool completion / effect authorization
317.31120633299724 effect result
317.3159988749976 tool result continuation
318.2235090000031 response completed
318.22584320799797 repeated assistant generation
318.54180387499946 response completed
318.5482817079974 tool SSE
321.0195433330009 response completed
321.02000258299813 tool completion / effect authorization
321.02476133299933 effect result
321.0288257909997 tool result continuation
321.9269127910011 response completed
321.9292717080025 repeated assistant generation
322.2382794579971 response completed
322.241395750003 tool SSE
324.71847558300215 response completed
324.72069120800006 tool completion / effect authorization
324.72756745800143 effect result
324.7316128329985 tool result continuation
325.63132991600287 response completed
325.635123 repeated assistant generation
325.9451996249991 response completed
325.9458112499997 second tool cycle
327.76735941600055 response completed
327.7732832499969 second tool result continuation
328.6897462909983 response completed
328.69508170799963 tool pre-completion partial SSE disconnect
330.5323523749976 response completed
330.5390823330017 ordinary disconnect
331.4562579580015 response completed
331.4591760409967 ordinary re-entry / new generation
332.24699979100114 response completed
332.52039204099856 complete
