0.00013758299610344693 load
319.81199904099776 tool JSON
323.77759133299696 response completed
323.77792133299954 tool completion / effect authorization
323.78869895800017 effect result
323.79518670799735 tool result continuation
325.06540054099605 response completed
325.0686170409972 repeated assistant generation
325.5551075409967 response completed
325.5582509999949 tool SSE
328.55408095799794 response completed
328.55615195800056 tool completion / effect authorization
328.5603417079983 effect result
328.56434929100215 tool result continuation
329.55602458299836 response completed
329.5609774159966 repeated assistant generation
329.90701704099774 response completed
329.91043958299997 tool SSE
332.93184404099884 response completed
332.9324200830015 tool completion / effect authorization
332.94068420799886 effect result
332.94442391600023 tool result continuation
333.9372943749986 response completed
333.9418279579986 repeated assistant generation
334.291936499998 response completed
334.2957272909989 second tool cycle
336.87902849999955 response completed
336.884673540997 second tool result continuation
338.0898728329994 response completed
338.09554599999683 tool SSE
341.1307394159958 response completed
341.13323654099804 tool completion / effect authorization
341.139330541002 effect result
341.14562766599556 tool result continuation
342.14043337499606 response completed
342.14299424999626 repeated assistant generation
342.49465274999966 response completed
342.49800324999524 tool pre-completion partial SSE disconnect
345.2401039999968 response completed
345.2465047910009 ordinary disconnect
347.1448390410005 response completed
347.1457117499958 ordinary re-entry / new generation
348.24603266600025 response completed
348.5134773329992 complete
