[master (root-commit) 649a2a6] Canonical source projection
 274 files changed, 91823 insertions(+)
 create mode 100644 Cargo.lock
 create mode 100644 Cargo.toml
 create mode 100644 NOTICE
 create mode 100644 README.md
 create mode 100644 docs/api.md
 create mode 100644 docs/mtp-local-release-candidate.md
 create mode 100644 docs/reference-release-r1.md
 create mode 100644 docs/source-delivery.md
 create mode 100644 ds41f_mlx/__init__.py
 create mode 100644 ds41f_mlx/acceptance.py
 create mode 100644 ds41f_mlx/backend.py
 create mode 100644 ds41f_mlx/config.py
 create mode 100644 ds41f_mlx/delivery.py
 create mode 100644 ds41f_mlx/internal_local_client.py
 create mode 100644 ds41f_mlx/local_client.py
 create mode 100644 ds41f_mlx/m2_state_publication.py
 create mode 100644 ds41f_mlx/mtp_acceptance.py
 create mode 100644 ds41f_mlx/mtp_identity.py
 create mode 100644 ds41f_mlx/mtp_profile.py
 create mode 100644 ds41f_mlx/mtp_setup.py
 create mode 100644 ds41f_mlx/native/ds41f_prefill_kernels.metal
 create mode 100644 ds41f_mlx/native/ds41f_prefill_native.c
 create mode 100644 ds41f_mlx/native/ds41f_prefill_native.h
 create mode 100644 ds41f_mlx/native_prefill.py
 create mode 100644 ds41f_mlx/ops.py
 create mode 100644 ds41f_mlx/prefill_fp8_mlx/OMLX_MATH_LICENSE
 create mode 100644 ds41f_mlx/prefill_fp8_mlx/__init__.py
 create mode 100644 ds41f_mlx/prefill_fp8_mlx/arena.py
 create mode 100644 ds41f_mlx/prefill_fp8_mlx/block_runner.py
 create mode 100644 ds41f_mlx/prefill_fp8_mlx/executor.py
 create mode 100644 ds41f_mlx/prefill_fp8_mlx/guards.py
 create mode 100644 ds41f_mlx/prefill_fp8_mlx/handoff.py
 create mode 100644 ds41f_mlx/prefill_fp8_mlx/omlx_suffix_math.py
 create mode 100644 ds41f_mlx/prefill_fp8_mlx/p6_append.py
 create mode 100644 ds41f_mlx/prefill_fp8_mlx/p7_scheduling.py
 create mode 100644 ds41f_mlx/prefill_fp8_mlx/p8_optimizer.py
 create mode 100644 ds41f_mlx/prefill_fp8_mlx/planner.py
 create mode 100644 ds41f_mlx/prefill_fp8_mlx/publications.py
 create mode 100644 ds41f_mlx/prefill_fp8_mlx/telemetry.py
 create mode 100644 ds41f_mlx/prefill_fp8_mlx/tile_carry.py
 create mode 100644 ds41f_mlx/prefill_session.py
 create mode 100644 ds41f_mlx/projection.py
 create mode 100644 ds41f_mlx/provenance.py
 create mode 100644 ds41f_mlx/qualify.py
 create mode 100644 ds41f_mlx/reference.py
 create mode 100644 ds41f_mlx/release.py
 create mode 100644 ds41f_mlx/release_acceptance.py
 create mode 100644 ds41f_mlx/runtime/__init__.py
 create mode 100644 ds41f_mlx/runtime/continuation_session.py
 create mode 100644 ds41f_mlx/runtime/dwarfstar_prefill.py
 create mode 100644 ds41f_mlx/runtime/kv_persistence.py
 create mode 100644 ds41f_mlx/runtime/mtp_lifecycle.py
 create mode 100644 ds41f_mlx/runtime/omlx_core.py
 create mode 100644 ds41f_mlx/runtime/omlx_decode.py
 create mode 100644 ds41f_mlx/runtime/omlx_generation.py
 create mode 100644 ds41f_mlx/runtime/omlx_worker.py
 create mode 100644 ds41f_mlx/runtime/recipe_semantic_guard.py
 create mode 100644 ds41f_mlx/runtime/tool_boundary_session.py
 create mode 100644 ds41f_mlx/serve.py
 create mode 100644 ds41f_mlx/server.py
 create mode 100644 ds41f_mlx/serving/__init__.py
 create mode 100644 ds41f_mlx/serving/deepseek_recipe_backend.py
 create mode 100644 ds41f_mlx/serving/internal_mtp.py
 create mode 100644 ds41f_mlx/serving/local_h11.py
 create mode 100644 ds41f_mlx/serving/mtp_public.py
 create mode 100644 ds41f_mlx/serving/recovery_certificate.py
 create mode 100644 ds41f_mlx/serving/request_fence.py
 create mode 100644 ds41f_mlx/serving/request_policy.py
 create mode 100644 ds41f_mlx/serving/server.py
 create mode 100644 ds41f_mlx/web.py
 create mode 100644 ds41f_mlx/web_client.py
 create mode 100644 ds41f_mlx/web_static/app.js
 create mode 100644 ds41f_mlx/web_static/index.html
 create mode 100644 ds41f_mlx/web_static/style.css
 create mode 100644 ds41f_mlx/web_tools.py
 create mode 100644 native/CMakeLists.txt
 create mode 100644 native/include/dsv41/attention_telemetry.hpp
 create mode 100644 native/include/dsv41/block.hpp
 create mode 100644 native/include/dsv41/checkpoint_atlas.hpp
 create mode 100644 native/include/dsv41/compressed_block.hpp
 create mode 100644 native/include/dsv41/compressed_layer.hpp
 create mode 100644 native/include/dsv41/compressed_rope.hpp
 create mode 100644 native/include/dsv41/compressor.hpp
 create mode 100644 native/include/dsv41/deferred_decoder_plan.hpp
 create mode 100644 native/include/dsv41/engram.hpp
 create mode 100644 native/include/dsv41/engram_layer.hpp
 create mode 100644 native/include/dsv41/engram_mlx.hpp
 create mode 100644 native/include/dsv41/execution_policy.hpp
 create mode 100644 native/include/dsv41/expert_backing.hpp
 create mode 100644 native/include/dsv41/generation_loop.hpp
 create mode 100644 native/include/dsv41/global_kv.hpp
 create mode 100644 native/include/dsv41/index_key.hpp
 create mode 100644 native/include/dsv41/index_query.hpp
 create mode 100644 native/include/dsv41/kv_quant.hpp
 create mode 100644 native/include/dsv41/layer_owner.hpp
 create mode 100644 native/include/dsv41/linear.hpp
 create mode 100644 native/include/dsv41/mhc.hpp
 create mode 100644 native/include/dsv41/model_entry.hpp
 create mode 100644 native/include/dsv41/moe.hpp
 create mode 100644 native/include/dsv41/moe_pipeline.hpp
 create mode 100644 native/include/dsv41/reused_block.hpp
 create mode 100644 native/include/dsv41/reused_layer.hpp
 create mode 100644 native/include/dsv41/runtime_bridge.h
 create mode 100644 native/include/dsv41/runtime_profile.hpp
 create mode 100644 native/include/dsv41/runtime_residency.hpp
 create mode 100644 native/include/dsv41/sampling.hpp
 create mode 100644 native/include/dsv41/shared_attention.hpp
 create mode 100644 native/include/dsv41/swa_attention.hpp
 create mode 100644 native/include/dsv41/swa_layer.hpp
 create mode 100644 native/include/dsv41/swa_projection.hpp
 create mode 100644 native/include/dsv41/swa_state.hpp
 create mode 100644 native/include/dsv41/sweep_telemetry.hpp
 create mode 100644 native/include/dsv41/text_backbone.hpp
 create mode 100644 native/include/dsv41/text_decoder.hpp
 create mode 100644 native/include/dsv41/text_encoder.hpp
 create mode 100644 native/include/dsv41/text_front.hpp
 create mode 100644 native/include/dsv41/text_generate.hpp
 create mode 100644 native/include/dsv41/text_octet.hpp
 create mode 100644 native/include/dsv41/text_pair.hpp
 create mode 100644 native/include/dsv41/text_quad.hpp
 create mode 100644 native/include/dsv41/text_triple.hpp
 create mode 100644 native/include/dsv41/trace.hpp
 create mode 100644 native/include/dsv41/weights.hpp
 create mode 100644 native/metal/attention/batched_splitk_accum.metal
 create mode 100644 native/metal/attention/batched_splitk_qk.metal
 create mode 100644 native/metal/attention/gemv_header.metal
 create mode 100644 native/metal/attention/kv_quant.metal
 create mode 100644 native/metal/attention/packed_attention_worklist.metal
 create mode 100644 native/metal/attention/packed_chunk_attention.metal
 create mode 100644 native/metal/attention/ragged_tail_accum.metal
 create mode 100644 native/metal/attention/ragged_tail_av.metal
 create mode 100644 native/metal/attention/ragged_tail_qk.metal
 create mode 100644 native/metal/attention/ragged_width_one_qk.metal
 create mode 100644 native/metal/attention/steel_attention_header.metal
 create mode 100644 native/metal/attention/steel_gemm_header.metal
 create mode 100644 native/metal/attention/wide_chunk_attention.metal
 create mode 100644 native/metal/engram/activation_quant.metal
 create mode 100644 native/metal/engram/dequantize.metal
 create mode 100644 native/metal/engram/fp8_header.metal
 create mode 100644 native/metal/engram/projection.metal
 create mode 100644 native/metal/mhc/split_sinkhorn.metal
 create mode 100644 native/metal/moe/route_reduce.metal
 create mode 100644 native/metal/moe/route_select.metal
 create mode 100644 native/src/attention/batched_splitk_qk.hpp.in
 create mode 100644 native/src/attention/compressed_layer.cpp
 create mode 100644 native/src/attention/compressed_rope.cpp
 create mode 100644 native/src/attention/compressor.cpp
 create mode 100644 native/src/attention/index_key.cpp
 create mode 100644 native/src/attention/index_query.cpp
 create mode 100644 native/src/attention/kv_quant.cpp
 create mode 100644 native/src/attention/kv_quant.hpp.in
 create mode 100644 native/src/attention/packed_attention_worklist.hpp.in
 create mode 100644 native/src/attention/packed_chunk_attention.hpp.in
 create mode 100644 native/src/attention/ragged_tail_av.hpp.in
 create mode 100644 native/src/attention/ragged_tail_qk.hpp.in
 create mode 100644 native/src/attention/ragged_width_one_qk.hpp.in
 create mode 100644 native/src/attention/shared_attention.cpp
 create mode 100644 native/src/attention/swa_attention.cpp
 create mode 100644 native/src/attention/swa_layer.cpp
 create mode 100644 native/src/attention/swa_projection.cpp
 create mode 100644 native/src/attention/swa_state.cpp
 create mode 100644 native/src/attention/wide_chunk_attention.hpp.in
 create mode 100644 native/src/cache/global_kv.cpp
 create mode 100644 native/src/engram/index.cpp
 create mode 100644 native/src/engram/kernel_source.hpp.in
 create mode 100644 native/src/engram/layer.cpp
 create mode 100644 native/src/engram/layer_kernels.hpp.in
 create mode 100644 native/src/engram/mlx.cpp
 create mode 100644 native/src/engram/store.cpp
 create mode 100644 native/src/mhc/reference.cpp
 create mode 100644 native/src/mhc/split_sinkhorn.hpp.in
 create mode 100644 native/src/model/block.cpp
 create mode 100644 native/src/model/checkpoint_atlas.cpp
 create mode 100644 native/src/model/compressed_block.cpp
 create mode 100644 native/src/model/entry.cpp
 create mode 100644 native/src/model/linear.cpp
 create mode 100644 native/src/model/reused_block.cpp
 create mode 100644 native/src/model/sampling.cpp
 create mode 100644 native/src/model/text_backbone.cpp
 create mode 100644 native/src/model/text_decoder.cpp
 create mode 100644 native/src/model/text_encoder.cpp
 create mode 100644 native/src/model/text_front.cpp
 create mode 100644 native/src/model/text_generate.cpp
 create mode 100644 native/src/model/text_octet.cpp
 create mode 100644 native/src/model/text_pair.cpp
 create mode 100644 native/src/model/text_quad.cpp
 create mode 100644 native/src/model/text_triple.cpp
 create mode 100644 native/src/model/trace.cpp
 create mode 100644 native/src/model/weights.cpp
 create mode 100644 native/src/moe/expert_backing.cpp
 create mode 100644 native/src/moe/expert_bank.cpp
 create mode 100644 native/src/moe/grouped_expert_pipeline.cpp
 create mode 100644 native/src/moe/reference.cpp
 create mode 100644 native/src/moe/route_reduce.hpp.in
 create mode 100644 native/src/moe/route_select.hpp.in
 create mode 100644 native/src/runtime/bridge_executor.hpp
 create mode 100644 native/src/runtime/bridge_mlx.cpp
 create mode 100644 native/src/runtime/bridge_stub.cpp
 create mode 100644 native/src/runtime/residency.cpp
 create mode 100644 native/tests/attention/test_attention.cpp
 create mode 100644 native/tests/attention/test_block.cpp
 create mode 100644 native/tests/attention/test_generation_loop.cpp
 create mode 100644 native/tests/attention/test_producer_chunk.cpp
 create mode 100644 native/tests/attention/test_route_policy.cpp
 create mode 100644 native/tests/attention/test_sampling.cpp
 create mode 100644 native/tests/attention/test_swa.cpp
 create mode 100644 native/tests/attention/test_text_backbone.cpp
 create mode 100644 native/tests/attention/test_text_decoder.cpp
 create mode 100644 native/tests/attention/test_text_encoder.cpp
 create mode 100644 native/tests/attention/test_text_front.cpp
 create mode 100644 native/tests/attention/test_text_octet.cpp
 create mode 100644 native/tests/attention/test_text_pair.cpp
 create mode 100644 native/tests/attention/test_text_quad.cpp
 create mode 100644 native/tests/attention/test_text_triple.cpp
 create mode 100644 native/tests/engram/test_engram.cpp
 create mode 100644 native/tests/engram/test_runner.py
 create mode 100644 native/tests/qualification/full_checkpoint_smoke.cpp
 create mode 100644 native/tests/qualification/native_perf.cpp
 create mode 100644 native/tests/runtime/test_bridge.cpp
 create mode 100644 native/tests/runtime/test_execution_policy.cpp
 create mode 100644 native/tests/runtime/test_residency.cpp
 create mode 100644 native/third_party/nlohmann/json.hpp
 create mode 100644 pyproject.toml
 create mode 100644 reference/R1/checks/conftest.py
 create mode 100644 reference/R1/checks/test_engram_integer_state.py
 create mode 100644 reference/R1/checks/test_m11_tool_boundary_contract.py
 create mode 100644 reference/R1/checks/test_m14_termination_contract.py
 create mode 100644 reference/R1/checks/test_m29_mtp_lifecycle.py
 create mode 100644 reference/R1/checks/test_m34_cache_release.py
 create mode 100644 reference/R1/checks/test_m35_transport_lease.py
 create mode 100644 reference/R1/checks/test_m36_recovery_boundary.py
 create mode 100644 reference/R1/checks/test_m36r_recovery.py
 create mode 100644 reference/R1/checks/test_m37_local_client.py
 create mode 100644 reference/R1/checks/test_m38_client_faults.py
 create mode 100644 reference/R1/checks/test_m39_lifetime_admission.py
 create mode 100644 reference/R1/checks/test_m41_profile.py
 create mode 100644 reference/R1/checks/test_m8_continuation_contract.py
 create mode 100644 reference/R1/checks/test_prefill_fp8_mlx_p1_p2.py
 create mode 100644 reference/R1/checks/test_prefill_fp8_mlx_p5.py
 create mode 100644 reference/R1/checks/test_prefill_fp8_mlx_p6.py
 create mode 100644 reference/R1/checks/test_prefill_fp8_mlx_p7.py
 create mode 100644 reference/R1/checks/test_quiescence_negatives.py
 create mode 100644 reference/R1/checks/test_stateful_request_policy.py
 create mode 100644 reference/R1/checks/test_suffix_math_regressions.py
 create mode 100644 reference/R1/contract.json
 create mode 100644 reference/R1/environment.json
 create mode 100644 reference/R1/fixtures/engram-geometry.json
 create mode 100644 reference/R1/fixtures/preview.json
 create mode 100644 reference/R1/fixtures/protocol-expected.json
 create mode 100644 reference/R1/fixtures/protocol-inputs.json
 create mode 100644 reference/R1/fixtures/recovery-expected.json
 create mode 100644 reference/R1/manifest.json
 create mode 100644 reference/R1/mtp_model.py
 create mode 100644 reference/R1/off-source.tar.gz
 create mode 100644 reference/R1/off_model.py
 create mode 100644 reference/R1/preview.py
 create mode 100644 reference/R1/protocol.py
 create mode 100644 reference/R1/recovery.py
 create mode 100644 release/ds41f-release.json
 create mode 100644 release/inherited/M41.json
 create mode 100644 release/inherited/M42.json
 create mode 100644 release/promotion.json
 create mode 100644 release/runtime-surface.json
 create mode 100644 rust/ds41f_api/Cargo.toml
 create mode 100644 rust/ds41f_api/src/bin/m21_real_acceptance.rs
 create mode 100644 rust/ds41f_api/src/lib.rs
 create mode 100644 rust/ds41f_api/tests/boundary.rs
 create mode 100644 third_party/mtp/README.md
 create mode 100644 third_party/mtp/omlx-LICENSE
 create mode 100644 third_party/mtp/omlx-source.tar.gz
 create mode 100644 third_party/mtp/recipe-LICENSE
 create mode 100644 third_party/mtp/recipe-source.tar.gz
 create mode 100644 third_party/mtp/requirements.lock
 create mode 100644 third_party/mtp/sources.json
