[ 21%] Building CXX object CMakeFiles/dsv41-generation-loop-test.dir/tests/attention/test_generation_loop.cpp.o
[ 21%] Building CXX object CMakeFiles/dsv41_runtime_bridge.dir/src/runtime/bridge_stub.cpp.o
[ 21%] Building CXX object CMakeFiles/dsv41-execution-policy-test.dir/tests/runtime/test_execution_policy.cpp.o
[ 21%] Building CXX object CMakeFiles/dsv41_checkpoint.dir/src/model/checkpoint_atlas.cpp.o
[ 26%] Linking CXX static library libdsv41_runtime_bridge.a
[ 26%] Built target dsv41_runtime_bridge
[ 31%] Linking CXX executable dsv41-execution-policy-test
[ 36%] Building CXX object CMakeFiles/dsv41-bridge-lifecycle-test.dir/tests/runtime/test_bridge.cpp.o
[ 42%] Linking CXX executable dsv41-generation-loop-test
[ 42%] Built target dsv41-execution-policy-test
[ 42%] Built target dsv41-generation-loop-test
[ 47%] Linking CXX executable dsv41-bridge-lifecycle-test
[ 47%] Built target dsv41-bridge-lifecycle-test
[ 52%] Linking CXX static library libdsv41_checkpoint.a
[ 52%] Built target dsv41_checkpoint
[ 73%] Building CXX object CMakeFiles/dsv41_storage.dir/src/model/weights.cpp.o
[ 73%] Building CXX object CMakeFiles/dsv41_storage.dir/src/engram/index.cpp.o
[ 73%] Building CXX object CMakeFiles/dsv41_storage.dir/src/attention/swa_state.cpp.o
[ 73%] Building CXX object CMakeFiles/dsv41_storage.dir/src/engram/store.cpp.o
[ 78%] Linking CXX static library libdsv41_storage.a
[ 78%] Built target dsv41_storage
[ 89%] Building CXX object CMakeFiles/dsv41-test-engram.dir/tests/engram/test_engram.cpp.o
[ 89%] Building CXX object CMakeFiles/dsv41-test-swa.dir/tests/attention/test_swa.cpp.o
[ 94%] Linking CXX executable dsv41-test-swa
[ 94%] Built target dsv41-test-swa
[100%] Linking CXX executable dsv41-test-engram
[100%] Built target dsv41-test-engram
