Using Python 3.13.15 environment at: /private/tmp/ds41f-m32-qual
Resolved 73 packages in 351ms
Downloading mlx-vlm (1.5MiB)
Downloading pandas (9.6MiB)
Downloading pyarrow (34.2MiB)
 Downloaded mlx-vlm
 Downloaded pyarrow
 Downloaded pandas
Prepared 13 packages in 508ms
Uninstalled 1 package in 2ms
Installed 32 packages in 99ms
 + aiohappyeyeballs==2.7.1
 + aiohttp==3.14.3
 + aiosignal==1.4.0
 + cffi==2.1.1
 + charset-normalizer==3.5.2
 + datasets==5.0.1
 + dill==0.4.1
 + frozenlist==1.8.0
 - fsspec==2026.9.0
 + fsspec==2026.6.0
 + llguidance==1.9.1
 + miniaudio==1.71
 + mlx-audio==0.5.7
 + mlx-vlm==0.6.2
 + multidict==6.9.1
 + multiprocess==0.70.19
 + opencv-python==5.0.0.93
 + pandas==3.0.6
 + pillow==12.3.0
 + propcache==0.5.4
 + pyarrow==25.0.1
 + pycparser==3.0
 + pydantic-settings==2.15.0
 + python-dateutil==2.9.0.post0
 + python-dotenv==1.2.4
 + requests==2.34.2
 + scipy==1.18.1
 + six==1.17.0
 + sounddevice==0.5.6
 + urllib3==2.8.0
 + uvicorn==0.54.0
 + xxhash==4.0.1
 + yarl==1.25.1
