Using Python 3.13.15 environment at: /private/tmp/ds41f-m32-qual
Resolved 42 packages in 167ms
Downloading mlx-metal (64.5MiB)
 Downloaded mlx-metal
Prepared 3 packages in 528ms
Installed 40 packages in 107ms
 + annotated-doc==0.0.5
 + annotated-types==0.8.0
 + anyio==4.15.1
 + certifi==2026.7.22
 + click==8.5.0
 + fastapi==0.142.2
 + filelock==4.0.9
 + fsspec==2026.9.0
 + h11==0.16.0
 + hf-xet==1.6.0
 + httpcore==1.0.9
 + httpx==0.28.1
 + huggingface-hub==1.33.0
 + idna==3.20
 + jinja2==3.1.6
 + markdown-it-py==4.2.0
 + markupsafe==3.0.4
 + mdurl==0.1.2
 + mlx==0.32.3
 + mlx-lm==0.32.0
 + mlx-metal==0.32.3
 + numpy==2.5.3
 + opentelemetry-api==1.45.0
 + protobuf==7.36.2
 + psutil==7.2.2
 + pydantic==2.13.5
 + pydantic-core==2.46.5
 + pyyaml==6.0.3
 + regex==2026.9.29
 + rich==15.0.0
 + safetensors==0.8.0
 + sentencepiece==0.2.2
 + shellingham==1.5.4
 + starlette==1.7.0
 + tokenizers==0.23.2
 + tqdm==4.70.1
 + transformers==5.18.0
 + typer==0.27.2
 + typing-extensions==4.16.0
 + typing-inspection==0.4.4
