{
  "status": "PASS",
  "runs": [
    {
      "mode": "warmup_guarded",
      "tok_s": 43.565978281055976,
      "acceptance": 0.9519450800915332,
      "accepted_per_cycle": 4.425531914893617,
      "preview": {
        "calls": 96,
        "init_calls": 2,
        "calls_per_cycle": 1.0,
        "candidate_ids": 513,
        "median_ns": 17833,
        "p95_ns": 27333,
        "max_ns": 39958,
        "metadata": "one owned terminal, <=16 bounded diagnostic decisions; no terminal on this performance corpus"
      }
    },
    {
      "mode": "OFF",
      "tok_s": 19.258898616507484,
      "acceptance": null,
      "accepted_per_cycle": null,
      "preview": {
        "calls": 0,
        "init_calls": 0,
        "calls_per_cycle": null,
        "candidate_ids": 0,
        "median_ns": null,
        "p95_ns": null,
        "max_ns": null,
        "metadata": "one owned terminal, <=16 bounded diagnostic decisions; no terminal on this performance corpus"
      }
    },
    {
      "mode": "ON_no_guard",
      "tok_s": 43.44807993169466,
      "acceptance": 0.9519450800915332,
      "accepted_per_cycle": 4.425531914893617,
      "preview": {
        "calls": 0,
        "init_calls": 0,
        "calls_per_cycle": null,
        "candidate_ids": 0,
        "median_ns": null,
        "p95_ns": null,
        "max_ns": null,
        "metadata": "one owned terminal, <=16 bounded diagnostic decisions; no terminal on this performance corpus"
      }
    },
    {
      "mode": "ON_guarded",
      "tok_s": 43.5221069752394,
      "acceptance": 0.9519450800915332,
      "accepted_per_cycle": 4.425531914893617,
      "preview": {
        "calls": 96,
        "init_calls": 2,
        "calls_per_cycle": 1.0,
        "candidate_ids": 513,
        "median_ns": 13791,
        "p95_ns": 15500,
        "max_ns": 21500,
        "metadata": "one owned terminal, <=16 bounded diagnostic decisions; no terminal on this performance corpus"
      }
    }
  ]
}
{
  "status": "PASS",
  "runs": [
    {
      "mode": "warmup_guarded",
      "tok_s": 42.071284368049106,
      "acceptance": 0.9429223744292238,
      "accepted_per_cycle": 4.257731958762887,
      "preview": {
        "calls": 99,
        "init_calls": 2,
        "calls_per_cycle": 1.0,
        "candidate_ids": 513,
        "median_ns": 16792,
        "p95_ns": 22291,
        "max_ns": 39083,
        "metadata": "one owned terminal, <=16 bounded diagnostic decisions; no terminal on this performance corpus"
      }
    },
    {
      "mode": "OFF",
      "tok_s": 19.162422609246626,
      "acceptance": null,
      "accepted_per_cycle": null,
      "preview": {
        "calls": 0,
        "init_calls": 0,
        "calls_per_cycle": null,
        "candidate_ids": 0,
        "median_ns": null,
        "p95_ns": null,
        "max_ns": null,
        "metadata": "one owned terminal, <=16 bounded diagnostic decisions; no terminal on this performance corpus"
      }
    },
    {
      "mode": "ON_no_guard",
      "tok_s": 42.30839360835433,
      "acceptance": 0.9429223744292238,
      "accepted_per_cycle": 4.257731958762887,
      "preview": {
        "calls": 0,
        "init_calls": 0,
        "calls_per_cycle": null,
        "candidate_ids": 0,
        "median_ns": null,
        "p95_ns": null,
        "max_ns": null,
        "metadata": "one owned terminal, <=16 bounded diagnostic decisions; no terminal on this performance corpus"
      }
    },
    {
      "mode": "ON_guarded",
      "tok_s": 42.18715428759998,
      "acceptance": 0.9429223744292238,
      "accepted_per_cycle": 4.257731958762887,
      "preview": {
        "calls": 99,
        "init_calls": 2,
        "calls_per_cycle": 1.0,
        "candidate_ids": 513,
        "median_ns": 14500,
        "p95_ns": 16084,
        "max_ns": 18500,
        "metadata": "one owned terminal, <=16 bounded diagnostic decisions; no terminal on this performance corpus"
      }
    }
  ]
}
