   Compiling ds41f_api v0.23.0 (/Volumes/SDXC-512/ds41f-mlx/rust/ds41f_api)
    Finished `test` profile [unoptimized + debuginfo] target(s) in 0.72s
     Running unittests src/lib.rs (target/debug/deps/ds41f_api-4a32431b46d3f91a)

running 0 tests

test result: ok. 0 passed; 0 failed; 0 ignored; 0 measured; 0 filtered out; finished in 0.00s

     Running unittests src/bin/m21_real_acceptance.rs (target/debug/deps/m21_real_acceptance-4f5f73149c18c584)

running 0 tests

test result: ok. 0 passed; 0 failed; 0 ignored; 0 measured; 0 filtered out; finished in 0.00s

     Running tests/boundary.rs (target/debug/deps/boundary-64bb3f8f67dcda9f)

running 7 tests
test health_parses_readiness_without_owning_state ... ok
test stateful_session_paths_use_server_session_authority ... ok
test chunked_body_is_decoded_for_json_endpoints ... ok
test http_errors_propagate_without_fallback ... ok
test sse_stream_yields_events_and_drop_cancels_connection ... ok
test runtime_process_reports_forced_shutdown_fallback ... ok
test runtime_process_distinguishes_alive_from_model_ready_and_graceful_shutdown ... ok

test result: ok. 7 passed; 0 failed; 0 ignored; 0 measured; 0 filtered out; finished in 1.16s

   Doc-tests ds41f_api

running 0 tests

test result: ok. 0 passed; 0 failed; 0 ignored; 0 measured; 0 filtered out; finished in 0.00s

