{
  "schema": "ds41f.m50r.shared-bridge.v1",
  "identity_sha256": "9329cb3a6ea4248c9f9127f6615caa89176947dc38b9cddca1fed3dc1bb3316b",
  "device": "Device(gpu, 0)",
  "tool_sha256": "a2fffe85f3eb2e7412ff37cd3b367acb3089f974ebbc30ebddc5b5b9b0dc0bcf",
  "rows": [
    {
      "dtype": "uint8",
      "source_bytes": 64,
      "imported_snapshot_exact": true,
      "import_pointer_distinct": true,
      "export_owns_data": false,
      "export_base_type": "memoryview",
      "exports_share_pointer": true
    },
    {
      "dtype": "uint32",
      "source_bytes": 256,
      "imported_snapshot_exact": true,
      "import_pointer_distinct": true,
      "export_owns_data": false,
      "export_base_type": "memoryview",
      "exports_share_pointer": true
    },
    {
      "dtype": "int64",
      "source_bytes": 512,
      "imported_snapshot_exact": true,
      "import_pointer_distinct": true,
      "export_owns_data": false,
      "export_base_type": "memoryview",
      "exports_share_pointer": true
    },
    {
      "dtype": "float32",
      "source_bytes": 256,
      "imported_snapshot_exact": true,
      "import_pointer_distinct": true,
      "export_owns_data": false,
      "export_base_type": "memoryview",
      "exports_share_pointer": true
    }
  ],
  "status": "PASS",
  "limits": "small native buffers; pipeline allocations independently checked by Metal trace; no GPU DMA volume or copy-kernel timing inferred"
}
