{"context": 128, "interrupt": 1, "mode": "cancel", "status": "PASS", "needed": 0, "extra": 0}
{"context": 128, "interrupt": 2, "mode": "cancel", "status": "PASS", "needed": -1, "extra": 0}
{"context": 128, "interrupt": 3, "mode": "cancel", "status": "PASS", "needed": 4, "extra": 4}
{"context": 128, "interrupt": 4, "mode": "cancel", "status": "PASS", "needed": 3, "extra": 3}
{"context": 128, "interrupt": 5, "mode": "cancel", "status": "PASS", "needed": 2, "extra": 2}
{"context": 128, "interrupt": 6, "mode": "cancel", "status": "PASS", "needed": 1, "extra": 1}
{"context": 128, "interrupt": 7, "mode": "cancel", "status": "PASS", "needed": 0, "extra": 0}
{"context": 128, "interrupt": 8, "mode": "cancel", "status": "PASS", "needed": -1, "extra": 0}
{"context": 128, "interrupt": 9, "mode": "cancel", "status": "PASS", "needed": 2, "extra": 2}
{"context": 128, "interrupt": 10, "mode": "cancel", "status": "PASS", "needed": 1, "extra": 1}
{"context": 128, "interrupt": 12, "mode": "cancel", "status": "PASS", "needed": -1, "extra": 0}
{"context": 128, "interrupt": 16, "mode": "cancel", "status": "PASS", "needed": 1, "extra": 1}
{"context": 4096, "interrupt": 1, "mode": "cancel", "status": "PASS", "needed": 0, "extra": 0}
{"context": 4096, "interrupt": 2, "mode": "cancel", "status": "PASS", "needed": -1, "extra": 0}
{"context": 4096, "interrupt": 3, "mode": "cancel", "status": "PASS", "needed": 4, "extra": 4}
{"context": 4096, "interrupt": 4, "mode": "cancel", "status": "PASS", "needed": 3, "extra": 3}
{"context": 4096, "interrupt": 5, "mode": "cancel", "status": "PASS", "needed": 2, "extra": 2}
{"context": 4096, "interrupt": 6, "mode": "cancel", "status": "PASS", "needed": 1, "extra": 1}
{"context": 4096, "interrupt": 7, "mode": "cancel", "status": "PASS", "needed": 0, "extra": 0}
{"context": 4096, "interrupt": 8, "mode": "cancel", "status": "PASS", "needed": -1, "extra": 0}
{"context": 4096, "interrupt": 9, "mode": "cancel", "status": "PASS", "needed": 3, "extra": 3}
{"context": 4096, "interrupt": 10, "mode": "cancel", "status": "PASS", "needed": 2, "extra": 2}
{"context": 4096, "interrupt": 12, "mode": "cancel", "status": "PASS", "needed": 0, "extra": 0}
{"context": 4096, "interrupt": 16, "mode": "cancel", "status": "PASS", "needed": 1, "extra": 1}
{"context": 65536, "interrupt": 1, "mode": "cancel", "status": "PASS", "needed": 0, "extra": 0}
{"context": 65536, "interrupt": 2, "mode": "cancel", "status": "PASS", "needed": -1, "extra": 0}
{"context": 65536, "interrupt": 3, "mode": "cancel", "status": "PASS", "needed": 4, "extra": 4}
{"context": 65536, "interrupt": 5, "mode": "cancel", "status": "PASS", "needed": 2, "extra": 2}
{"context": 65536, "interrupt": 7, "mode": "cancel", "status": "PASS", "needed": 0, "extra": 0}
{"context": 65536, "interrupt": 8, "mode": "cancel", "status": "PASS", "needed": -1, "extra": 0}
{"context": 128, "interrupt": 1, "mode": "length", "status": "PASS", "needed": 0, "extra": 0}
{"context": 128, "interrupt": 2, "mode": "length", "status": "PASS", "needed": -1, "extra": 0}
{"context": 128, "interrupt": 3, "mode": "length", "status": "PASS", "needed": -1, "extra": 0}
{"context": 128, "interrupt": 7, "mode": "length", "status": "PASS", "needed": -1, "extra": 0}
{"context": 128, "interrupt": 16, "mode": "length", "status": "PASS", "needed": -1, "extra": 0}
{"context": 128, "interrupt": 8, "mode": "stop_seed", "status": "PASS", "needed": -1, "extra": 0}
{"context": 128, "interrupt": 32, "mode": "stop", "status": "PASS", "needed": 0, "extra": 0}
{"context": 128, "interrupt": 32, "mode": "stop", "status": "PASS", "needed": -1, "extra": 0}
{"context": 128, "interrupt": 32, "mode": "stop", "status": "PASS", "needed": -1, "extra": 0}
{"context": 128, "interrupt": 32, "mode": "stop_sequence", "status": "PASS", "needed": -1, "extra": 0}
