test_base_policy_unchanged (test_m25_mtp_boundary.MTPBoundaryTests.test_base_policy_unchanged) ... ok
test_idle_requires_all40_committed_offsets (test_m25_mtp_boundary.MTPBoundaryTests.test_idle_requires_all40_committed_offsets) ... ok
test_mtp_save_restore_rejected_before_io (test_m25_mtp_boundary.MTPBoundaryTests.test_mtp_save_restore_rejected_before_io) ... ok
test_facade_defaults_to_dense_p0_p7_and_not_legacy_one_chunk (test_m7_production_selector.ProductionSelectorTests.test_facade_defaults_to_dense_p0_p7_and_not_legacy_one_chunk) ... ok
test_p7_engram_fallback_uses_m6_logical_match_definition (test_m7_production_selector.ProductionSelectorTests.test_p7_engram_fallback_uses_m6_logical_match_definition) ... ok
test_tile_native_rejected_candidate_fails_closed (test_m7_production_selector.ProductionSelectorTests.test_tile_native_rejected_candidate_fails_closed) ... ok
test_trace_retention_is_bounded_deque (test_m7_production_selector.ProductionSelectorTests.test_trace_retention_is_bounded_deque) ... ok
test_allocation_lifetime_and_transient_views_retire (test_prefill_fp8_mlx_p1_p2.PrefillFP8MLXP1P2Tests.test_allocation_lifetime_and_transient_views_retire) ... ok
test_arena_ownership_aliases_and_transaction_follow_plan (test_prefill_fp8_mlx_p1_p2.PrefillFP8MLXP1P2Tests.test_arena_ownership_aliases_and_transaction_follow_plan) ... ok
test_arena_records_suffix_views_without_full_cache_materialization (test_prefill_fp8_mlx_p1_p2.PrefillFP8MLXP1P2Tests.test_arena_records_suffix_views_without_full_cache_materialization) ... ok
test_base_frontier_absolute_start_reaches_layer (test_prefill_fp8_mlx_p1_p2.PrefillFP8MLXP1P2Tests.test_base_frontier_absolute_start_reaches_layer) ... ok
test_block_runner_is_command_driven_and_receives_offsets (test_prefill_fp8_mlx_p1_p2.PrefillFP8MLXP1P2Tests.test_block_runner_is_command_driven_and_receives_offsets) ... ok
test_block_runner_preserves_two_chunk_row_span_publication (test_prefill_fp8_mlx_p1_p2.PrefillFP8MLXP1P2Tests.test_block_runner_preserves_two_chunk_row_span_publication) ... ok
test_carry_writes_preserve_multiple_chunks_and_fail_closed (test_prefill_fp8_mlx_p1_p2.PrefillFP8MLXP1P2Tests.test_carry_writes_preserve_multiple_chunks_and_fail_closed) ... ok
test_connected_publication_and_serving_logits_policy_preserve_commit (test_prefill_fp8_mlx_p1_p2.PrefillFP8MLXP1P2Tests.test_connected_publication_and_serving_logits_policy_preserve_commit) ... ok
test_decoder_prepare_has_effect_and_suffix_cone_is_exact (test_prefill_fp8_mlx_p1_p2.PrefillFP8MLXP1P2Tests.test_decoder_prepare_has_effect_and_suffix_cone_is_exact) ... ok
test_encoder_only_plan_stops_invalid_after_encoder (test_prefill_fp8_mlx_p1_p2.PrefillFP8MLXP1P2Tests.test_encoder_only_plan_stops_invalid_after_encoder) ... ok
test_executor_setup_rejects_bad_frontier_and_token_count (test_prefill_fp8_mlx_p1_p2.PrefillFP8MLXP1P2Tests.test_executor_setup_rejects_bad_frontier_and_token_count) ... ok
test_import_does_not_load_forbidden_reference_modules (test_prefill_fp8_mlx_p1_p2.PrefillFP8MLXP1P2Tests.test_import_does_not_load_forbidden_reference_modules) ... ok
test_live_continuation_derives_frontier_reuses_cache_and_hash_history (test_prefill_fp8_mlx_p1_p2.PrefillFP8MLXP1P2Tests.test_live_continuation_derives_frontier_reuses_cache_and_hash_history) ... ok
test_malformed_per_layer_command_topology_fails_closed (test_prefill_fp8_mlx_p1_p2.PrefillFP8MLXP1P2Tests.test_malformed_per_layer_command_topology_fails_closed) ... ok
test_missing_or_wrong_engram_topology_fails_closed (test_prefill_fp8_mlx_p1_p2.PrefillFP8MLXP1P2Tests.test_missing_or_wrong_engram_topology_fails_closed) ... ok
test_model_derived_publication_topology_and_mismatch (test_prefill_fp8_mlx_p1_p2.PrefillFP8MLXP1P2Tests.test_model_derived_publication_topology_and_mismatch) ... ok
test_no_independent_whole_model_layer_loop_or_intermediate_export (test_prefill_fp8_mlx_p1_p2.PrefillFP8MLXP1P2Tests.test_no_independent_whole_model_layer_loop_or_intermediate_export) ... ok
test_publication_visibility_and_failure_are_transaction_local (test_prefill_fp8_mlx_p1_p2.PrefillFP8MLXP1P2Tests.test_publication_visibility_and_failure_are_transaction_local) ... ok
test_resume_is_explicitly_unavailable_until_p6 (test_prefill_fp8_mlx_p1_p2.PrefillFP8MLXP1P2Tests.test_resume_is_explicitly_unavailable_until_p6) ... ok
test_semantic_boundaries_do_not_imply_mlx_materialization (test_prefill_fp8_mlx_p1_p2.PrefillFP8MLXP1P2Tests.test_semantic_boundaries_do_not_imply_mlx_materialization) ... ok
test_short_non_wide_sweep_is_strictly_known (test_prefill_fp8_mlx_p1_p2.PrefillFP8MLXP1P2Tests.test_short_non_wide_sweep_is_strictly_known) ... ok
test_strict_plan_rejects_unknown_command_or_phase (test_prefill_fp8_mlx_p1_p2.PrefillFP8MLXP1P2Tests.test_strict_plan_rejects_unknown_command_or_phase) ... ok
test_suffix_encode_without_prepare_fails (test_prefill_fp8_mlx_p1_p2.PrefillFP8MLXP1P2Tests.test_suffix_encode_without_prepare_fails) ... ok
test_two_chunk_row_span_idx_and_candidates_publication (test_prefill_fp8_mlx_p1_p2.PrefillFP8MLXP1P2Tests.test_two_chunk_row_span_idx_and_candidates_publication) ... ok
test_v41_topology_mismatch_fails_closed (test_prefill_fp8_mlx_p1_p2.PrefillFP8MLXP1P2Tests.test_v41_topology_mismatch_fails_closed) ... ok
test_wide_decoder_suffix_sweep_is_strictly_known (test_prefill_fp8_mlx_p1_p2.PrefillFP8MLXP1P2Tests.test_wide_decoder_suffix_sweep_is_strictly_known) ... ok
test_working_cache_frontier_and_engram_history_progress (test_prefill_fp8_mlx_p1_p2.PrefillFP8MLXP1P2Tests.test_working_cache_frontier_and_engram_history_progress) ... ok
test_complete_history_not_last_arena_tokens (test_prefill_fp8_mlx_p5.P5HandoffTests.test_complete_history_not_last_arena_tokens) ... ok
test_divergent_frontier_fails (test_prefill_fp8_mlx_p5.P5HandoffTests.test_divergent_frontier_fails) ... ok
test_export_and_repack_fail (test_prefill_fp8_mlx_p5.P5HandoffTests.test_export_and_repack_fail) ... ok
test_failed_bootstrap_burns_result (test_prefill_fp8_mlx_p5.P5HandoffTests.test_failed_bootstrap_burns_result) ... ok
test_missing_engram_history_fails (test_prefill_fp8_mlx_p5.P5HandoffTests.test_missing_engram_history_fails) ... ok
test_p5_cli_is_bounded (test_prefill_fp8_mlx_p5.P5HandoffTests.test_p5_cli_is_bounded) ... ok
test_pending_publication_fails (test_prefill_fp8_mlx_p5.P5HandoffTests.test_pending_publication_fails) ... ok
test_prefix_length_mismatch_fails (test_prefill_fp8_mlx_p5.P5HandoffTests.test_prefix_length_mismatch_fails) ... ok
test_prefix_logits_must_be_suppressed (test_prefill_fp8_mlx_p5.P5HandoffTests.test_prefix_logits_must_be_suppressed) ... ok
test_real_2048_p5_smoke_evidence (test_prefill_fp8_mlx_p5.P5HandoffTests.test_real_2048_p5_smoke_evidence) ... ok
test_real_8192_suffix_p5_smoke_evidence (test_prefill_fp8_mlx_p5.P5HandoffTests.test_real_8192_suffix_p5_smoke_evidence) ... ok
test_real_session_start_is_once_even_if_bootstrap_fails (test_prefill_fp8_mlx_p5.P5HandoffTests.test_real_session_start_is_once_even_if_bootstrap_fails) ... ok
test_real_session_successful_start_seed_and_once (test_prefill_fp8_mlx_p5.P5HandoffTests.test_real_session_successful_start_seed_and_once) ... ok
test_replay_during_bootstrap_fails_closed (test_prefill_fp8_mlx_p5.P5HandoffTests.test_replay_during_bootstrap_fails_closed) ... ok
test_same_cache_terminal_once_zero_replay_and_revoked_authority (test_prefill_fp8_mlx_p5.P5HandoffTests.test_same_cache_terminal_once_zero_replay_and_revoked_authority) ... ok
test_source_and_window_structure_fail_closed (test_prefill_fp8_mlx_p5.P5HandoffTests.test_source_and_window_structure_fail_closed) ... ok
test_uncommitted_or_failed_transactions_fail (test_prefill_fp8_mlx_p5.P5HandoffTests.test_uncommitted_or_failed_transactions_fail) ... ok
test_continue_from_commit_rejects_invalid_prior_authority (test_prefill_fp8_mlx_p6.P6DeferredAppendStructuralTests.test_continue_from_commit_rejects_invalid_prior_authority) ... ok
test_continue_from_sealed_commit_transfers_pending_ownership (test_prefill_fp8_mlx_p6.P6DeferredAppendStructuralTests.test_continue_from_sealed_commit_transfers_pending_ownership) ... ok
test_decoder_cone_bounded_before_and_through_all_swaps (test_prefill_fp8_mlx_p6.P6DeferredAppendStructuralTests.test_decoder_cone_bounded_before_and_through_all_swaps) ... ok
test_failed_append_rebuilds_with_fresh_cache_not_rewind (test_prefill_fp8_mlx_p6.P6DeferredAppendStructuralTests.test_failed_append_rebuilds_with_fresh_cache_not_rewind) ... ok
test_failed_final_seal_marks_cache_inadmissible (test_prefill_fp8_mlx_p6.P6DeferredAppendStructuralTests.test_failed_final_seal_marks_cache_inadmissible) ... ok
test_fake_p6_execution_uses_explicit_tensor_adapter (test_prefill_fp8_mlx_p6.P6DeferredAppendStructuralTests.test_fake_p6_execution_uses_explicit_tensor_adapter) ... ok
test_final_decoder_cone_is_bounded_and_not_full_parent_view (test_prefill_fp8_mlx_p6.P6DeferredAppendStructuralTests.test_final_decoder_cone_is_bounded_and_not_full_parent_view) ... ok
test_final_seal_all40_only_after_readiness_and_stale_admission_fenced (test_prefill_fp8_mlx_p6.P6DeferredAppendStructuralTests.test_final_seal_all40_only_after_readiness_and_stale_admission_fenced) ... ok
test_generation_p6_fence_precedes_frontier_mismatch_in_source (test_prefill_fp8_mlx_p6.P6DeferredAppendStructuralTests.test_generation_p6_fence_precedes_frontier_mismatch_in_source) ... ok
test_matched_geometry_non_deferred_control_uses_same_counts (test_prefill_fp8_mlx_p6.P6DeferredAppendStructuralTests.test_matched_geometry_non_deferred_control_uses_same_counts) ... ok
test_p5_accepts_real_p6_commit_without_fake_sweep_metadata (test_prefill_fp8_mlx_p6.P6DeferredAppendStructuralTests.test_p5_accepts_real_p6_commit_without_fake_sweep_metadata) ... ok
test_p6_commit_uses_full_p5_cache_structure_validation (test_prefill_fp8_mlx_p6.P6DeferredAppendStructuralTests.test_p6_commit_uses_full_p5_cache_structure_validation) ... ok
test_p6_smoke_zero_decoder_uses_runner_records_not_model_calls (test_prefill_fp8_mlx_p6.P6DeferredAppendStructuralTests.test_p6_smoke_zero_decoder_uses_runner_records_not_model_calls) ... ok
test_pinned_geometry_fixtures (test_prefill_fp8_mlx_p6.P6DeferredAppendStructuralTests.test_pinned_geometry_fixtures) ... ok
test_private_engram_history_feeds_second_segment_and_not_public_slot6 (test_prefill_fp8_mlx_p6.P6DeferredAppendStructuralTests.test_private_engram_history_feeds_second_segment_and_not_public_slot6) ... ok
test_real_copy_fail_closed_but_fake_adapter_is_explicit (test_prefill_fp8_mlx_p6.P6DeferredAppendStructuralTests.test_real_copy_fail_closed_but_fake_adapter_is_explicit) ... ok
test_small_ordinary_only_append_seals_without_compact_cone (test_prefill_fp8_mlx_p6.P6DeferredAppendStructuralTests.test_small_ordinary_only_append_seals_without_compact_cone) ... ok
test_source_boundary_eval_and_failure_are_real_boundaries (test_prefill_fp8_mlx_p6.P6DeferredAppendStructuralTests.test_source_boundary_eval_and_failure_are_real_boundaries) ... ok
test_source_only_zero_decoder_work_public_slot_frozen_and_once_per_range (test_prefill_fp8_mlx_p6.P6DeferredAppendStructuralTests.test_source_only_zero_decoder_work_public_slot_frozen_and_once_per_range) ... ok
test_stale_runners_revoked_and_historical_records_lightweight (test_prefill_fp8_mlx_p6.P6DeferredAppendStructuralTests.test_stale_runners_revoked_and_historical_records_lightweight) ... ok
test_8192_and_16384_microtarget_ordering (test_prefill_fp8_mlx_p7.P7SchedulingTests.test_8192_and_16384_microtarget_ordering) ... ok
test_admission_full_resident_ssd_engram_only (test_prefill_fp8_mlx_p7.P7SchedulingTests.test_admission_full_resident_ssd_engram_only) ... ok
test_chunk_exact_prefetch_pipeline_materialization_and_tensor_free_telemetry (test_prefill_fp8_mlx_p7.P7SchedulingTests.test_chunk_exact_prefetch_pipeline_materialization_and_tensor_free_telemetry) ... ok
test_p6_custom_segments_emit_authority_prefetch_positions (test_prefill_fp8_mlx_p7.P7SchedulingTests.test_p6_custom_segments_emit_authority_prefetch_positions) ... ok
test_real_pinned_omlx_donor_exact_match_and_mismatch (test_prefill_fp8_mlx_p7.P7SchedulingTests.test_real_pinned_omlx_donor_exact_match_and_mismatch) ... ok
test_revoke_drains_and_stale_cannot_submit_model_donor_not_closed (test_prefill_fp8_mlx_p7.P7SchedulingTests.test_revoke_drains_and_stale_cannot_submit_model_donor_not_closed) ... ok
test_source_only_close_drains_and_next_segment_reuses_model_donor (test_prefill_fp8_mlx_p7.P7SchedulingTests.test_source_only_close_drains_and_next_segment_reuses_model_donor) ... ok
test_cold_warm_harness_deterministic_tokens_and_fresh_cache_contract (test_prefill_fp8_mlx_p8.P8OptimizerTests.test_cold_warm_harness_deterministic_tokens_and_fresh_cache_contract) ... ok
test_instrumentation_disabled_by_default (test_prefill_fp8_mlx_p8.P8OptimizerTests.test_instrumentation_disabled_by_default) ... ok
test_nested_timing_metadata (test_prefill_fp8_mlx_p8.P8OptimizerTests.test_nested_timing_metadata) ... ok
test_shape_signature_collapsing_and_tensor_free (test_prefill_fp8_mlx_p8.P8OptimizerTests.test_shape_signature_collapsing_and_tensor_free) ... ok
test_upstream_staircase_bundle_metadata_retains_no_tensors (test_prefill_fp8_mlx_p8.P8OptimizerTests.test_upstream_staircase_bundle_metadata_retains_no_tensors) ... ok
test_upstream_staircase_cut_matching_and_default_off (test_prefill_fp8_mlx_p8.P8OptimizerTests.test_upstream_staircase_cut_matching_and_default_off) ... ok
test_verifier_accounting_direct_record (test_prefill_fp8_mlx_p8.P8OptimizerTests.test_verifier_accounting_direct_record) ... ok
test_verifier_wrapper_does_not_change_result (test_prefill_fp8_mlx_p8.P8OptimizerTests.test_verifier_wrapper_does_not_change_result) ... ok
test_detach_substep_telemetry_does_not_change_execution (test_prefill_fp8_mlx_p8_evidence.P8EvidenceTelemetryTests.test_detach_substep_telemetry_does_not_change_execution) ... ok
test_diagnostic_barriers_default_off_and_no_extra_eval (test_prefill_fp8_mlx_p8_evidence.P8EvidenceTelemetryTests.test_diagnostic_barriers_default_off_and_no_extra_eval) ... ok
test_lineage_records_retain_no_tensors_and_write_chain_accounting (test_prefill_fp8_mlx_p8_evidence.P8EvidenceTelemetryTests.test_lineage_records_retain_no_tensors_and_write_chain_accounting) ... ok
test_admission_requires_p6_source_lifecycle (test_prefill_fp8_mlx_p8_tile_carry.TileCarryTests.test_admission_requires_p6_source_lifecycle) ... ok
test_default_switch_off (test_prefill_fp8_mlx_p8_tile_carry.TileCarryTests.test_default_switch_off) ... ok
test_final_cone_same_tile_and_cross_tile (test_prefill_fp8_mlx_p8_tile_carry.TileCarryTests.test_final_cone_same_tile_and_cross_tile) ... ok
test_gap_overlap_rejected_at_assembly (test_prefill_fp8_mlx_p8_tile_carry.TileCarryTests.test_gap_overlap_rejected_at_assembly) ... ok
test_missing_tile_fail_closed (test_prefill_fp8_mlx_p8_tile_carry.TileCarryTests.test_missing_tile_fail_closed) ... ok
test_ordered_full_source_assembly_and_single_tile_noop (test_prefill_fp8_mlx_p8_tile_carry.TileCarryTests.test_ordered_full_source_assembly_and_single_tile_noop) ... ok
test_retire_releases_tile_parents (test_prefill_fp8_mlx_p8_tile_carry.TileCarryTests.test_retire_releases_tile_parents) ... ok
test_two_tile_transport_and_logical_swap (test_prefill_fp8_mlx_p8_tile_carry.TileCarryTests.test_two_tile_transport_and_logical_swap) ... ok
test_environment_overrides_machine_specific_paths (test_runtime_config.RuntimeConfigTests.test_environment_overrides_machine_specific_paths) ... ok
test_validation_fails_missing_required_paths_without_fallback (test_runtime_config.RuntimeConfigTests.test_validation_fails_missing_required_paths_without_fallback) ... ok
test_stateful_stop_policy_allows_absent_null_and_empty_defaults (test_stateful_request_policy.StatefulRequestPolicyTests.test_stateful_stop_policy_allows_absent_null_and_empty_defaults) ... ok
test_stateful_stop_policy_rejects_string_and_list_before_mutation (test_stateful_request_policy.StatefulRequestPolicyTests.test_stateful_stop_policy_rejects_string_and_list_before_mutation) ... ok
test_no_ordinary_block_fallback (test_suffix_math_regressions.SuffixMathRegressions.test_no_ordinary_block_fallback) ... ok
test_producer_private_source_until_planner_frontier (test_suffix_math_regressions.SuffixMathRegressions.test_producer_private_source_until_planner_frontier) ... ok
test_refresh_requires_index_k_not_previous_idx (test_suffix_math_regressions.SuffixMathRegressions.test_refresh_requires_index_k_not_previous_idx) ... ok
test_smoke_cli_is_bounded_and_no_timing (test_suffix_math_regressions.SuffixMathRegressions.test_smoke_cli_is_bounded_and_no_timing) ... ok
test_source_generation_once_and_queries_never_regenerate_source (test_suffix_math_regressions.SuffixMathRegressions.test_source_generation_once_and_queries_never_regenerate_source) ... ok
test_stale_window_replaced_and_first_query_has_127_preceding_rows (test_suffix_math_regressions.SuffixMathRegressions.test_stale_window_replaced_and_first_query_has_127_preceding_rows) ... ok
test_three_live_wide_sweeps_all_40_frontiers (test_suffix_math_regressions.SuffixMathRegressions.test_three_live_wide_sweeps_all_40_frontiers) ... ok

----------------------------------------------------------------------
Ran 108 tests in 2.541s

OK
