{"context": 2048, "interrupt": 3, "mode": "cancel", "status": "PASS", "needed": -1, "extra": 0}
{"context": 2048, "interrupt": 4, "mode": "cancel", "status": "PASS", "needed": -1, "extra": 0}
{"context": 2048, "interrupt": 5, "mode": "cancel", "status": "PASS", "needed": -1, "extra": 0}
{"context": 2048, "interrupt": 6, "mode": "cancel", "status": "PASS", "needed": -1, "extra": 0}
{"context": 2048, "interrupt": 7, "mode": "cancel", "status": "PASS", "needed": -1, "extra": 0}
{"context": 2048, "interrupt": 8, "mode": "cancel", "status": "PASS", "needed": -1, "extra": 0}
{"context": 2048, "interrupt": 9, "mode": "cancel", "status": "PASS", "needed": -1, "extra": 0}
{"context": 2048, "interrupt": 10, "mode": "cancel", "status": "PASS", "needed": -1, "extra": 0}
{"context": 2048, "interrupt": 12, "mode": "cancel", "status": "PASS", "needed": -1, "extra": 0}
{"context": 2048, "interrupt": 16, "mode": "cancel", "status": "PASS", "needed": -1, "extra": 0}
{"context": 2048, "interrupt": 24, "mode": "cancel", "status": "PASS", "needed": 0, "extra": 0}
{"context": 2048, "interrupt": 32, "mode": "cancel", "status": "PASS", "needed": -1, "extra": 0}
{"context": 2048, "interrupt": 1, "mode": "length", "status": "PASS", "needed": 0, "extra": 0}
{"context": 2048, "interrupt": 2, "mode": "length", "status": "PASS", "needed": -1, "extra": 0}
{"context": 2048, "interrupt": 3, "mode": "length", "status": "PASS", "needed": -1, "extra": 0}
{"context": 2048, "interrupt": 7, "mode": "length", "status": "PASS", "needed": -1, "extra": 0}
{"context": 2048, "interrupt": 16, "mode": "length", "status": "PASS", "needed": -1, "extra": 0}
{"context": 2048, "interrupt": 8, "mode": "stop_seed", "status": "PASS", "needed": -1, "extra": 0}
{"context": 2048, "interrupt": 32, "mode": "stop", "status": "PASS", "needed": 0, "extra": 0}
{"context": 2048, "interrupt": 32, "mode": "stop", "status": "PASS", "needed": -1, "extra": 0}
{"context": 2048, "interrupt": 32, "mode": "stop", "status": "PASS", "needed": -1, "extra": 0}
{"context": 2048, "interrupt": 32, "mode": "stop_sequence", "status": "PASS", "needed": -1, "extra": 0}
