Traceback (most recent call last):
  File "/Volumes/SDXC-512/ds41f-mlx/tools/run_m35_http_qualification.py", line 229, in <module>
    if __name__=='__main__': asyncio.run(main())
                             ~~~~~~~~~~~^^^^^^^^
  File "/opt/homebrew/Cellar/python@3.13/3.13.15/Frameworks/Python.framework/Versions/3.13/lib/python3.13/asyncio/runners.py", line 196, in run
    return runner.run(main)
           ~~~~~~~~~~^^^^^^
  File "/opt/homebrew/Cellar/python@3.13/3.13.15/Frameworks/Python.framework/Versions/3.13/lib/python3.13/asyncio/runners.py", line 119, in run
    return self._loop.run_until_complete(task)
           ~~~~~~~~~~~~~~~~~~~~~~~~~~~~~^^^^^^
  File "/opt/homebrew/Cellar/python@3.13/3.13.15/Frameworks/Python.framework/Versions/3.13/lib/python3.13/asyncio/base_events.py", line 726, in run_until_complete
    return future.result()
           ~~~~~~~~~~~~~^^
  File "/Volumes/SDXC-512/ds41f-mlx/tools/run_m35_http_qualification.py", line 154, in main
    msg=await run_case('nonstream','ordinary',b,stream=False)
        ^^^^^^^^^^^^^^^^^^^^^^^^^^^^^^^^^^^^^^^^^^^^^^^^^^^^^
  File "/Volumes/SDXC-512/ds41f-mlx/tools/run_m35_http_qualification.py", line 109, in run_case
    assert status==200,out
           ^^^^^^^^^^^
AssertionError: {'error': {'message': 'unknown queue topology: target-history=0, queue=0', 'type': 'invalid_request_error', 'param': None, 'code': 'invalid_request_error'}}
