Traceback (most recent call last):
  File "/Volumes/SDXC-512/ds41f-mlx/tools/run_m35_http_qualification.py", line 210, in <module>
    if __name__=='__main__': asyncio.run(main())
                             ~~~~~~~~~~~^^^^^^^^
  File "/opt/homebrew/Cellar/python@3.13/3.13.15/Frameworks/Python.framework/Versions/3.13/lib/python3.13/asyncio/runners.py", line 196, in run
    return runner.run(main)
           ~~~~~~~~~~^^^^^^
  File "/opt/homebrew/Cellar/python@3.13/3.13.15/Frameworks/Python.framework/Versions/3.13/lib/python3.13/asyncio/runners.py", line 119, in run
    return self._loop.run_until_complete(task)
           ~~~~~~~~~~~~~~~~~~~~~~~~~~~~~^^^^^^
  File "/opt/homebrew/Cellar/python@3.13/3.13.15/Frameworks/Python.framework/Versions/3.13/lib/python3.13/asyncio/base_events.py", line 726, in run_until_complete
    return future.result()
           ~~~~~~~~~~~~~^^
  File "/Volumes/SDXC-512/ds41f-mlx/tools/run_m35_http_qualification.py", line 149, in main
    await create('ordinary')
  File "/Volumes/SDXC-512/ds41f-mlx/tools/run_m35_http_qualification.py", line 145, in create
    status,rec=await call('POST','/v1/sessions',{'id':sid});assert status==200,rec
               ^^^^^^^^^^^^^^^^^^^^^^^^^^^^^^^^^^^^^^^^^^^^
  File "/Volumes/SDXC-512/ds41f-mlx/tools/run_m35_http_qualification.py", line 87, in call
    async def call(*a): return await asyncio.to_thread(http,*a)
                               ^^^^^^^^^^^^^^^^^^^^^^^^^^^^^^^^
  File "/opt/homebrew/Cellar/python@3.13/3.13.15/Frameworks/Python.framework/Versions/3.13/lib/python3.13/asyncio/threads.py", line 26, in to_thread
    return await loop.run_in_executor(None, func_call)
           ^^^^^^^^^^^^^^^^^^^^^^^^^^^^^^^^^^^^^^^^^^^
  File "/opt/homebrew/Cellar/python@3.13/3.13.15/Frameworks/Python.framework/Versions/3.13/lib/python3.13/concurrent/futures/thread.py", line 59, in run
    result = self.fn(*self.args, **self.kwargs)
  File "/Volumes/SDXC-512/ds41f-mlx/tools/run_m35_http_qualification.py", line 59, in http
    c=http.client.HTTPConnection('127.0.0.1',port,timeout=1200)
      ^^^^^^^^^^^
AttributeError: 'function' object has no attribute 'client'
