{
  "decision": "HTTP_SSE_QUALIFIED_BOUNDED_INTERNAL_SINGLETON",
  "total_http_turns": 18,
  "returned_responses": 1359,
  "counters": {
    "replay": 0,
    "repack": 0,
    "verify": 870,
    "proposal": 888,
    "fresh_target_allocations": 11
  },
  "direct_same_request_control": {
    "responses": 490,
    "model_phase_tok_s": 24.42861844306822,
    "http_model_phase_ratio": 1.00039806280314,
    "direct_elapsed_s": 20.416015291993972,
    "http_elapsed_s": 20.49445504200412,
    "identical_tokens": true
  }
}
